Component: ARM Compiler 5.06 update 6 (build 750) Tool: armlink [4d35ed]

==============================================================================

Section Cross References

    startup_stm32g431xx.o(STACK) refers (Special) to heapauxi.o(.text) for __use_two_region_memory
    startup_stm32g431xx.o(HEAP) refers (Special) to heapauxi.o(.text) for __use_two_region_memory
    startup_stm32g431xx.o(RESET) refers (Special) to heapauxi.o(.text) for __use_two_region_memory
    startup_stm32g431xx.o(RESET) refers to startup_stm32g431xx.o(STACK) for __initial_sp
    startup_stm32g431xx.o(RESET) refers to startup_stm32g431xx.o(.text) for Reset_Handler
    startup_stm32g431xx.o(RESET) refers to stm32g4xx_it.o(i.NMI_Handler) for NMI_Handler
    startup_stm32g431xx.o(RESET) refers to stm32g4xx_it.o(i.HardFault_Handler) for HardFault_Handler
    startup_stm32g431xx.o(RESET) refers to stm32g4xx_it.o(i.MemManage_Handler) for MemManage_Handler
    startup_stm32g431xx.o(RESET) refers to stm32g4xx_it.o(i.BusFault_Handler) for BusFault_Handler
    startup_stm32g431xx.o(RESET) refers to stm32g4xx_it.o(i.UsageFault_Handler) for UsageFault_Handler
    startup_stm32g431xx.o(RESET) refers to stm32g4xx_it.o(i.SVC_Handler) for SVC_Handler
    startup_stm32g431xx.o(RESET) refers to stm32g4xx_it.o(i.DebugMon_Handler) for DebugMon_Handler
    startup_stm32g431xx.o(RESET) refers to stm32g4xx_it.o(i.PendSV_Handler) for PendSV_Handler
    startup_stm32g431xx.o(RESET) refers to stm32g4xx_it.o(i.SysTick_Handler) for SysTick_Handler
    startup_stm32g431xx.o(RESET) refers to stm32g4xx_it.o(i.DMA1_Channel1_IRQHandler) for DMA1_Channel1_IRQHandler
    startup_stm32g431xx.o(RESET) refers to stm32g4xx_it.o(i.DMA1_Channel2_IRQHandler) for DMA1_Channel2_IRQHandler
    startup_stm32g431xx.o(RESET) refers to stm32g4xx_it.o(i.ADC1_2_IRQHandler) for ADC1_2_IRQHandler
    startup_stm32g431xx.o(RESET) refers to stm32g4xx_it.o(i.EXTI9_5_IRQHandler) for EXTI9_5_IRQHandler
    startup_stm32g431xx.o(RESET) refers to stm32g4xx_it.o(i.TIM2_IRQHandler) for TIM2_IRQHandler
    startup_stm32g431xx.o(RESET) refers to stm32g4xx_it.o(i.TIM3_IRQHandler) for TIM3_IRQHandler
    startup_stm32g431xx.o(RESET) refers to stm32g4xx_it.o(i.SPI1_IRQHandler) for SPI1_IRQHandler
    startup_stm32g431xx.o(RESET) refers to stm32g4xx_it.o(i.USART1_IRQHandler) for USART1_IRQHandler
    startup_stm32g431xx.o(RESET) refers to stm32g4xx_it.o(i.EXTI15_10_IRQHandler) for EXTI15_10_IRQHandler
    startup_stm32g431xx.o(RESET) refers to stm32g4xx_it.o(i.DMA2_Channel1_IRQHandler) for DMA2_Channel1_IRQHandler
    startup_stm32g431xx.o(.text) refers (Special) to heapauxi.o(.text) for __use_two_region_memory
    startup_stm32g431xx.o(.text) refers to system_stm32g4xx.o(i.SystemInit) for SystemInit
    startup_stm32g431xx.o(.text) refers to __main.o(!!!main) for __main
    startup_stm32g431xx.o(.text) refers to startup_stm32g431xx.o(HEAP) for Heap_Mem
    startup_stm32g431xx.o(.text) refers to startup_stm32g431xx.o(STACK) for Stack_Mem
    main.o(i.HAL_GPIO_EXTI_Callback) refers to test.o(i.LEDA_set) for LEDA_set
    main.o(i.HAL_GPIO_EXTI_Callback) refers to test.o(i.LEDB_set) for LEDB_set
    main.o(i.HAL_GPIO_EXTI_Callback) refers to controller.o(i.CTRLA_VBUS) for CTRLA_VBUS
    main.o(i.HAL_GPIO_EXTI_Callback) refers to stm32g4xx_hal_tim.o(i.HAL_TIM_Base_Start_IT) for HAL_TIM_Base_Start_IT
    main.o(i.HAL_GPIO_EXTI_Callback) refers to stm32g4xx_hal_tim.o(i.HAL_TIM_Base_Stop_IT) for HAL_TIM_Base_Stop_IT
    main.o(i.HAL_GPIO_EXTI_Callback) refers to tim.o(.bss) for htim2
    main.o(i.HAL_GPIO_EXTI_Callback) refers to main.o(.data) for d1
    main.o(i.HAL_SPI_TxRxCpltCallback) refers to stm32g4xx_hal_gpio.o(i.HAL_GPIO_WritePin) for HAL_GPIO_WritePin
    main.o(i.HAL_SPI_TxRxCpltCallback) refers to signalprocess.o(i.absolute_angle) for absolute_angle
    main.o(i.HAL_SPI_TxRxCpltCallback) refers to spi.o(.bss) for hspi1
    main.o(i.HAL_SPI_TxRxCpltCallback) refers to main.o(.bss) for Analog_InitStructure
    main.o(i.HAL_TIM_PeriodElapsedCallback) refers to signalprocess.o(i.Current_transform) for Current_transform
    main.o(i.HAL_TIM_PeriodElapsedCallback) refers to signalprocess.o(i.Iabc_to_Idq) for Iabc_to_Idq
    main.o(i.HAL_TIM_PeriodElapsedCallback) refers to controller.o(i.PI_CTRL_inc) for PI_CTRL_inc
    main.o(i.HAL_TIM_PeriodElapsedCallback) refers to svpwm.o(i.SVPWM_GENER) for SVPWM_GENER
    main.o(i.HAL_TIM_PeriodElapsedCallback) refers to signalprocess.o(i.AS5048A_Init) for AS5048A_Init
    main.o(i.HAL_TIM_PeriodElapsedCallback) refers to tim.o(.bss) for htim2
    main.o(i.HAL_TIM_PeriodElapsedCallback) refers to main.o(.bss) for Analog_InitStructure
    main.o(i.HAL_TIM_PeriodElapsedCallback) refers to main.o(.data) for d0
    main.o(i.HAL_TIM_PeriodElapsedCallback) refers to spi.o(.bss) for hspi1
    main.o(i.HAL_UART_RxCpltCallback) refers to controller.o(i.RX_Analysis) for RX_Analysis
[...]
    __lcnum_c_name                           0x08009488   Data           2  lc_numeric_c.o(locale$$data)
    __lcnum_c_start                          0x08009490   Data           0  lc_numeric_c.o(locale$$data)
    __lcnum_c_point                          0x0800949c   Data           0  lc_numeric_c.o(locale$$data)
    __lcnum_c_thousands                      0x0800949e   Data           0  lc_numeric_c.o(locale$$data)
    __lcnum_c_grouping                       0x0800949f   Data           0  lc_numeric_c.o(locale$$data)
    __lcnum_c_end                            0x080094a0   Data           0  lc_numeric_c.o(locale$$data)
    .data                                    0x20000000   Section      224  main.o(.data)
    .data                                    0x200000e0   Section       12  stm32g4xx_hal.o(.data)
    .data                                    0x200000ec   Section        4  system_stm32g4xx.o(.data)
    .data                                    0x200000f0   Section        8  signalprocess.o(.data)
    tx                                       0x200000f0   Data           2  signalprocess.o(.data)
    last_angle                               0x200000f4   Data           4  signalprocess.o(.data)
    .bss                                     0x200000f8   Section      216  main.o(.bss)
    .bss                                     0x200001d0   Section      204  adc.o(.bss)
    .bss                                     0x2000029c   Section      292  spi.o(.bss)
    .bss                                     0x200003c0   Section      228  tim.o(.bss)
    .bss                                     0x200004a4   Section      148  usart.o(.bss)
    .bss                                     0x20000538   Section       12  signalprocess.o(.bss)
    filter_buff                              0x20000538   Data          12  signalprocess.o(.bss)
    .bss                                     0x20000544   Section       96  libspace.o(.bss)
    HEAP                                     0x200005a8   Section      512  startup_stm32g431xx.o(HEAP)
    Heap_Mem                                 0x200005a8   Data         512  startup_stm32g431xx.o(HEAP)
    STACK                                    0x200007a8   Section     1024  startup_stm32g431xx.o(STACK)
    Stack_Mem                                0x200007a8   Data        1024  startup_stm32g431xx.o(STACK)
    __initial_sp                             0x20000ba8   Data           0  startup_stm32g431xx.o(STACK)

    Global Symbols

    Symbol Name                              Value     Ov Type        Size  Object(Section)

    BuildAttributes$$THM_ISAv4$E$P$D$K$B$S$7EM$VFPi3$EXTD16$VFPS$VFMA$PE$A:L22UL41UL21$X:L11$S22US41US21$IEEE1$IW$USESV6$~STKCKD$USESV7$~SHL$OTIME$ROPI$IEEEJ$EBA8$UX$STANDARDLIB$REQ8$PRES8$EABIv2 0x00000000   Number         0  anon$$obj.o ABSOLUTE
    __ARM_use_no_argv                        0x00000000   Number         0  main.o ABSOLUTE
    _printf_flags                            0x00000000   Number         0  printf_stubs.o ABSOLUTE
    _printf_return_value                     0x00000000   Number         0  printf_stubs.o ABSOLUTE
    _printf_sizespec                         0x00000000   Number         0  printf_stubs.o ABSOLUTE
    _printf_widthprec                        0x00000000   Number         0  printf_stubs.o ABSOLUTE
    __ARM_exceptions_init                     - Undefined Weak Reference
    __alloca_initialize                       - Undefined Weak Reference
    __arm_preinit_                            - Undefined Weak Reference
    __cpp_initialize__aeabi_                  - Undefined Weak Reference
    __cxa_finalize                            - Undefined Weak Reference
    __sigvec_lookup                           - Undefined Weak Reference
    _atexit_init                              - Undefined Weak Reference
    _call_atexit_fns                          - Undefined Weak Reference
    _clock_init                               - Undefined Weak Reference
    _fp_trap_init                             - Undefined Weak Reference
    _fp_trap_shutdown                         - Undefined Weak Reference
    _get_lc_collate                           - Undefined Weak Reference
    _get_lc_ctype                             - Undefined Weak Reference
    _get_lc_monetary                          - Undefined Weak Reference
    _get_lc_time                              - Undefined Weak Reference
    _getenv_init                              - Undefined Weak Reference
    _handle_redirection                       - Undefined Weak Reference
    _init_alloc                               - Undefined Weak Reference
    _init_user_alloc                          - Undefined Weak Reference
    _initio                                   - Undefined Weak Reference
    _printf_post_padding                      - Undefined Weak Reference
    _printf_pre_padding                       - Undefined Weak Reference
    _rand_init                                - Undefined Weak Reference
    _signal_finish                            - Undefined Weak Reference
    _signal_init                              - Undefined Weak Reference
    _terminate_alloc                          - Undefined Weak Reference
    _terminate_user_alloc                     - Undefined Weak Reference
    _terminateio                              - Undefined Weak Reference
    __Vectors_Size                           0x000001d8   Number         0  startup_stm32g431xx.o ABSOLUTE
    __Vectors                                0x08000000   Data           4  startup_stm32g431xx.o(RESET)
    __Vectors_End                            0x080001d8   Data           0  startup_stm32g431xx.o(RESET)
    __main                                   0x080001d9   Thumb Code     8  __main.o(!!!main)
    __scatterload                            0x080001e1   Thumb Code     0  __scatter.o(!!!scatter)
    __scatterload_rt2                        0x080001e1   Thumb Code    44  __scatter.o(!!!scatter)
    __scatterload_rt2_thumb_only             0x080001e1   Thumb Code     0  __scatter.o(!!!scatter)
    __scatterload_null                       0x080001ef   Thumb Code     0  __scatter.o(!!!scatter)
    __scatterload_copy                       0x08000215   Thumb Code    26  __scatter_copy.o(!!handler_copy)
    __scatterload_zeroinit                   0x08000231   Thumb Code    28  __scatter_zi.o(!!handler_zi)
    _printf_f                                0x0800024d   Thumb Code     0  _printf_f.o(.ARM.Collect$$_printf_percent$$00000003)
    _printf_percent                          0x0800024d   Thumb Code     0  _printf_percent.o(.ARM.Collect$$_printf_percent$$00000000)
    _printf_percent_end                      0x08000253   Thumb Code     0  _printf_percent_end.o(.ARM.Collect$$_printf_percent$$00000017)
    __rt_lib_init                            0x08000257   Thumb Code     0  libinit.o(.ARM.Collect$$libinit$$00000000)
    __rt_lib_init_fp_1                       0x08000259   Thumb Code     0  libinit2.o(.ARM.Collect$$libinit$$00000001)
    __rt_lib_init_heap_1                     0x0800025d   Thumb Code     0  libinit2.o(.ARM.Collect$$libinit$$0000000A)
    __rt_lib_init_lc_common                  0x0800025d   Thumb Code     0  libinit2.o(.ARM.Collect$$libinit$$0000000F)
    __rt_lib_init_preinit_1                  0x0800025d   Thumb Code     0  libinit2.o(.ARM.Collect$$libinit$$00000004)
    __rt_lib_init_rand_1                     0x0800025d   Thumb Code     0  libinit2.o(.ARM.Collect$$libinit$$0000000E)
    __rt_lib_init_user_alloc_1               0x0800025d   Thumb Code     0  libinit2.o(.ARM.Collect$$libinit$$0000000C)
    __rt_lib_init_lc_collate_1               0x08000263   Thumb Code     0  libinit2.o(.ARM.Collect$$libinit$$00000011)
    __rt_lib_init_lc_ctype_1                 0x08000263   Thumb Code     0  libinit2.o(.ARM.Collect$$libinit$$00000013)
    __rt_lib_init_lc_monetary_1              0x08000263   Thumb Code     0  libinit2.o(.ARM.Collect$$libinit$$00000015)
    __rt_lib_init_lc_numeric_2               0x08000263   Thumb Code     0  libinit2.o(.ARM.Collect$$libinit$$00000016)
    __rt_lib_init_alloca_1                   0x0800026d   Thumb Code     0  libinit2.o(.ARM.Collect$$libinit$$0000002E)
    __rt_lib_init_argv_1                     0x0800026d   Thumb Code     0  libinit2.o(.ARM.Collect$$libinit$$0000002C)
    __rt_lib_init_atexit_1                   0x0800026d   Thumb Code     0  libinit2.o(.ARM.Collect$$libinit$$0000001B)
    __rt_lib_init_clock_1                    0x0800026d   Thumb Code     0  libinit2.o(.ARM.Collect$$libinit$$00000021)
    __rt_lib_init_cpp_1                      0x0800026d   Thumb Code     0  libinit2.o(.ARM.Collect$$libinit$$00000032)
    __rt_lib_init_exceptions_1               0x0800026d   Thumb Code     0  libinit2.o(.ARM.Collect$$libinit$$00000030)
    __rt_lib_init_fp_trap_1                  0x0800026d   Thumb Code     0  libinit2.o(.ARM.Collect$$libinit$$0000001F)
    __rt_lib_init_getenv_1                   0x0800026d   Thumb Code     0  libinit2.o(.ARM.Collect$$libinit$$00000023)
    __rt_lib_init_lc_numeric_1               0x0800026d   Thumb Code     0  libinit2.o(.ARM.Collect$$libinit$$00000017)
    __rt_lib_init_lc_time_1                  0x0800026d   Thumb Code     0  libinit2.o(.ARM.Collect$$libinit$$00000019)
    __rt_lib_init_return                     0x0800026d   Thumb Code     0  libinit2.o(.ARM.Collect$$libinit$$00000033)
    __rt_lib_init_signal_1                   0x0800026d   Thumb Code     0  libinit2.o(.ARM.Collect$$libinit$$0000001D)
    __rt_lib_init_stdio_1                    0x0800026d   Thumb Code     0  libinit2.o(.ARM.Collect$$libinit$$00000025)
    __rt_lib_shutdown                        0x0800026f   Thumb Code     0  libshutdown.o(.ARM.Collect$$libshutdown$$00000000)
    __rt_lib_shutdown_cpp_1                  0x08000271   Thumb Code     0  libshutdown2.o(.ARM.Collect$$libshutdown$$00000002)
    __rt_lib_shutdown_fp_trap_1              0x08000271   Thumb Code     0  libshutdown2.o(.ARM.Collect$$libshutdown$$00000007)
    __rt_lib_shutdown_heap_1                 0x08000271   Thumb Code     0  libshutdown2.o(.ARM.Collect$$libshutdown$$0000000F)
    __rt_lib_shutdown_return                 0x08000271   Thumb Code     0  libshutdown2.o(.ARM.Collect$$libshutdown$$00000010)
    __rt_lib_shutdown_signal_1               0x08000271   Thumb Code     0  libshutdown2.o(.ARM.Collect$$libshutdown$$0000000A)
    __rt_lib_shutdown_stdio_1                0x08000271   Thumb Code     0  libshutdown2.o(.ARM.Collect$$libshutdown$$00000004)
    __rt_lib_shutdown_user_alloc_1           0x08000271   Thumb Code     0  libshutdown2.o(.ARM.Collect$$libshutdown$$0000000C)
    __rt_entry                               0x08000273   Thumb Code     0  __rtentry.o(.ARM.Collect$$rtentry$$00000000)
    __rt_entry_presh_1                       0x08000273   Thumb Code     0  __rtentry2.o(.ARM.Collect$$rtentry$$00000002)
    __rt_entry_sh                            0x08000273   Thumb Code     0  __rtentry4.o(.ARM.Collect$$rtentry$$00000004)
    __rt_entry_li                            0x08000279   Thumb Code     0  __rtentry2.o(.ARM.Collect$$rtentry$$0000000A)
    __rt_entry_postsh_1                      0x08000279   Thumb Code     0  __rtentry2.o(.ARM.Collect$$rtentry$$00000009)
    __rt_entry_main                          0x0800027d   Thumb Code     0  __rtentry2.o(.ARM.Collect$$rtentry$$0000000D)
    __rt_entry_postli_1                      0x0800027d   Thumb Code     0  __rtentry2.o(.ARM.Collect$$rtentry$$0000000C)
    __rt_exit                                0x08000285   Thumb Code     0  rtexit.o(.ARM.Collect$$rtexit$$00000000)
    __rt_exit_ls                             0x08000287   Thumb Code     0  rtexit2.o(.ARM.Collect$$rtexit$$00000003)
    __rt_exit_prels_1                        0x08000287   Thumb Code     0  rtexit2.o(.ARM.Collect$$rtexit$$00000002)
    __rt_exit_exit                           0x0800028b   Thumb Code     0  rtexit2.o(.ARM.Collect$$rtexit$$00000004)
    Reset_Handler                            0x08000291   Thumb Code     8  startup_stm32g431xx.o(.text)
    COMP1_2_3_IRQHandler                     0x080002ab   Thumb Code     0  startup_stm32g431xx.o(.text)
    COMP4_IRQHandler                         0x080002ab   Thumb Code     0  startup_stm32g431xx.o(.text)
    CORDIC_IRQHandler                        0x080002ab   Thumb Code     0  startup_stm32g431xx.o(.text)
    CRS_IRQHandler                           0x080002ab   Thumb Code     0  startup_stm32g431xx.o(.text)
    DMA1_Channel3_IRQHandler                 0x080002ab   Thumb Code     0  startup_stm32g431xx.o(.text)
    DMA1_Channel4_IRQHandler                 0x080002ab   Thumb Code     0  startup_stm32g431xx.o(.text)
    DMA1_Channel5_IRQHandler                 0x080002ab   Thumb Code     0  startup_stm32g431xx.o(.text)
    DMA1_Channel6_IRQHandler                 0x080002ab   Thumb Code     0  startup_stm32g431xx.o(.text)
    DMA2_Channel2_IRQHandler                 0x080002ab   Thumb Code     0  startup_stm32g431xx.o(.text)
    DMA2_Channel3_IRQHandler                 0x080002ab   Thumb Code     0  startup_stm32g431xx.o(.text)
    DMA2_Channel4_IRQHandler                 0x080002ab   Thumb Code     0  startup_stm32g431xx.o(.text)
    DMA2_Channel5_IRQHandler                 0x080002ab   Thumb Code     0  startup_stm32g431xx.o(.text)
    DMA2_Channel6_IRQHandler                 0x080002ab   Thumb Code     0  startup_stm32g431xx.o(.text)
    DMAMUX_OVR_IRQHandler                    0x080002ab   Thumb Code     0  startup_stm32g431xx.o(.text)
    EXTI0_IRQHandler                         0x080002ab   Thumb Code     0  startup_stm32g431xx.o(.text)
    EXTI1_IRQHandler                         0x080002ab   Thumb Code     0  startup_stm32g431xx.o(.text)
    EXTI2_IRQHandler                         0x080002ab   Thumb Code     0  startup_stm32g431xx.o(.text)
    EXTI3_IRQHandler                         0x080002ab   Thumb Code     0  startup_stm32g431xx.o(.text)
    EXTI4_IRQHandler                         0x080002ab   Thumb Code     0  startup_stm32g431xx.o(.text)
    FDCAN1_IT0_IRQHandler                    0x080002ab   Thumb Code     0  startup_stm32g431xx.o(.text)
    FDCAN1_IT1_IRQHandler                    0x080002ab   Thumb Code     0  startup_stm32g431xx.o(.text)
    FLASH_IRQHandler                         0x080002ab   Thumb Code     0  startup_stm32g431xx.o(.text)
    FMAC_IRQHandler                          0x080002ab   Thumb Code     0  startup_stm32g431xx.o(.text)
    FPU_IRQHandler                           0x080002ab   Thumb Code     0  startup_stm32g431xx.o(.text)
    I2C1_ER_IRQHandler                       0x080002ab   Thumb Code     0  startup_stm32g431xx.o(.text)
    I2C1_EV_IRQHandler                       0x080002ab   Thumb Code     0  startup_stm32g431xx.o(.text)
    I2C2_ER_IRQHandler                       0x080002ab   Thumb Code     0  startup_stm32g431xx.o(.text)
    I2C2_EV_IRQHandler                       0x080002ab   Thumb Code     0  startup_stm32g431xx.o(.text)
    I2C3_ER_IRQHandler                       0x080002ab   Thumb Code     0  startup_stm32g431xx.o(.text)
    I2C3_EV_IRQHandler                       0x080002ab   Thumb Code     0  startup_stm32g431xx.o(.text)
    LPTIM1_IRQHandler                        0x080002ab   Thumb Code     0  startup_stm32g431xx.o(.text)
    LPUART1_IRQHandler                       0x080002ab   Thumb Code     0  startup_stm32g431xx.o(.text)
    PVD_PVM_IRQHandler                       0x080002ab   Thumb Code     0  startup_stm32g431xx.o(.text)
    RCC_IRQHandler                           0x080002ab   Thumb Code     0  startup_stm32g431xx.o(.text)
    RNG_IRQHandler                           0x080002ab   Thumb Code     0  startup_stm32g431xx.o(.text)
    RTC_Alarm_IRQHandler                     0x080002ab   Thumb Code     0  startup_stm32g431xx.o(.text)
    RTC_TAMP_LSECSS_IRQHandler               0x080002ab   Thumb Code     0  startup_stm32g431xx.o(.text)
    RTC_WKUP_IRQHandler                      0x080002ab   Thumb Code     0  startup_stm32g431xx.o(.text)
    SAI1_IRQHandler                          0x080002ab   Thumb Code     0  startup_stm32g431xx.o(.text)
    SPI2_IRQHandler                          0x080002ab   Thumb Code     0  startup_stm32g431xx.o(.text)
    SPI3_IRQHandler                          0x080002ab   Thumb Code     0  startup_stm32g431xx.o(.text)
    TIM1_BRK_TIM15_IRQHandler                0x080002ab   Thumb Code     0  startup_stm32g431xx.o(.text)
    TIM1_CC_IRQHandler                       0x080002ab   Thumb Code     0  startup_stm32g431xx.o(.text)
    TIM1_TRG_COM_TIM17_IRQHandler            0x080002ab   Thumb Code     0  startup_stm32g431xx.o(.text)
    TIM1_UP_TIM16_IRQHandler                 0x080002ab   Thumb Code     0  startup_stm32g431xx.o(.text)
    TIM4_IRQHandler                          0x080002ab   Thumb Code     0  startup_stm32g431xx.o(.text)
    TIM6_DAC_IRQHandler                      0x080002ab   Thumb Code     0  startup_stm32g431xx.o(.text)
    TIM7_IRQHandler                          0x080002ab   Thumb Code     0  startup_stm32g431xx.o(.text)
    TIM8_BRK_IRQHandler                      0x080002ab   Thumb Code     0  startup_stm32g431xx.o(.text)
    TIM8_CC_IRQHandler                       0x080002ab   Thumb Code     0  startup_stm32g431xx.o(.text)
    TIM8_TRG_COM_IRQHandler                  0x080002ab   Thumb Code     0  startup_stm32g431xx.o(.text)
    TIM8_UP_IRQHandler                       0x080002ab   Thumb Code     0  startup_stm32g431xx.o(.text)
    UART4_IRQHandler                         0x080002ab   Thumb Code     0  startup_stm32g431xx.o(.text)
    UCPD1_IRQHandler                         0x080002ab   Thumb Code     0  startup_stm32g431xx.o(.text)
    USART2_IRQHandler                        0x080002ab   Thumb Code     0  startup_stm32g431xx.o(.text)
    USART3_IRQHandler                        0x080002ab   Thumb Code     0  startup_stm32g431xx.o(.text)
    USBWakeUp_IRQHandler                     0x080002ab   Thumb Code     0  startup_stm32g431xx.o(.text)
    USB_HP_IRQHandler                        0x080002ab   Thumb Code     0  startup_stm32g431xx.o(.text)
    USB_LP_IRQHandler                        0x080002ab   Thumb Code     0  startup_stm32g431xx.o(.text)
    WWDG_IRQHandler                          0x080002ab   Thumb Code     0  startup_stm32g431xx.o(.text)
    __user_initial_stackheap                 0x080002ad   Thumb Code     0  startup_stm32g431xx.o(.text)
    __aeabi_uldivmod                         0x080002d1   Thumb Code     0  lludivv7m.o(.text)
    _ll_udiv                                 0x080002d1   Thumb Code   238  lludivv7m.o(.text)
    __2sprintf                               0x080003c1   Thumb Code    34  noretval__2sprintf.o(.text)
    __printf                                 0x080003e9   Thumb Code   270  __printf_wp.o(.text)
    strlen                                   0x080004f7   Thumb Code    62  strlen.o(.text)
    __aeabi_memclr4                          0x08000535   Thumb Code     0  rt_memclr_w.o(.text)
    __aeabi_memclr8                          0x08000535   Thumb Code     0  rt_memclr_w.o(.text)
    __rt_memclr_w                            0x08000535   Thumb Code    78  rt_memclr_w.o(.text)
    _memset_w                                0x08000539   Thumb Code     0  rt_memclr_w.o(.text)
    __use_two_region_memory                  0x08000583   Thumb Code     2  heapauxi.o(.text)
    __rt_heap_escrow$2region                 0x08000585   Thumb Code     2  heapauxi.o(.text)
    __rt_heap_expand$2region                 0x08000587   Thumb Code     2  heapauxi.o(.text)
    __lib_sel_fp_printf                      0x08000589   Thumb Code     2  _printf_fp_dec.o(.text)
    _printf_fp_dec_real                      0x0800073b   Thumb Code   620  _printf_fp_dec.o(.text)
    _printf_char_common                      0x080009b3   Thumb Code    32  _printf_char_common.o(.text)
    _sputc                                   0x080009d9   Thumb Code    10  _sputc.o(.text)
    __rt_locale                              0x080009e5   Thumb Code     8  rt_locale_intlibspace.o(.text)
    _ll_udiv10                               0x080009ed   Thumb Code   138  lludiv10.o(.text)
    _printf_fp_infnan                        0x08000a79   Thumb Code   112  _printf_fp_infnan.o(.text)
    _btod_etento                             0x08000af9   Thumb Code   224  bigflt0.o(.text)
    __user_libspace                          0x08000bdd   Thumb Code     8  libspace.o(.text)
    __user_perproc_libspace                  0x08000bdd   Thumb Code     0  libspace.o(.text)
    __user_perthread_libspace                0x08000bdd   Thumb Code     0  libspace.o(.text)
    __user_setup_stackheap                   0x08000be5   Thumb Code    74  sys_stackheap_outer.o(.text)
    exit                                     0x08000c2f   Thumb Code    18  exit.o(.text)
    strcmp                                   0x08000c41   Thumb Code   128  strcmpv7m.o(.text)
    _sys_exit                                0x08000cc1   Thumb Code     8  sys_exit.o(.text)
    __I$use$semihosting                      0x08000ccd   Thumb Code     0  use_no_semi.o(.text)
    __use_no_semihosting_swi                 0x08000ccd   Thumb Code     2  use_no_semi.o(.text)
    __semihosting_library_function           0x08000ccf   Thumb Code     0  indicate_semi.o(.text)
    arm_cos_f32                              0x08000cd1   Thumb Code   160  arm_cos_f32.o(.text.arm_cos_f32)
    arm_sin_f32                              0x08000d71   Thumb Code   152  arm_sin_f32.o(.text.arm_sin_f32)
    _btod_d2e                                0x08000e09   Thumb Code    62  btod.o(CL$$btod_d2e)
    _d2e_denorm_low                          0x08000e47   Thumb Code    70  btod.o(CL$$btod_d2e_denorm_low)
    _d2e_norm_op1                            0x08000e8d   Thumb Code    96  btod.o(CL$$btod_d2e_norm_op1)
    __btod_div_common                        0x08000eed   Thumb Code   696  btod.o(CL$$btod_div_common)
    _e2e                                     0x08001225   Thumb Code   220  btod.o(CL$$btod_e2e)
    _btod_ediv                               0x08001301   Thumb Code    42  btod.o(CL$$btod_ediv)
    _btod_emul                               0x0800132b   Thumb Code    42  btod.o(CL$$btod_emul)
    __btod_mult_common                       0x08001355   Thumb Code   580  btod.o(CL$$btod_mult_common)
    ADC1_2_IRQHandler                        0x08001599   Thumb Code    10  stm32g4xx_it.o(i.ADC1_2_IRQHandler)
    ADC_DMAConvCplt                          0x080015a9   Thumb Code   146  stm32g4xx_hal_adc.o(i.ADC_DMAConvCplt)
    ADC_DMAError                             0x0800163b   Thumb Code    30  stm32g4xx_hal_adc.o(i.ADC_DMAError)
    ADC_DMAHalfConvCplt                      0x08001659   Thumb Code    14  stm32g4xx_hal_adc.o(i.ADC_DMAHalfConvCplt)
    ADC_Disable                              0x08001669   Thumb Code   142  stm32g4xx_hal_adc.o(i.ADC_Disable)
    ADC_Enable                               0x080016fd   Thumb Code   182  stm32g4xx_hal_adc.o(i.ADC_Enable)
    ADC_Init                                 0x080017c5   Thumb Code    26  signalprocess.o(i.ADC_Init)
    AS5048A_Init                             0x080017e1   Thumb Code    32  signalprocess.o(i.AS5048A_Init)
    Analog_Init                              0x08001809   Thumb Code    40  signalprocess.o(i.Analog_Init)
    BusFault_Handler                         0x08001835   Thumb Code     4  stm32g4xx_it.o(i.BusFault_Handler)
    CTRLA_VBUS                               0x08001839   Thumb Code    20  controller.o(i.CTRLA_VBUS)
    Current_PI_Init                          0x0800184d   Thumb Code    98  controller.o(i.Current_PI_Init)
    Current_transform                        0x080018c9   Thumb Code   282  signalprocess.o(i.Current_transform)
    DMA1_Channel1_IRQHandler                 0x080019f1   Thumb Code    10  stm32g4xx_it.o(i.DMA1_Channel1_IRQHandler)
    DMA1_Channel2_IRQHandler                 0x08001a01   Thumb Code    10  stm32g4xx_it.o(i.DMA1_Channel2_IRQHandler)
    DMA2_Channel1_IRQHandler                 0x08001a11   Thumb Code    10  stm32g4xx_it.o(i.DMA2_Channel1_IRQHandler)
    DebugMon_Handler                         0x08001ac9   Thumb Code     2  stm32g4xx_it.o(i.DebugMon_Handler)
    EXTI15_10_IRQHandler                     0x08001acb   Thumb Code    20  stm32g4xx_it.o(i.EXTI15_10_IRQHandler)
    EXTI9_5_IRQHandler                       0x08001adf   Thumb Code    12  stm32g4xx_it.o(i.EXTI9_5_IRQHandler)
    Error_Handler                            0x08001aeb   Thumb Code     6  main.o(i.Error_Handler)
    HAL_ADCEx_Calibration_Start              0x08001af1   Thumb Code   166  stm32g4xx_hal_adc_ex.o(i.HAL_ADCEx_Calibration_Start)
    HAL_ADCEx_EndOfSamplingCallback          0x08001ba1   Thumb Code     2  stm32g4xx_hal_adc_ex.o(i.HAL_ADCEx_EndOfSamplingCallback)
    HAL_ADCEx_InjectedConvCpltCallback       0x08001ba3   Thumb Code     2  stm32g4xx_hal_adc_ex.o(i.HAL_ADCEx_InjectedConvCpltCallback)
    HAL_ADCEx_InjectedQueueOverflowCallback  0x08001ba5   Thumb Code     2  stm32g4xx_hal_adc_ex.o(i.HAL_ADCEx_InjectedQueueOverflowCallback)
    HAL_ADCEx_LevelOutOfWindow2Callback      0x08001ba7   Thumb Code     2  stm32g4xx_hal_adc_ex.o(i.HAL_ADCEx_LevelOutOfWindow2Callback)
    HAL_ADCEx_LevelOutOfWindow3Callback      0x08001ba9   Thumb Code     2  stm32g4xx_hal_adc_ex.o(i.HAL_ADCEx_LevelOutOfWindow3Callback)
    HAL_ADCEx_MultiModeConfigChannel         0x08001bad   Thumb Code   260  stm32g4xx_hal_adc_ex.o(i.HAL_ADCEx_MultiModeConfigChannel)
    HAL_ADC_ConfigChannel                    0x08001cb9   Thumb Code  1252  stm32g4xx_hal_adc.o(i.HAL_ADC_ConfigChannel)
    HAL_ADC_ConvCpltCallback                 0x080021c1   Thumb Code     2  main.o(i.HAL_ADC_ConvCpltCallback)
    HAL_ADC_ConvHalfCpltCallback             0x080021c3   Thumb Code     2  stm32g4xx_hal_adc.o(i.HAL_ADC_ConvHalfCpltCallback)
    HAL_ADC_ErrorCallback                    0x080021c5   Thumb Code     2  stm32g4xx_hal_adc.o(i.HAL_ADC_ErrorCallback)
    HAL_ADC_IRQHandler                       0x080021c9   Thumb Code   808  stm32g4xx_hal_adc.o(i.HAL_ADC_IRQHandler)
    HAL_ADC_Init                             0x080024f9   Thumb Code   576  stm32g4xx_hal_adc.o(i.HAL_ADC_Init)
    HAL_ADC_LevelOutOfWindowCallback         0x08002755   Thumb Code     2  stm32g4xx_hal_adc.o(i.HAL_ADC_LevelOutOfWindowCallback)
    HAL_ADC_MspInit                          0x08002759   Thumb Code   256  adc.o(i.HAL_ADC_MspInit)
    HAL_ADC_Start_DMA                        0x08002869   Thumb Code   254  stm32g4xx_hal_adc.o(i.HAL_ADC_Start_DMA)
    HAL_DMA_Abort                            0x0800297d   Thumb Code   118  stm32g4xx_hal_dma.o(i.HAL_DMA_Abort)
    HAL_DMA_Abort_IT                         0x080029f3   Thumb Code   148  stm32g4xx_hal_dma.o(i.HAL_DMA_Abort_IT)
    HAL_DMA_IRQHandler                       0x08002a87   Thumb Code   254  stm32g4xx_hal_dma.o(i.HAL_DMA_IRQHandler)
    HAL_DMA_Init                             0x08002b85   Thumb Code   200  stm32g4xx_hal_dma.o(i.HAL_DMA_Init)
    HAL_DMA_Start_IT                         0x08002c55   Thumb Code   194  stm32g4xx_hal_dma.o(i.HAL_DMA_Start_IT)
    HAL_GPIO_EXTI_Callback                   0x08002d19   Thumb Code   126  main.o(i.HAL_GPIO_EXTI_Callback)
    HAL_GPIO_EXTI_IRQHandler                 0x08002da5   Thumb Code    24  stm32g4xx_hal_gpio.o(i.HAL_GPIO_EXTI_IRQHandler)
    HAL_GPIO_Init                            0x08002dc1   Thumb Code   428  stm32g4xx_hal_gpio.o(i.HAL_GPIO_Init)
    HAL_GPIO_WritePin                        0x08002f8d   Thumb Code    10  stm32g4xx_hal_gpio.o(i.HAL_GPIO_WritePin)
    HAL_GetTick                              0x08002f99   Thumb Code     6  stm32g4xx_hal.o(i.HAL_GetTick)
    HAL_IncTick                              0x08002fa5   Thumb Code    16  stm32g4xx_hal.o(i.HAL_IncTick)
    HAL_Init                                 0x08002fbd   Thumb Code    30  stm32g4xx_hal.o(i.HAL_Init)
    HAL_InitTick                             0x08002fdd   Thumb Code    74  stm32g4xx_hal.o(i.HAL_InitTick)
    HAL_MspInit                              0x08003035   Thumb Code    78  stm32g4xx_hal_msp.o(i.HAL_MspInit)
    HAL_NVIC_EnableIRQ                       0x08003089   Thumb Code    40  stm32g4xx_hal_cortex.o(i.HAL_NVIC_EnableIRQ)
    HAL_NVIC_SetPriority                     0x080030b1   Thumb Code   122  stm32g4xx_hal_cortex.o(i.HAL_NVIC_SetPriority)
    HAL_NVIC_SetPriorityGrouping             0x0800312d   Thumb Code    32  stm32g4xx_hal_cortex.o(i.HAL_NVIC_SetPriorityGrouping)
    HAL_PWREx_ControlVoltageScaling          0x08003155   Thumb Code   268  stm32g4xx_hal_pwr_ex.o(i.HAL_PWREx_ControlVoltageScaling)
    HAL_PWREx_DisableUCPDDeadBattery         0x0800326d   Thumb Code    14  stm32g4xx_hal_pwr_ex.o(i.HAL_PWREx_DisableUCPDDeadBattery)
    HAL_RCCEx_PeriphCLKConfig                0x08003281   Thumb Code   872  stm32g4xx_hal_rcc_ex.o(i.HAL_RCCEx_PeriphCLKConfig)
    HAL_RCC_ClockConfig                      0x080035f1   Thumb Code   522  stm32g4xx_hal_rcc.o(i.HAL_RCC_ClockConfig)
    HAL_RCC_GetHCLKFreq                      0x08003815   Thumb Code     6  stm32g4xx_hal_rcc.o(i.HAL_RCC_GetHCLKFreq)
    HAL_RCC_GetPCLK1Freq                     0x08003821   Thumb Code    26  stm32g4xx_hal_rcc.o(i.HAL_RCC_GetPCLK1Freq)
    HAL_RCC_GetPCLK2Freq                     0x08003845   Thumb Code    26  stm32g4xx_hal_rcc.o(i.HAL_RCC_GetPCLK2Freq)
    HAL_RCC_GetSysClockFreq                  0x08003869   Thumb Code   138  stm32g4xx_hal_rcc.o(i.HAL_RCC_GetSysClockFreq)
    HAL_RCC_OscConfig                        0x08003901   Thumb Code  1360  stm32g4xx_hal_rcc.o(i.HAL_RCC_OscConfig)
    HAL_SPI_ErrorCallback                    0x08003e5d   Thumb Code     2  stm32g4xx_hal_spi.o(i.HAL_SPI_ErrorCallback)
    HAL_SPI_IRQHandler                       0x08003e61   Thumb Code   342  stm32g4xx_hal_spi.o(i.HAL_SPI_IRQHandler)
    HAL_SPI_Init                             0x08003fbd   Thumb Code   252  stm32g4xx_hal_spi.o(i.HAL_SPI_Init)
    HAL_SPI_MspInit                          0x080040b9   Thumb Code   250  spi.o(i.HAL_SPI_MspInit)
    HAL_SPI_RxCpltCallback                   0x080041c9   Thumb Code     2  stm32g4xx_hal_spi.o(i.HAL_SPI_RxCpltCallback)
    HAL_SPI_RxHalfCpltCallback               0x080041cb   Thumb Code     2  stm32g4xx_hal_spi.o(i.HAL_SPI_RxHalfCpltCallback)
    HAL_SPI_TransmitReceive_DMA              0x080041cd   Thumb Code   532  stm32g4xx_hal_spi.o(i.HAL_SPI_TransmitReceive_DMA)
    HAL_SPI_TxRxCpltCallback                 0x080043f5   Thumb Code    44  main.o(i.HAL_SPI_TxRxCpltCallback)
    HAL_SPI_TxRxHalfCpltCallback             0x0800442d   Thumb Code     2  stm32g4xx_hal_spi.o(i.HAL_SPI_TxRxHalfCpltCallback)
    HAL_SYSCFG_DisableVREFBUF                0x08004431   Thumb Code    14  stm32g4xx_hal.o(i.HAL_SYSCFG_DisableVREFBUF)
    HAL_SYSCFG_VREFBUF_HighImpedanceConfig   0x08004445   Thumb Code    16  stm32g4xx_hal.o(i.HAL_SYSCFG_VREFBUF_HighImpedanceConfig)
    HAL_SYSTICK_Config                       0x08004459   Thumb Code    52  stm32g4xx_hal_cortex.o(i.HAL_SYSTICK_Config)
    HAL_TIMEx_Break2Callback                 0x0800448d   Thumb Code     2  stm32g4xx_hal_tim_ex.o(i.HAL_TIMEx_Break2Callback)
    HAL_TIMEx_BreakCallback                  0x0800448f   Thumb Code     2  stm32g4xx_hal_tim_ex.o(i.HAL_TIMEx_BreakCallback)
    HAL_TIMEx_CommutCallback                 0x08004491   Thumb Code     2  stm32g4xx_hal_tim_ex.o(i.HAL_TIMEx_CommutCallback)
    HAL_TIMEx_ConfigBreakDeadTime            0x08004495   Thumb Code   192  stm32g4xx_hal_tim_ex.o(i.HAL_TIMEx_ConfigBreakDeadTime)
    HAL_TIMEx_DirectionChangeCallback        0x0800455d   Thumb Code     2  stm32g4xx_hal_tim_ex.o(i.HAL_TIMEx_DirectionChangeCallback)
    HAL_TIMEx_EncoderIndexCallback           0x0800455f   Thumb Code     2  stm32g4xx_hal_tim_ex.o(i.HAL_TIMEx_EncoderIndexCallback)
    HAL_TIMEx_IndexErrorCallback             0x08004561   Thumb Code     2  stm32g4xx_hal_tim_ex.o(i.HAL_TIMEx_IndexErrorCallback)
    HAL_TIMEx_MasterConfigSynchronization    0x08004565   Thumb Code   158  stm32g4xx_hal_tim_ex.o(i.HAL_TIMEx_MasterConfigSynchronization)
    HAL_TIMEx_PWMN_Start                     0x0800461d   Thumb Code   206  stm32g4xx_hal_tim_ex.o(i.HAL_TIMEx_PWMN_Start)
    HAL_TIMEx_TransitionErrorCallback        0x08004705   Thumb Code     2  stm32g4xx_hal_tim_ex.o(i.HAL_TIMEx_TransitionErrorCallback)
    HAL_TIM_Base_Init                        0x08004707   Thumb Code   110  stm32g4xx_hal_tim.o(i.HAL_TIM_Base_Init)
    HAL_TIM_Base_MspInit                     0x08004775   Thumb Code   148  tim.o(i.HAL_TIM_Base_MspInit)
    HAL_TIM_Base_Start                       0x08004815   Thumb Code   118  stm32g4xx_hal_tim.o(i.HAL_TIM_Base_Start)
    HAL_TIM_Base_Start_IT                    0x080048a5   Thumb Code   130  stm32g4xx_hal_tim.o(i.HAL_TIM_Base_Start_IT)
    HAL_TIM_Base_Stop_IT                     0x08004941   Thumb Code    62  stm32g4xx_hal_tim.o(i.HAL_TIM_Base_Stop_IT)
    HAL_TIM_ConfigClockSource                0x08004981   Thumb Code   300  stm32g4xx_hal_tim.o(i.HAL_TIM_ConfigClockSource)
    HAL_TIM_IC_CaptureCallback               0x08004ab5   Thumb Code     2  stm32g4xx_hal_tim.o(i.HAL_TIM_IC_CaptureCallback)
    HAL_TIM_IRQHandler                       0x08004ab7   Thumb Code   544  stm32g4xx_hal_tim.o(i.HAL_TIM_IRQHandler)
    HAL_TIM_MspPostInit                      0x08004cd9   Thumb Code   138  tim.o(i.HAL_TIM_MspPostInit)
    HAL_TIM_OC_DelayElapsedCallback          0x08004d71   Thumb Code     2  stm32g4xx_hal_tim.o(i.HAL_TIM_OC_DelayElapsedCallback)
    HAL_TIM_PWM_ConfigChannel                0x08004d73   Thumb Code   368  stm32g4xx_hal_tim.o(i.HAL_TIM_PWM_ConfigChannel)
    HAL_TIM_PWM_Init                         0x08004ee3   Thumb Code   110  stm32g4xx_hal_tim.o(i.HAL_TIM_PWM_Init)
    HAL_TIM_PWM_MspInit                      0x08004f51   Thumb Code     2  stm32g4xx_hal_tim.o(i.HAL_TIM_PWM_MspInit)
    HAL_TIM_PWM_PulseFinishedCallback        0x08004f53   Thumb Code     2  stm32g4xx_hal_tim.o(i.HAL_TIM_PWM_PulseFinishedCallback)
    HAL_TIM_PWM_Start                        0x08004f55   Thumb Code   298  stm32g4xx_hal_tim.o(i.HAL_TIM_PWM_Start)
    HAL_TIM_PeriodElapsedCallback            0x080050a1   Thumb Code    94  main.o(i.HAL_TIM_PeriodElapsedCallback)
    HAL_TIM_TriggerCallback                  0x0800512d   Thumb Code     2  stm32g4xx_hal_tim.o(i.HAL_TIM_TriggerCallback)
    HAL_UARTEx_DisableFifoMode               0x0800512f   Thumb Code    78  stm32g4xx_hal_uart_ex.o(i.HAL_UARTEx_DisableFifoMode)
    HAL_UARTEx_RxEventCallback               0x0800517d   Thumb Code     2  stm32g4xx_hal_uart.o(i.HAL_UARTEx_RxEventCallback)
    HAL_UARTEx_RxFifoFullCallback            0x0800517f   Thumb Code     2  stm32g4xx_hal_uart_ex.o(i.HAL_UARTEx_RxFifoFullCallback)
    HAL_UARTEx_SetRxFifoThreshold            0x08005181   Thumb Code    94  stm32g4xx_hal_uart_ex.o(i.HAL_UARTEx_SetRxFifoThreshold)
    HAL_UARTEx_SetTxFifoThreshold            0x080051df   Thumb Code    94  stm32g4xx_hal_uart_ex.o(i.HAL_UARTEx_SetTxFifoThreshold)
    HAL_UARTEx_TxFifoEmptyCallback           0x0800523d   Thumb Code     2  stm32g4xx_hal_uart_ex.o(i.HAL_UARTEx_TxFifoEmptyCallback)
    HAL_UARTEx_WakeupCallback                0x0800523f   Thumb Code     2  stm32g4xx_hal_uart_ex.o(i.HAL_UARTEx_WakeupCallback)
    HAL_UART_ErrorCallback                   0x08005241   Thumb Code     2  stm32g4xx_hal_uart.o(i.HAL_UART_ErrorCallback)
    HAL_UART_IRQHandler                      0x08005245   Thumb Code   962  stm32g4xx_hal_uart.o(i.HAL_UART_IRQHandler)
    HAL_UART_Init                            0x08005615   Thumb Code   120  stm32g4xx_hal_uart.o(i.HAL_UART_Init)
    HAL_UART_MspInit                         0x0800568d   Thumb Code   150  usart.o(i.HAL_UART_MspInit)
    HAL_UART_Receive_IT                      0x08005731   Thumb Code    88  stm32g4xx_hal_uart.o(i.HAL_UART_Receive_IT)
    HAL_UART_RxCpltCallback                  0x0800578d   Thumb Code    40  main.o(i.HAL_UART_RxCpltCallback)
    HAL_UART_Transmit_IT                     0x080057c1   Thumb Code   156  stm32g4xx_hal_uart.o(i.HAL_UART_Transmit_IT)
    HAL_UART_TxCpltCallback                  0x0800586d   Thumb Code     2  main.o(i.HAL_UART_TxCpltCallback)
    HardFault_Handler                        0x0800586f   Thumb Code     4  stm32g4xx_it.o(i.HardFault_Handler)
    Iabc_to_Idq                              0x08005875   Thumb Code   190  signalprocess.o(i.Iabc_to_Idq)
    LEDA_set                                 0x0800593d   Thumb Code    18  test.o(i.LEDA_set)
    LEDB_set                                 0x08005955   Thumb Code    18  test.o(i.LEDB_set)
    MX_ADC1_Init                             0x08005a59   Thumb Code   248  adc.o(i.MX_ADC1_Init)
    MX_DMA_Init                              0x08005b69   Thumb Code   132  dma.o(i.MX_DMA_Init)
    MX_GPIO_Init                             0x08005bf1   Thumb Code   328  gpio.o(i.MX_GPIO_Init)
    MX_SPI1_Init                             0x08005d45   Thumb Code    72  spi.o(i.MX_SPI1_Init)
    MX_TIM1_Init                             0x08005d95   Thumb Code   262  tim.o(i.MX_TIM1_Init)
    MX_TIM2_Init                             0x08005ea5   Thumb Code   106  tim.o(i.MX_TIM2_Init)
    MX_TIM3_Init                             0x08005f15   Thumb Code   104  tim.o(i.MX_TIM3_Init)
    MX_USART1_UART_Init                      0x08005f85   Thumb Code    98  usart.o(i.MX_USART1_UART_Init)
    MemManage_Handler                        0x08005ff1   Thumb Code     4  stm32g4xx_it.o(i.MemManage_Handler)
    NMI_Handler                              0x08005ff5   Thumb Code     4  stm32g4xx_it.o(i.NMI_Handler)
    PI_CTRL_inc                              0x08005ff9   Thumb Code   138  controller.o(i.PI_CTRL_inc)
    PWM_Enable                               0x08006083   Thumb Code    60  svpwm.o(i.PWM_Enable)
    PendSV_Handler                           0x080060bf   Thumb Code     2  stm32g4xx_it.o(i.PendSV_Handler)
    RX_Analysis                              0x08006129   Thumb Code   200  controller.o(i.RX_Analysis)
    SPI1_IRQHandler                          0x080061f5   Thumb Code    10  stm32g4xx_it.o(i.SPI1_IRQHandler)
    SVC_Handler                              0x080065f9   Thumb Code     2  stm32g4xx_it.o(i.SVC_Handler)
    SVPWM_GENER                              0x080065fd   Thumb Code   964  svpwm.o(i.SVPWM_GENER)
    SVPWM_Init                               0x080069c9   Thumb Code    28  svpwm.o(i.SVPWM_Init)
    Sector                                   0x080069e9   Thumb Code    72  svpwm.o(i.Sector)
    SysTick_Handler                          0x08006a31   Thumb Code     8  stm32g4xx_it.o(i.SysTick_Handler)
    SystemClock_Config                       0x08006a39   Thumb Code   108  main.o(i.SystemClock_Config)
    SystemInit                               0x08006aa5   Thumb Code    14  system_stm32g4xx.o(i.SystemInit)
    TIM2_IRQHandler                          0x08006ab9   Thumb Code    10  stm32g4xx_it.o(i.TIM2_IRQHandler)
    TIM3_IRQHandler                          0x08006ac9   Thumb Code    10  stm32g4xx_it.o(i.TIM3_IRQHandler)
    TIM_Base_SetConfig                       0x08006ad9   Thumb Code   174  stm32g4xx_hal_tim.o(i.TIM_Base_SetConfig)
    TIM_CCxChannelCmd                        0x08006ba5   Thumb Code    34  stm32g4xx_hal_tim.o(i.TIM_CCxChannelCmd)
    TIM_ETR_SetConfig                        0x08006be9   Thumb Code    22  stm32g4xx_hal_tim.o(i.TIM_ETR_SetConfig)
    TIM_OC2_SetConfig                        0x08006cc5   Thumb Code   156  stm32g4xx_hal_tim.o(i.TIM_OC2_SetConfig)
    UART_AdvFeatureConfig                    0x08007069   Thumb Code   248  stm32g4xx_hal_uart.o(i.UART_AdvFeatureConfig)
    UART_CheckIdleState                      0x08007161   Thumb Code   234  stm32g4xx_hal_uart.o(i.UART_CheckIdleState)
    UART_SetConfig                           0x08007901   Thumb Code   858  stm32g4xx_hal_uart.o(i.UART_SetConfig)
    UART_Start_Receive_IT                    0x08007c85   Thumb Code   332  stm32g4xx_hal_uart.o(i.UART_Start_Receive_IT)
    UART_WaitOnFlagUntilTimeout              0x08007f9f   Thumb Code   172  stm32g4xx_hal_uart.o(i.UART_WaitOnFlagUntilTimeout)
    USART1_IRQHandler                        0x0800804d   Thumb Code    10  stm32g4xx_it.o(i.USART1_IRQHandler)
    UsageFault_Handler                       0x0800805d   Thumb Code     4  stm32g4xx_it.o(i.UsageFault_Handler)
    __ARM_fpclassify                         0x08008061   Thumb Code    48  fpclassify.o(i.__ARM_fpclassify)
    _is_digit                                0x080080c9   Thumb Code    14  __printf_wp.o(i._is_digit)
    absolute_angle                           0x080080d9   Thumb Code    38  signalprocess.o(i.absolute_angle)
    main                                     0x08008109   Thumb Code   774  main.o(i.main)
    pow_loop                                 0x08008499   Thumb Code    32  controller.o(i.pow_loop)
    _get_lc_numeric                          0x080084b9   Thumb Code    44  lc_numeric_c.o(locale$$code)
    __aeabi_d2f                              0x080084e5   Thumb Code     0  d2f.o(x$fpl$d2f)
    _d2f                                     0x080084e5   Thumb Code    98  d2f.o(x$fpl$d2f)
    __aeabi_dadd                             0x08008549   Thumb Code     0  daddsub_clz.o(x$fpl$dadd)
    _dadd                                    0x08008549   Thumb Code   332  daddsub_clz.o(x$fpl$dadd)
    __aeabi_ui2d                             0x08008699   Thumb Code     0  dflt_clz.o(x$fpl$dfltu)
    _dfltu                                   0x08008699   Thumb Code    38  dflt_clz.o(x$fpl$dfltu)
    __aeabi_dmul                             0x080086c1   Thumb Code     0  dmul.o(x$fpl$dmul)
    _dmul                                    0x080086c1   Thumb Code   332  dmul.o(x$fpl$dmul)
    __fpl_dnaninf                            0x08008815   Thumb Code   156  dnaninf.o(x$fpl$dnaninf)
    __fpl_dretinf                            0x080088b1   Thumb Code    12  dretinf.o(x$fpl$dretinf)
    __aeabi_dsub                             0x080088bd   Thumb Code     0  daddsub_clz.o(x$fpl$dsub)
    _dsub                                    0x080088bd   Thumb Code   464  daddsub_clz.o(x$fpl$dsub)
    __aeabi_f2d                              0x08008a91   Thumb Code     0  f2d.o(x$fpl$f2d)
    _f2d                                     0x08008a91   Thumb Code    86  f2d.o(x$fpl$f2d)
    __fpl_fnaninf                            0x08008ae7   Thumb Code   140  fnaninf.o(x$fpl$fnaninf)
    _fp_init                                 0x08008b73   Thumb Code    10  fpinit.o(x$fpl$fpinit)
    __fplib_config_fpu_vfp                   0x08008b7b   Thumb Code     0  fpinit.o(x$fpl$fpinit)
    __fplib_config_pureend_doubles           0x08008b7b   Thumb Code     0  fpinit.o(x$fpl$fpinit)
    __fpl_fretinf                            0x08008b7d   Thumb Code    10  fretinf.o(x$fpl$fretinf)
    _printf_fp_dec                           0x08008b87   Thumb Code     4  printf1.o(x$fpl$printf1)
    UARTPrescTable                           0x08008b8a   Data          24  stm32g4xx_hal_uart.o(.constdata)
    __I$use$fp                               0x08008b8a   Number         0  usenofp.o(x$fpl$usenofp)
    AHBPrescTable                            0x08008bb2   Data          16  system_stm32g4xx.o(.constdata)
    APBPrescTable                            0x08008bc2   Data           8  system_stm32g4xx.o(.constdata)
    sinTable_f32                             0x08008c60   Data        2052  arm_common_tables.o(.rodata.sinTable_f32)
    Region$$Table$$Base                      0x08009464   Number         0  anon$$obj.o(Region$$Table)
    Region$$Table$$Limit                     0x08009484   Number         0  anon$$obj.o(Region$$Table)
    d1                                       0x20000000   Data           1  main.o(.data)
    d0                                       0x20000002   Data           2  main.o(.data)
    DataSerial                               0x20000004   Data          80  main.o(.data)
    Note                                     0x20000054   Data         125  main.o(.data)
    rx_Data                                  0x200000d1   Data           4  main.o(.data)
    prob_err_d                               0x200000d8   Data           4  main.o(.data)
    prob_err_q                               0x200000dc   Data           4  main.o(.data)
    uwTick                                   0x200000e0   Data           4  stm32g4xx_hal.o(.data)
    uwTickPrio                               0x200000e4   Data           4  stm32g4xx_hal.o(.data)
    uwTickFreq                               0x200000e8   Data           4  stm32g4xx_hal.o(.data)
    SystemCoreClock                          0x200000ec   Data           4  system_stm32g4xx.o(.data)
    Analog_InitStructure                     0x200000f8   Data          48  main.o(.bss)
    SVPWM_InitStructure                      0x20000128   Data         108  main.o(.bss)
    hpi_current                              0x20000194   Data          48  main.o(.bss)
    prob                                     0x200001c4   Data          12  main.o(.bss)
    hadc1                                    0x200001d0   Data         108  adc.o(.bss)
    hdma_adc1                                0x2000023c   Data          96  adc.o(.bss)
    hspi1                                    0x2000029c   Data         100  spi.o(.bss)
    hdma_spi1_rx                             0x20000300   Data          96  spi.o(.bss)
    hdma_spi1_tx                             0x20000360   Data          96  spi.o(.bss)
    htim1                                    0x200003c0   Data          76  tim.o(.bss)
    htim2                                    0x2000040c   Data          76  tim.o(.bss)
    htim3                                    0x20000458   Data          76  tim.o(.bss)
    huart1                                   0x200004a4   Data         148  usart.o(.bss)
    __libspace_start                         0x20000544   Data          96  libspace.o(.bss)
    __temporary_stack_top$libspace           0x200005a4   Data           0  libspace.o(.bss)



==============================================================================

Memory Map of the image

  Image Entry point : 0x080001d9

  Load Region LR_IROM1 (Base: 0x08000000, Size: 0x00009598, Max: 0x00020000, ABSOLUTE)

    Execution Region ER_IROM1 (Exec base: 0x08000000, Load base: 0x08000000, Size: 0x000094a0, Max: 0x00020000, ABSOLUTE)

    Exec Addr    Load Addr    Size         Type   Attr      Idx    E Section Name        Object

    0x08000000   0x08000000   0x000001d8   Data   RO            3    RESET               startup_stm32g431xx.o
    0x080001d8   0x080001d8   0x00000008   Code   RO         5298  * !!!main             c_w.l(__main.o)
    0x080001e0   0x080001e0   0x00000034   Code   RO         5546    !!!scatter          c_w.l(__scatter.o)
    0x08000214   0x08000214   0x0000001a   Code   RO         5548    !!handler_copy      c_w.l(__scatter_copy.o)
    0x0800022e   0x0800022e   0x00000002   PAD
    0x08000230   0x08000230   0x0000001c   Code   RO         5550    !!handler_zi        c_w.l(__scatter_zi.o)
    0x0800024c   0x0800024c   0x00000000   Code   RO         5289    .ARM.Collect$$_printf_percent$$00000000  c_w.l(_printf_percent.o)
    0x0800024c   0x0800024c   0x00000006   Code   RO         5288    .ARM.Collect$$_printf_percent$$00000003  c_w.l(_printf_f.o)
    0x08000252   0x08000252   0x00000004   Code   RO         5331    .ARM.Collect$$_printf_percent$$00000017  c_w.l(_printf_percent_end.o)
    0x08000256   0x08000256   0x00000002   Code   RO         5419    .ARM.Collect$$libinit$$00000000  c_w.l(libinit.o)
    0x08000258   0x08000258   0x00000004   Code   RO         5420    .ARM.Collect$$libinit$$00000001  c_w.l(libinit2.o)
    0x0800025c   0x0800025c   0x00000000   Code   RO         5423    .ARM.Collect$$libinit$$00000004  c_w.l(libinit2.o)
    0x0800025c   0x0800025c   0x00000000   Code   RO         5426    .ARM.Collect$$libinit$$0000000A  c_w.l(libinit2.o)
    0x0800025c   0x0800025c   0x00000000   Code   RO         5428    .ARM.Collect$$libinit$$0000000C  c_w.l(libinit2.o)
    0x0800025c   0x0800025c   0x00000000   Code   RO         5430    .ARM.Collect$$libinit$$0000000E  c_w.l(libinit2.o)
    0x0800025c   0x0800025c   0x00000006   Code   RO         5431    .ARM.Collect$$libinit$$0000000F  c_w.l(libinit2.o)
    0x08000262   0x08000262   0x00000000   Code   RO         5433    .ARM.Collect$$libinit$$00000011  c_w.l(libinit2.o)
    0x08000262   0x08000262   0x00000000   Code   RO         5435    .ARM.Collect$$libinit$$00000013  c_w.l(libinit2.o)
    0x08000262   0x08000262   0x00000000   Code   RO         5437    .ARM.Collect$$libinit$$00000015  c_w.l(libinit2.o)
    0x08000262   0x08000262   0x0000000a   Code   RO         5438    .ARM.Collect$$libinit$$00000016  c_w.l(libinit2.o)
    0x0800026c   0x0800026c   0x00000000   Code   RO         5439    .ARM.Collect$$libinit$$00000017  c_w.l(libinit2.o)
    0x0800026c   0x0800026c   0x00000000   Code   RO         5441    .ARM.Collect$$libinit$$00000019  c_w.l(libinit2.o)
    0x0800026c   0x0800026c   0x00000000   Code   RO         5443    .ARM.Collect$$libinit$$0000001B  c_w.l(libinit2.o)
    0x0800026c   0x0800026c   0x00000000   Code   RO         5445    .ARM.Collect$$libinit$$0000001D  c_w.l(libinit2.o)
    0x0800026c   0x0800026c   0x00000000   Code   RO         5447    .ARM.Collect$$libinit$$0000001F  c_w.l(libinit2.o)
    0x0800026c   0x0800026c   0x00000000   Code   RO         5449    .ARM.Collect$$libinit$$00000021  c_w.l(libinit2.o)
    0x0800026c   0x0800026c   0x00000000   Code   RO         5451    .ARM.Collect$$libinit$$00000023  c_w.l(libinit2.o)
    0x0800026c   0x0800026c   0x00000000   Code   RO         5453    .ARM.Collect$$libinit$$00000025  c_w.l(libinit2.o)
    0x0800026c   0x0800026c   0x00000000   Code   RO         5457    .ARM.Collect$$libinit$$0000002C  c_w.l(libinit2.o)
    0x0800026c   0x0800026c   0x00000000   Code   RO         5459    .ARM.Collect$$libinit$$0000002E  c_w.l(libinit2.o)
    0x0800026c   0x0800026c   0x00000000   Code   RO         5461    .ARM.Collect$$libinit$$00000030  c_w.l(libinit2.o)
    0x0800026c   0x0800026c   0x00000000   Code   RO         5463    .ARM.Collect$$libinit$$00000032  c_w.l(libinit2.o)
    0x0800026c   0x0800026c   0x00000002   Code   RO         5464    .ARM.Collect$$libinit$$00000033  c_w.l(libinit2.o)
    0x0800026e   0x0800026e   0x00000002   Code   RO         5511    .ARM.Collect$$libshutdown$$00000000  c_w.l(libshutdown.o)
    0x08000270   0x08000270   0x00000000   Code   RO         5529    .ARM.Collect$$libshutdown$$00000002  c_w.l(libshutdown2.o)
    0x08000270   0x08000270   0x00000000   Code   RO         5531    .ARM.Collect$$libshutdown$$00000004  c_w.l(libshutdown2.o)
    0x08000270   0x08000270   0x00000000   Code   RO         5534    .ARM.Collect$$libshutdown$$00000007  c_w.l(libshutdown2.o)
    0x08000270   0x08000270   0x00000000   Code   RO         5537    .ARM.Collect$$libshutdown$$0000000A  c_w.l(libshutdown2.o)
    0x08000270   0x08000270   0x00000000   Code   RO         5539    .ARM.Collect$$libshutdown$$0000000C  c_w.l(libshutdown2.o)
    0x08000270   0x08000270   0x00000000   Code   RO         5542    .ARM.Collect$$libshutdown$$0000000F  c_w.l(libshutdown2.o)
    0x08000270   0x08000270   0x00000002   Code   RO         5543    .ARM.Collect$$libshutdown$$00000010  c_w.l(libshutdown2.o)
    0x08000272   0x08000272   0x00000000   Code   RO         5320    .ARM.Collect$$rtentry$$00000000  c_w.l(__rtentry.o)
    0x08000272   0x08000272   0x00000000   Code   RO         5342    .ARM.Collect$$rtentry$$00000002  c_w.l(__rtentry2.o)
    0x08000272   0x08000272   0x00000006   Code   RO         5354    .ARM.Collect$$rtentry$$00000004  c_w.l(__rtentry4.o)
    0x08000278   0x08000278   0x00000000   Code   RO         5344    .ARM.Collect$$rtentry$$00000009  c_w.l(__rtentry2.o)
    0x08000278   0x08000278   0x00000004   Code   RO         5345    .ARM.Collect$$rtentry$$0000000A  c_w.l(__rtentry2.o)
    0x0800027c   0x0800027c   0x00000000   Code   RO         5347    .ARM.Collect$$rtentry$$0000000C  c_w.l(__rtentry2.o)
    0x0800027c   0x0800027c   0x00000008   Code   RO         5348    .ARM.Collect$$rtentry$$0000000D  c_w.l(__rtentry2.o)
    0x08000284   0x08000284   0x00000002   Code   RO         5465    .ARM.Collect$$rtexit$$00000000  c_w.l(rtexit.o)
    0x08000286   0x08000286   0x00000000   Code   RO         5480    .ARM.Collect$$rtexit$$00000002  c_w.l(rtexit2.o)
    0x08000286   0x08000286   0x00000004   Code   RO         5481    .ARM.Collect$$rtexit$$00000003  c_w.l(rtexit2.o)
    0x0800028a   0x0800028a   0x00000006   Code   RO         5482    .ARM.Collect$$rtexit$$00000004  c_w.l(rtexit2.o)
    0x08000290   0x08000290   0x00000040   Code   RO            4    .text               startup_stm32g431xx.o
    0x080002d0   0x080002d0   0x000000ee   Code   RO         5260    .text               c_w.l(lludivv7m.o)
    0x080003be   0x080003be   0x00000002   PAD
    0x080003c0   0x080003c0   0x00000028   Code   RO         5264    .text               c_w.l(noretval__2sprintf.o)
    0x080003e8   0x080003e8   0x0000010e   Code   RO         5276    .text               c_w.l(__printf_wp.o)
    0x080004f6   0x080004f6   0x0000003e   Code   RO         5290    .text               c_w.l(strlen.o)
    0x08000534   0x08000534   0x0000004e   Code   RO         5294    .text               c_w.l(rt_memclr_w.o)
    0x08000582   0x08000582   0x00000006   Code   RO         5296    .text               c_w.l(heapauxi.o)
    0x08000588   0x08000588   0x0000041e   Code   RO         5325    .text               c_w.l(_printf_fp_dec.o)
    0x080009a6   0x080009a6   0x00000002   PAD
    0x080009a8   0x080009a8   0x00000030   Code   RO         5327    .text               c_w.l(_printf_char_common.o)
    0x080009d8   0x080009d8   0x0000000a   Code   RO         5329    .text               c_w.l(_sputc.o)
    0x080009e2   0x080009e2   0x00000002   PAD
    0x080009e4   0x080009e4   0x00000008   Code   RO         5361    .text               c_w.l(rt_locale_intlibspace.o)
    0x080009ec   0x080009ec   0x0000008a   Code   RO         5363    .text               c_w.l(lludiv10.o)
    0x08000a76   0x08000a76   0x00000002   PAD
    0x08000a78   0x08000a78   0x00000080   Code   RO         5365    .text               c_w.l(_printf_fp_infnan.o)
    0x08000af8   0x08000af8   0x000000e4   Code   RO         5369    .text               c_w.l(bigflt0.o)
    0x08000bdc   0x08000bdc   0x00000008   Code   RO         5401    .text               c_w.l(libspace.o)
    0x08000be4   0x08000be4   0x0000004a   Code   RO         5404    .text               c_w.l(sys_stackheap_outer.o)
    0x08000c2e   0x08000c2e   0x00000012   Code   RO         5406    .text               c_w.l(exit.o)
    0x08000c40   0x08000c40   0x00000080   Code   RO         5412    .text               c_w.l(strcmpv7m.o)
    0x08000cc0   0x08000cc0   0x0000000c   Code   RO         5477    .text               c_w.l(sys_exit.o)
    0x08000ccc   0x08000ccc   0x00000002   Code   RO         5498    .text               c_w.l(use_no_semi.o)
    0x08000cce   0x08000cce   0x00000000   Code   RO         5500    .text               c_w.l(indicate_semi.o)
    0x08000cce   0x08000cce   0x00000002   PAD
    0x08000cd0   0x08000cd0   0x000000a0   Code   RO         5144    .text.arm_cos_f32   arm_cortexM4lf_math.lib(arm_cos_f32.o)
    0x08000d70   0x08000d70   0x00000098   Code   RO         5154    .text.arm_sin_f32   arm_cortexM4lf_math.lib(arm_sin_f32.o)
    0x08000e08   0x08000e08   0x0000003e   Code   RO         5372    CL$$btod_d2e        c_w.l(btod.o)
    0x08000e46   0x08000e46   0x00000046   Code   RO         5374    CL$$btod_d2e_denorm_low  c_w.l(btod.o)
    0x08000e8c   0x08000e8c   0x00000060   Code   RO         5373    CL$$btod_d2e_norm_op1  c_w.l(btod.o)
    0x08000eec   0x08000eec   0x00000338   Code   RO         5382    CL$$btod_div_common  c_w.l(btod.o)
    0x08001224   0x08001224   0x000000dc   Code   RO         5379    CL$$btod_e2e        c_w.l(btod.o)
    0x08001300   0x08001300   0x0000002a   Code   RO         5376    CL$$btod_ediv       c_w.l(btod.o)
    0x0800132a   0x0800132a   0x0000002a   Code   RO         5375    CL$$btod_emul       c_w.l(btod.o)
    0x08001354   0x08001354   0x00000244   Code   RO         5381    CL$$btod_mult_common  c_w.l(btod.o)
    0x08001598   0x08001598   0x00000010   Code   RO          491    i.ADC1_2_IRQHandler  stm32g4xx_it.o
    0x080015a8   0x080015a8   0x00000092   Code   RO          652    i.ADC_DMAConvCplt   stm32g4xx_hal_adc.o
    0x0800163a   0x0800163a   0x0000001e   Code   RO          653    i.ADC_DMAError      stm32g4xx_hal_adc.o
    0x08001658   0x08001658   0x0000000e   Code   RO          654    i.ADC_DMAHalfConvCplt  stm32g4xx_hal_adc.o
    0x08001666   0x08001666   0x00000002   PAD
    0x08001668   0x08001668   0x00000094   Code   RO          655    i.ADC_Disable       stm32g4xx_hal_adc.o
    0x080016fc   0x080016fc   0x000000c8   Code   RO          656    i.ADC_Enable        stm32g4xx_hal_adc.o
    0x080017c4   0x080017c4   0x0000001a   Code   RO         5069    i.ADC_Init          signalprocess.o
    0x080017de   0x080017de   0x00000002   PAD
    0x080017e0   0x080017e0   0x00000028   Code   RO         5070    i.AS5048A_Init      signalprocess.o
    0x08001808   0x08001808   0x0000002c   Code   RO         5071    i.Analog_Init       signalprocess.o
    0x08001834   0x08001834   0x00000004   Code   RO          492    i.BusFault_Handler  stm32g4xx_it.o
    0x08001838   0x08001838   0x00000014   Code   RO         4894    i.CTRLA_VBUS        controller.o
    0x0800184c   0x0800184c   0x0000007c   Code   RO         4896    i.Current_PI_Init   controller.o
    0x080018c8   0x080018c8   0x00000128   Code   RO         5073    i.Current_transform  signalprocess.o
    0x080019f0   0x080019f0   0x00000010   Code   RO          493    i.DMA1_Channel1_IRQHandler  stm32g4xx_it.o
    0x08001a00   0x08001a00   0x00000010   Code   RO          494    i.DMA1_Channel2_IRQHandler  stm32g4xx_it.o
    0x08001a10   0x08001a10   0x00000010   Code   RO          495    i.DMA2_Channel1_IRQHandler  stm32g4xx_it.o
    0x08001a20   0x08001a20   0x00000044   Code   RO         2074    i.DMA_CalcDMAMUXChannelBaseAndMask  stm32g4xx_hal_dma.o
    0x08001a64   0x08001a64   0x00000024   Code   RO         2075    i.DMA_CalcDMAMUXRequestGenBaseAndMask  stm32g4xx_hal_dma.o
    0x08001a88   0x08001a88   0x00000040   Code   RO         2076    i.DMA_SetConfig     stm32g4xx_hal_dma.o
    0x08001ac8   0x08001ac8   0x00000002   Code   RO          496    i.DebugMon_Handler  stm32g4xx_it.o
    0x08001aca   0x08001aca   0x00000014   Code   RO          497    i.EXTI15_10_IRQHandler  stm32g4xx_it.o
    0x08001ade   0x08001ade   0x0000000c   Code   RO          498    i.EXTI9_5_IRQHandler  stm32g4xx_it.o
    0x08001aea   0x08001aea   0x00000006   Code   RO           13    i.Error_Handler     main.o
    0x08001af0   0x08001af0   0x000000b0   Code   RO          929    i.HAL_ADCEx_Calibration_Start  stm32g4xx_hal_adc_ex.o
    0x08001ba0   0x08001ba0   0x00000002   Code   RO          933    i.HAL_ADCEx_EndOfSamplingCallback  stm32g4xx_hal_adc_ex.o
    0x08001ba2   0x08001ba2   0x00000002   Code   RO          936    i.HAL_ADCEx_InjectedConvCpltCallback  stm32g4xx_hal_adc_ex.o
    0x08001ba4   0x08001ba4   0x00000002   Code   RO          939    i.HAL_ADCEx_InjectedQueueOverflowCallback  stm32g4xx_hal_adc_ex.o
    0x08001ba6   0x08001ba6   0x00000002   Code   RO          944    i.HAL_ADCEx_LevelOutOfWindow2Callback  stm32g4xx_hal_adc_ex.o
    0x08001ba8   0x08001ba8   0x00000002   Code   RO          945    i.HAL_ADCEx_LevelOutOfWindow3Callback  stm32g4xx_hal_adc_ex.o
    0x08001baa   0x08001baa   0x00000002   PAD
    0x08001bac   0x08001bac   0x0000010c   Code   RO          946    i.HAL_ADCEx_MultiModeConfigChannel  stm32g4xx_hal_adc_ex.o
    0x08001cb8   0x08001cb8   0x00000508   Code   RO          658    i.HAL_ADC_ConfigChannel  stm32g4xx_hal_adc.o
    0x080021c0   0x080021c0   0x00000002   Code   RO           14    i.HAL_ADC_ConvCpltCallback  main.o
    0x080021c2   0x080021c2   0x00000002   Code   RO          660    i.HAL_ADC_ConvHalfCpltCallback  stm32g4xx_hal_adc.o
    0x080021c4   0x080021c4   0x00000002   Code   RO          662    i.HAL_ADC_ErrorCallback  stm32g4xx_hal_adc.o
    0x080021c6   0x080021c6   0x00000002   PAD
    0x080021c8   0x080021c8   0x00000330   Code   RO          666    i.HAL_ADC_IRQHandler  stm32g4xx_hal_adc.o
    0x080024f8   0x080024f8   0x0000025c   Code   RO          667    i.HAL_ADC_Init      stm32g4xx_hal_adc.o
    0x08002754   0x08002754   0x00000002   Code   RO          668    i.HAL_ADC_LevelOutOfWindowCallback  stm32g4xx_hal_adc.o
    0x08002756   0x08002756   0x00000002   PAD
    0x08002758   0x08002758   0x00000110   Code   RO          282    i.HAL_ADC_MspInit   adc.o
    0x08002868   0x08002868   0x00000114   Code   RO          675    i.HAL_ADC_Start_DMA  stm32g4xx_hal_adc.o
    0x0800297c   0x0800297c   0x00000076   Code   RO         2077    i.HAL_DMA_Abort     stm32g4xx_hal_dma.o
    0x080029f2   0x080029f2   0x00000094   Code   RO         2078    i.HAL_DMA_Abort_IT  stm32g4xx_hal_dma.o
    0x08002a86   0x08002a86   0x000000fe   Code   RO         2082    i.HAL_DMA_IRQHandler  stm32g4xx_hal_dma.o
    0x08002b84   0x08002b84   0x000000d0   Code   RO         2083    i.HAL_DMA_Init      stm32g4xx_hal_dma.o
    0x08002c54   0x08002c54   0x000000c2   Code   RO         2087    i.HAL_DMA_Start_IT  stm32g4xx_hal_dma.o
    0x08002d16   0x08002d16   0x00000002   PAD
    0x08002d18   0x08002d18   0x0000008c   Code   RO           15    i.HAL_GPIO_EXTI_Callback  main.o
    0x08002da4   0x08002da4   0x0000001c   Code   RO         1938    i.HAL_GPIO_EXTI_IRQHandler  stm32g4xx_hal_gpio.o
    0x08002dc0   0x08002dc0   0x000001cc   Code   RO         1939    i.HAL_GPIO_Init     stm32g4xx_hal_gpio.o
    0x08002f8c   0x08002f8c   0x0000000a   Code   RO         1943    i.HAL_GPIO_WritePin  stm32g4xx_hal_gpio.o
    0x08002f96   0x08002f96   0x00000002   PAD
    0x08002f98   0x08002f98   0x0000000c   Code   RO         1174    i.HAL_GetTick       stm32g4xx_hal.o
    0x08002fa4   0x08002fa4   0x00000018   Code   RO         1180    i.HAL_IncTick       stm32g4xx_hal.o
    0x08002fbc   0x08002fbc   0x0000001e   Code   RO         1181    i.HAL_Init          stm32g4xx_hal.o
    0x08002fda   0x08002fda   0x00000002   PAD
    0x08002fdc   0x08002fdc   0x00000058   Code   RO         1182    i.HAL_InitTick      stm32g4xx_hal.o
    0x08003034   0x08003034   0x00000054   Code   RO          627    i.HAL_MspInit       stm32g4xx_hal_msp.o
    0x08003088   0x08003088   0x00000028   Code   RO         2588    i.HAL_NVIC_EnableIRQ  stm32g4xx_hal_cortex.o
    0x080030b0   0x080030b0   0x0000007a   Code   RO         2594    i.HAL_NVIC_SetPriority  stm32g4xx_hal_cortex.o
    0x0800312a   0x0800312a   0x00000002   PAD
    0x0800312c   0x0800312c   0x00000028   Code   RO         2595    i.HAL_NVIC_SetPriorityGrouping  stm32g4xx_hal_cortex.o
    0x08003154   0x08003154   0x00000118   Code   RO         2342    i.HAL_PWREx_ControlVoltageScaling  stm32g4xx_hal_pwr_ex.o
    0x0800326c   0x0800326c   0x00000014   Code   RO         2354    i.HAL_PWREx_DisableUCPDDeadBattery  stm32g4xx_hal_pwr_ex.o
    0x08003280   0x08003280   0x00000370   Code   RO         1546    i.HAL_RCCEx_PeriphCLKConfig  stm32g4xx_hal_rcc_ex.o
    0x080035f0   0x080035f0   0x00000224   Code   RO         1416    i.HAL_RCC_ClockConfig  stm32g4xx_hal_rcc.o
    0x08003814   0x08003814   0x0000000c   Code   RO         1422    i.HAL_RCC_GetHCLKFreq  stm32g4xx_hal_rcc.o
    0x08003820   0x08003820   0x00000024   Code   RO         1424    i.HAL_RCC_GetPCLK1Freq  stm32g4xx_hal_rcc.o
    0x08003844   0x08003844   0x00000024   Code   RO         1425    i.HAL_RCC_GetPCLK2Freq  stm32g4xx_hal_rcc.o
    0x08003868   0x08003868   0x00000098   Code   RO         1426    i.HAL_RCC_GetSysClockFreq  stm32g4xx_hal_rcc.o
    0x08003900   0x08003900   0x0000055c   Code   RO         1429    i.HAL_RCC_OscConfig  stm32g4xx_hal_rcc.o
    0x08003e5c   0x08003e5c   0x00000002   Code   RO         2740    i.HAL_SPI_ErrorCallback  stm32g4xx_hal_spi.o
    0x08003e5e   0x08003e5e   0x00000002   PAD
    0x08003e60   0x08003e60   0x0000015c   Code   RO         2743    i.HAL_SPI_IRQHandler  stm32g4xx_hal_spi.o
    0x08003fbc   0x08003fbc   0x000000fc   Code   RO         2744    i.HAL_SPI_Init      stm32g4xx_hal_spi.o
    0x080040b8   0x080040b8   0x00000110   Code   RO          348    i.HAL_SPI_MspInit   spi.o
    0x080041c8   0x080041c8   0x00000002   Code   RO         2750    i.HAL_SPI_RxCpltCallback  stm32g4xx_hal_spi.o
    0x080041ca   0x080041ca   0x00000002   Code   RO         2751    i.HAL_SPI_RxHalfCpltCallback  stm32g4xx_hal_spi.o
    0x080041cc   0x080041cc   0x00000228   Code   RO         2754    i.HAL_SPI_TransmitReceive_DMA  stm32g4xx_hal_spi.o
    0x080043f4   0x080043f4   0x00000038   Code   RO           16    i.HAL_SPI_TxRxCpltCallback  main.o
    0x0800442c   0x0800442c   0x00000002   Code   RO         2761    i.HAL_SPI_TxRxHalfCpltCallback  stm32g4xx_hal_spi.o
    0x0800442e   0x0800442e   0x00000002   PAD
    0x08004430   0x08004430   0x00000014   Code   RO         1191    i.HAL_SYSCFG_DisableVREFBUF  stm32g4xx_hal.o
    0x08004444   0x08004444   0x00000014   Code   RO         1196    i.HAL_SYSCFG_VREFBUF_HighImpedanceConfig  stm32g4xx_hal.o
    0x08004458   0x08004458   0x00000034   Code   RO         2599    i.HAL_SYSTICK_Config  stm32g4xx_hal_cortex.o
    0x0800448c   0x0800448c   0x00000002   Code   RO         3811    i.HAL_TIMEx_Break2Callback  stm32g4xx_hal_tim_ex.o
    0x0800448e   0x0800448e   0x00000002   Code   RO         3812    i.HAL_TIMEx_BreakCallback  stm32g4xx_hal_tim_ex.o
    0x08004490   0x08004490   0x00000002   Code   RO         3813    i.HAL_TIMEx_CommutCallback  stm32g4xx_hal_tim_ex.o
    0x08004492   0x08004492   0x00000002   PAD
    0x08004494   0x08004494   0x000000c8   Code   RO         3816    i.HAL_TIMEx_ConfigBreakDeadTime  stm32g4xx_hal_tim_ex.o
    0x0800455c   0x0800455c   0x00000002   Code   RO         3824    i.HAL_TIMEx_DirectionChangeCallback  stm32g4xx_hal_tim_ex.o
    0x0800455e   0x0800455e   0x00000002   Code   RO         3838    i.HAL_TIMEx_EncoderIndexCallback  stm32g4xx_hal_tim_ex.o
    0x08004560   0x08004560   0x00000002   Code   RO         3852    i.HAL_TIMEx_IndexErrorCallback  stm32g4xx_hal_tim_ex.o
    0x08004562   0x08004562   0x00000002   PAD
    0x08004564   0x08004564   0x000000b8   Code   RO         3853    i.HAL_TIMEx_MasterConfigSynchronization  stm32g4xx_hal_tim_ex.o
    0x0800461c   0x0800461c   0x000000e8   Code   RO         3865    i.HAL_TIMEx_PWMN_Start  stm32g4xx_hal_tim_ex.o
    0x08004704   0x08004704   0x00000002   Code   RO         3874    i.HAL_TIMEx_TransitionErrorCallback  stm32g4xx_hal_tim_ex.o
    0x08004706   0x08004706   0x0000006e   Code   RO         3086    i.HAL_TIM_Base_Init  stm32g4xx_hal_tim.o
    0x08004774   0x08004774   0x000000a0   Code   RO          390    i.HAL_TIM_Base_MspInit  tim.o
    0x08004814   0x08004814   0x00000090   Code   RO         3089    i.HAL_TIM_Base_Start  stm32g4xx_hal_tim.o
    0x080048a4   0x080048a4   0x0000009c   Code   RO         3091    i.HAL_TIM_Base_Start_IT  stm32g4xx_hal_tim.o
    0x08004940   0x08004940   0x0000003e   Code   RO         3094    i.HAL_TIM_Base_Stop_IT  stm32g4xx_hal_tim.o
    0x0800497e   0x0800497e   0x00000002   PAD
    0x08004980   0x08004980   0x00000134   Code   RO         3095    i.HAL_TIM_ConfigClockSource  stm32g4xx_hal_tim.o
    0x08004ab4   0x08004ab4   0x00000002   Code   RO         3120    i.HAL_TIM_IC_CaptureCallback  stm32g4xx_hal_tim.o
    0x08004ab6   0x08004ab6   0x00000220   Code   RO         3134    i.HAL_TIM_IRQHandler  stm32g4xx_hal_tim.o
    0x08004cd6   0x08004cd6   0x00000002   PAD
    0x08004cd8   0x08004cd8   0x00000098   Code   RO          391    i.HAL_TIM_MspPostInit  tim.o
    0x08004d70   0x08004d70   0x00000002   Code   RO         3137    i.HAL_TIM_OC_DelayElapsedCallback  stm32g4xx_hal_tim.o
    0x08004d72   0x08004d72   0x00000170   Code   RO         3158    i.HAL_TIM_PWM_ConfigChannel  stm32g4xx_hal_tim.o
    0x08004ee2   0x08004ee2   0x0000006e   Code   RO         3161    i.HAL_TIM_PWM_Init  stm32g4xx_hal_tim.o
    0x08004f50   0x08004f50   0x00000002   Code   RO         3163    i.HAL_TIM_PWM_MspInit  stm32g4xx_hal_tim.o
    0x08004f52   0x08004f52   0x00000002   Code   RO         3164    i.HAL_TIM_PWM_PulseFinishedCallback  stm32g4xx_hal_tim.o
    0x08004f54   0x08004f54   0x0000014c   Code   RO         3166    i.HAL_TIM_PWM_Start  stm32g4xx_hal_tim.o
    0x080050a0   0x080050a0   0x0000008c   Code   RO           17    i.HAL_TIM_PeriodElapsedCallback  main.o
    0x0800512c   0x0800512c   0x00000002   Code   RO         3177    i.HAL_TIM_TriggerCallback  stm32g4xx_hal_tim.o
    0x0800512e   0x0800512e   0x0000004e   Code   RO         4665    i.HAL_UARTEx_DisableFifoMode  stm32g4xx_hal_uart_ex.o
    0x0800517c   0x0800517c   0x00000002   Code   RO         4249    i.HAL_UARTEx_RxEventCallback  stm32g4xx_hal_uart.o
    0x0800517e   0x0800517e   0x00000002   Code   RO         4673    i.HAL_UARTEx_RxFifoFullCallback  stm32g4xx_hal_uart_ex.o
    0x08005180   0x08005180   0x0000005e   Code   RO         4674    i.HAL_UARTEx_SetRxFifoThreshold  stm32g4xx_hal_uart_ex.o
    0x080051de   0x080051de   0x0000005e   Code   RO         4675    i.HAL_UARTEx_SetTxFifoThreshold  stm32g4xx_hal_uart_ex.o
    0x0800523c   0x0800523c   0x00000002   Code   RO         4677    i.HAL_UARTEx_TxFifoEmptyCallback  stm32g4xx_hal_uart_ex.o
    0x0800523e   0x0800523e   0x00000002   Code   RO         4678    i.HAL_UARTEx_WakeupCallback  stm32g4xx_hal_uart_ex.o
    0x08005240   0x08005240   0x00000002   Code   RO         4265    i.HAL_UART_ErrorCallback  stm32g4xx_hal_uart.o
    0x08005242   0x08005242   0x00000002   PAD
    0x08005244   0x08005244   0x000003d0   Code   RO         4268    i.HAL_UART_IRQHandler  stm32g4xx_hal_uart.o
    0x08005614   0x08005614   0x00000078   Code   RO         4269    i.HAL_UART_Init     stm32g4xx_hal_uart.o
    0x0800568c   0x0800568c   0x000000a4   Code   RO          450    i.HAL_UART_MspInit  usart.o
    0x08005730   0x08005730   0x0000005c   Code   RO         4274    i.HAL_UART_Receive_IT  stm32g4xx_hal_uart.o
    0x0800578c   0x0800578c   0x00000034   Code   RO           18    i.HAL_UART_RxCpltCallback  main.o
    0x080057c0   0x080057c0   0x000000ac   Code   RO         4280    i.HAL_UART_Transmit_IT  stm32g4xx_hal_uart.o
    0x0800586c   0x0800586c   0x00000002   Code   RO           19    i.HAL_UART_TxCpltCallback  main.o
    0x0800586e   0x0800586e   0x00000004   Code   RO          499    i.HardFault_Handler  stm32g4xx_it.o
    0x08005872   0x08005872   0x00000002   PAD
    0x08005874   0x08005874   0x000000c8   Code   RO         5074    i.Iabc_to_Idq       signalprocess.o
    0x0800593c   0x0800593c   0x00000018   Code   RO         4965    i.LEDA_set          test.o
    0x08005954   0x08005954   0x00000018   Code   RO         4966    i.LEDB_set          test.o
    0x0800596c   0x0800596c   0x00000010   Code   RO          681    i.LL_ADC_Enable     stm32g4xx_hal_adc.o
    0x0800597c   0x0800597c   0x0000000a   Code   RO          682    i.LL_ADC_GetMultimode  stm32g4xx_hal_adc.o
    0x08005986   0x08005986   0x00000012   Code   RO          683    i.LL_ADC_GetOffsetChannel  stm32g4xx_hal_adc.o
    0x08005998   0x08005998   0x0000000a   Code   RO          684    i.LL_ADC_INJ_IsConversionOngoing  stm32g4xx_hal_adc.o
    0x080059a2   0x080059a2   0x0000000a   Code   RO          685    i.LL_ADC_IsDisableOngoing  stm32g4xx_hal_adc.o
    0x080059ac   0x080059ac   0x0000000a   Code   RO          686    i.LL_ADC_IsEnabled  stm32g4xx_hal_adc.o
    0x080059b6   0x080059b6   0x0000000a   Code   RO          958    i.LL_ADC_IsEnabled  stm32g4xx_hal_adc_ex.o
    0x080059c0   0x080059c0   0x0000000a   Code   RO          687    i.LL_ADC_IsInternalRegulatorEnabled  stm32g4xx_hal_adc.o
    0x080059ca   0x080059ca   0x0000000a   Code   RO          688    i.LL_ADC_REG_IsConversionOngoing  stm32g4xx_hal_adc.o
    0x080059d4   0x080059d4   0x0000000a   Code   RO          959    i.LL_ADC_REG_IsConversionOngoing  stm32g4xx_hal_adc_ex.o
    0x080059de   0x080059de   0x00000012   Code   RO          689    i.LL_ADC_REG_IsTriggerSourceSWStart  stm32g4xx_hal_adc.o
    0x080059f0   0x080059f0   0x00000010   Code   RO          690    i.LL_ADC_REG_StartConversion  stm32g4xx_hal_adc.o
    0x08005a00   0x08005a00   0x00000028   Code   RO          692    i.LL_ADC_SetChannelSamplingTime  stm32g4xx_hal_adc.o
    0x08005a28   0x08005a28   0x0000000c   Code   RO          693    i.LL_ADC_SetCommonPathInternalCh  stm32g4xx_hal_adc.o
    0x08005a34   0x08005a34   0x00000016   Code   RO          694    i.LL_ADC_SetOffsetState  stm32g4xx_hal_adc.o
    0x08005a4a   0x08005a4a   0x0000000c   Code   RO          695    i.LL_ADC_SetSamplingTimeCommonConfig  stm32g4xx_hal_adc.o
    0x08005a56   0x08005a56   0x00000002   PAD
    0x08005a58   0x08005a58   0x00000110   Code   RO          283    i.MX_ADC1_Init      adc.o
    0x08005b68   0x08005b68   0x00000088   Code   RO          323    i.MX_DMA_Init       dma.o
    0x08005bf0   0x08005bf0   0x00000154   Code   RO          257    i.MX_GPIO_Init      gpio.o
    0x08005d44   0x08005d44   0x00000050   Code   RO          349    i.MX_SPI1_Init      spi.o
    0x08005d94   0x08005d94   0x00000110   Code   RO          392    i.MX_TIM1_Init      tim.o
    0x08005ea4   0x08005ea4   0x00000070   Code   RO          393    i.MX_TIM2_Init      tim.o
    0x08005f14   0x08005f14   0x00000070   Code   RO          394    i.MX_TIM3_Init      tim.o
    0x08005f84   0x08005f84   0x0000006c   Code   RO          451    i.MX_USART1_UART_Init  usart.o
    0x08005ff0   0x08005ff0   0x00000004   Code   RO          500    i.MemManage_Handler  stm32g4xx_it.o
    0x08005ff4   0x08005ff4   0x00000004   Code   RO          501    i.NMI_Handler       stm32g4xx_it.o
    0x08005ff8   0x08005ff8   0x0000008a   Code   RO         4898    i.PI_CTRL_inc       controller.o
    0x08006082   0x08006082   0x0000003c   Code   RO         4825    i.PWM_Enable        svpwm.o
    0x080060be   0x080060be   0x00000002   Code   RO          502    i.PendSV_Handler    stm32g4xx_it.o
    0x080060c0   0x080060c0   0x00000068   Code   RO         1430    i.RCC_GetSysClockFreqFromPLLSource  stm32g4xx_hal_rcc.o
    0x08006128   0x08006128   0x000000cc   Code   RO         4900    i.RX_Analysis       controller.o
    0x080061f4   0x080061f4   0x00000010   Code   RO          503    i.SPI1_IRQHandler   stm32g4xx_it.o
    0x08006204   0x08006204   0x00000016   Code   RO         2771    i.SPI_DMAAbortOnError  stm32g4xx_hal_spi.o
    0x0800621a   0x0800621a   0x00000028   Code   RO         2772    i.SPI_DMAError      stm32g4xx_hal_spi.o
    0x08006242   0x08006242   0x0000000e   Code   RO         2773    i.SPI_DMAHalfReceiveCplt  stm32g4xx_hal_spi.o
    0x08006250   0x08006250   0x0000000e   Code   RO         2775    i.SPI_DMAHalfTransmitReceiveCplt  stm32g4xx_hal_spi.o
    0x0800625e   0x0800625e   0x0000007c   Code   RO         2776    i.SPI_DMAReceiveCplt  stm32g4xx_hal_spi.o
    0x080062da   0x080062da   0x00000068   Code   RO         2779    i.SPI_DMATransmitReceiveCplt  stm32g4xx_hal_spi.o
    0x08006342   0x08006342   0x00000082   Code   RO         2781    i.SPI_EndRxTransaction  stm32g4xx_hal_spi.o
    0x080063c4   0x080063c4   0x00000064   Code   RO         2782    i.SPI_EndRxTxTransaction  stm32g4xx_hal_spi.o
    0x08006428   0x08006428   0x000000f8   Code   RO         2787    i.SPI_WaitFifoStateUntilTimeout  stm32g4xx_hal_spi.o
    0x08006520   0x08006520   0x000000d8   Code   RO         2788    i.SPI_WaitFlagStateUntilTimeout  stm32g4xx_hal_spi.o
    0x080065f8   0x080065f8   0x00000002   Code   RO          504    i.SVC_Handler       stm32g4xx_it.o
    0x080065fa   0x080065fa   0x00000002   PAD
    0x080065fc   0x080065fc   0x000003cc   Code   RO         4826    i.SVPWM_GENER       svpwm.o
    0x080069c8   0x080069c8   0x00000020   Code   RO         4827    i.SVPWM_Init        svpwm.o
    0x080069e8   0x080069e8   0x00000048   Code   RO         4828    i.Sector            svpwm.o
    0x08006a30   0x08006a30   0x00000008   Code   RO          505    i.SysTick_Handler   stm32g4xx_it.o
    0x08006a38   0x08006a38   0x0000006c   Code   RO           20    i.SystemClock_Config  main.o
    0x08006aa4   0x08006aa4   0x00000014   Code   RO         4789    i.SystemInit        system_stm32g4xx.o
    0x08006ab8   0x08006ab8   0x00000010   Code   RO          506    i.TIM2_IRQHandler   stm32g4xx_it.o
    0x08006ac8   0x08006ac8   0x00000010   Code   RO          507    i.TIM3_IRQHandler   stm32g4xx_it.o
    0x08006ad8   0x08006ad8   0x000000cc   Code   RO         3179    i.TIM_Base_SetConfig  stm32g4xx_hal_tim.o
    0x08006ba4   0x08006ba4   0x00000022   Code   RO         3180    i.TIM_CCxChannelCmd  stm32g4xx_hal_tim.o
    0x08006bc6   0x08006bc6   0x00000022   Code   RO         3877    i.TIM_CCxNChannelCmd  stm32g4xx_hal_tim_ex.o
    0x08006be8   0x08006be8   0x00000016   Code   RO         3190    i.TIM_ETR_SetConfig  stm32g4xx_hal_tim.o
    0x08006bfe   0x08006bfe   0x00000002   PAD
    0x08006c00   0x08006c00   0x00000018   Code   RO         3191    i.TIM_ITRx_SetConfig  stm32g4xx_hal_tim.o
    0x08006c18   0x08006c18   0x000000ac   Code   RO         3192    i.TIM_OC1_SetConfig  stm32g4xx_hal_tim.o
    0x08006cc4   0x08006cc4   0x000000b4   Code   RO         3193    i.TIM_OC2_SetConfig  stm32g4xx_hal_tim.o
    0x08006d78   0x08006d78   0x000000b4   Code   RO         3194    i.TIM_OC3_SetConfig  stm32g4xx_hal_tim.o
    0x08006e2c   0x08006e2c   0x000000b4   Code   RO         3195    i.TIM_OC4_SetConfig  stm32g4xx_hal_tim.o
    0x08006ee0   0x08006ee0   0x00000070   Code   RO         3196    i.TIM_OC5_SetConfig  stm32g4xx_hal_tim.o
    0x08006f50   0x08006f50   0x00000070   Code   RO         3197    i.TIM_OC6_SetConfig  stm32g4xx_hal_tim.o
    0x08006fc0   0x08006fc0   0x00000026   Code   RO         3199    i.TIM_TI1_ConfigInputStage  stm32g4xx_hal_tim.o
    0x08006fe6   0x08006fe6   0x00000028   Code   RO         3201    i.TIM_TI2_ConfigInputStage  stm32g4xx_hal_tim.o
    0x0800700e   0x0800700e   0x00000002   PAD
    0x08007010   0x08007010   0x00000058   Code   RO         4679    i.UARTEx_SetNbDataToProcess  stm32g4xx_hal_uart_ex.o
    0x08007068   0x08007068   0x000000f8   Code   RO         4283    i.UART_AdvFeatureConfig  stm32g4xx_hal_uart.o
    0x08007160   0x08007160   0x000000ea   Code   RO         4284    i.UART_CheckIdleState  stm32g4xx_hal_uart.o
    0x0800724a   0x0800724a   0x00000014   Code   RO         4285    i.UART_DMAAbortOnError  stm32g4xx_hal_uart.o
    0x0800725e   0x0800725e   0x00000002   PAD
    0x08007260   0x08007260   0x0000006c   Code   RO         4295    i.UART_EndRxTransfer  stm32g4xx_hal_uart.o
    0x080072cc   0x080072cc   0x00000030   Code   RO         4296    i.UART_EndTransmit_IT  stm32g4xx_hal_uart.o
    0x080072fc   0x080072fc   0x00000104   Code   RO         4298    i.UART_RxISR_16BIT  stm32g4xx_hal_uart.o
    0x08007400   0x08007400   0x00000200   Code   RO         4299    i.UART_RxISR_16BIT_FIFOEN  stm32g4xx_hal_uart.o
    0x08007600   0x08007600   0x00000104   Code   RO         4300    i.UART_RxISR_8BIT   stm32g4xx_hal_uart.o
    0x08007704   0x08007704   0x000001fc   Code   RO         4301    i.UART_RxISR_8BIT_FIFOEN  stm32g4xx_hal_uart.o
    0x08007900   0x08007900   0x00000384   Code   RO         4302    i.UART_SetConfig    stm32g4xx_hal_uart.o
    0x08007c84   0x08007c84   0x0000015c   Code   RO         4304    i.UART_Start_Receive_IT  stm32g4xx_hal_uart.o
    0x08007de0   0x08007de0   0x00000062   Code   RO         4305    i.UART_TxISR_16BIT  stm32g4xx_hal_uart.o
    0x08007e42   0x08007e42   0x00000082   Code   RO         4306    i.UART_TxISR_16BIT_FIFOEN  stm32g4xx_hal_uart.o
    0x08007ec4   0x08007ec4   0x0000005c   Code   RO         4307    i.UART_TxISR_8BIT   stm32g4xx_hal_uart.o
    0x08007f20   0x08007f20   0x0000007e   Code   RO         4308    i.UART_TxISR_8BIT_FIFOEN  stm32g4xx_hal_uart.o
    0x08007f9e   0x08007f9e   0x000000ac   Code   RO         4309    i.UART_WaitOnFlagUntilTimeout  stm32g4xx_hal_uart.o
    0x0800804a   0x0800804a   0x00000002   PAD
    0x0800804c   0x0800804c   0x00000010   Code   RO          508    i.USART1_IRQHandler  stm32g4xx_it.o
    0x0800805c   0x0800805c   0x00000004   Code   RO          509    i.UsageFault_Handler  stm32g4xx_it.o
    0x08008060   0x08008060   0x00000030   Code   RO         5399    i.__ARM_fpclassify  m_wm.l(fpclassify.o)
    0x08008090   0x08008090   0x00000010   Code   RO         2601    i.__NVIC_GetPriorityGrouping  stm32g4xx_hal_cortex.o
    0x080080a0   0x080080a0   0x00000028   Code   RO         2602    i.__NVIC_SetPriority  stm32g4xx_hal_cortex.o
    0x080080c8   0x080080c8   0x0000000e   Code   RO         5278    i._is_digit         c_w.l(__printf_wp.o)
    0x080080d6   0x080080d6   0x00000002   PAD
    0x080080d8   0x080080d8   0x00000030   Code   RO         5076    i.absolute_angle    signalprocess.o
    0x08008108   0x08008108   0x00000390   Code   RO           21    i.main              main.o
    0x08008498   0x08008498   0x00000020   Code   RO         4901    i.pow_loop          controller.o
    0x080084b8   0x080084b8   0x0000002c   Code   RO         5395    locale$$code        c_w.l(lc_numeric_c.o)
    0x080084e4   0x080084e4   0x00000062   Code   RO         5300    x$fpl$d2f           fz_wm.l(d2f.o)
    0x08008546   0x08008546   0x00000002   PAD
    0x08008548   0x08008548   0x00000150   Code   RO         5302    x$fpl$dadd          fz_wm.l(daddsub_clz.o)
    0x08008698   0x08008698   0x00000026   Code   RO         5308    x$fpl$dfltu         fz_wm.l(dflt_clz.o)
    0x080086be   0x080086be   0x00000002   PAD
    0x080086c0   0x080086c0   0x00000154   Code   RO         5314    x$fpl$dmul          fz_wm.l(dmul.o)
    0x08008814   0x08008814   0x0000009c   Code   RO         5332    x$fpl$dnaninf       fz_wm.l(dnaninf.o)
    0x080088b0   0x080088b0   0x0000000c   Code   RO         5334    x$fpl$dretinf       fz_wm.l(dretinf.o)
    0x080088bc   0x080088bc   0x000001d4   Code   RO         5304    x$fpl$dsub          fz_wm.l(daddsub_clz.o)
    0x08008a90   0x08008a90   0x00000056   Code   RO         5316    x$fpl$f2d           fz_wm.l(f2d.o)
    0x08008ae6   0x08008ae6   0x0000008c   Code   RO         5336    x$fpl$fnaninf       fz_wm.l(fnaninf.o)
    0x08008b72   0x08008b72   0x0000000a   Code   RO         5475    x$fpl$fpinit        fz_wm.l(fpinit.o)
    0x08008b7c   0x08008b7c   0x0000000a   Code   RO         5338    x$fpl$fretinf       fz_wm.l(fretinf.o)
    0x08008b86   0x08008b86   0x00000004   Code   RO         5318    x$fpl$printf1       fz_wm.l(printf1.o)
    0x08008b8a   0x08008b8a   0x00000000   Code   RO         5340    x$fpl$usenofp       fz_wm.l(usenofp.o)
    0x08008b8a   0x08008b8a   0x00000018   Data   RO         4310    .constdata          stm32g4xx_hal_uart.o
    0x08008ba2   0x08008ba2   0x00000010   Data   RO         4681    .constdata          stm32g4xx_hal_uart_ex.o
    0x08008bb2   0x08008bb2   0x00000018   Data   RO         4790    .constdata          system_stm32g4xx.o
    0x08008bca   0x08008bca   0x00000002   PAD
    0x08008bcc   0x08008bcc   0x00000094   Data   RO         5370    .constdata          c_w.l(bigflt0.o)
    0x08008c60   0x08008c60   0x00000804   Data   RO         5250    .rodata.sinTable_f32  arm_cortexM4lf_math.lib(arm_common_tables.o)
    0x08009464   0x08009464   0x00000020   Data   RO         5544    Region$$Table       anon$$obj.o
    0x08009484   0x08009484   0x0000001c   Data   RO         5394    locale$$data        c_w.l(lc_numeric_c.o)


    Execution Region RW_IRAM1 (Exec base: 0x20000000, Load base: 0x080094a0, Size: 0x00000ba8, Max: 0x00008000, ABSOLUTE)

    Exec Addr    Load Addr    Size         Type   Attr      Idx    E Section Name        Object

    0x20000000   0x080094a0   0x000000e0   Data   RW           23    .data               main.o
    0x200000e0   0x08009580   0x0000000c   Data   RW         1201    .data               stm32g4xx_hal.o
    0x200000ec   0x0800958c   0x00000004   Data   RW         4791    .data               system_stm32g4xx.o
    0x200000f0   0x08009590   0x00000008   Data   RW         5079    .data               signalprocess.o
    0x200000f8        -       0x000000d8   Zero   RW           22    .bss                main.o
    0x200001d0        -       0x000000cc   Zero   RW          284    .bss                adc.o
    0x2000029c        -       0x00000124   Zero   RW          350    .bss                spi.o
    0x200003c0        -       0x000000e4   Zero   RW          395    .bss                tim.o
    0x200004a4        -       0x00000094   Zero   RW          452    .bss                usart.o
    0x20000538        -       0x0000000c   Zero   RW         5078    .bss                signalprocess.o
    0x20000544        -       0x00000060   Zero   RW         5402    .bss                c_w.l(libspace.o)
    0x200005a4   0x08009598   0x00000004   PAD
    0x200005a8        -       0x00000200   Zero   RW            2    HEAP                startup_stm32g431xx.o
    0x200007a8        -       0x00000400   Zero   RW            1    STACK               startup_stm32g431xx.o


==============================================================================

Image component sizes


      Code (inc. data)   RO Data    RW Data    ZI Data      Debug   Object Name

       544         40          0          0        204       2131   adc.o
       518         36          0          0          0       4206   controller.o
       136          4          0          0          0        870   dma.o
       340         12          0          0          0       1079   gpio.o
      1418        230          0        224        216     690332   main.o
       654         46          0          8         12       5519   signalprocess.o
       352         30          0          0        292       1923   spi.o
        64         26        472          0       1536        856   startup_stm32g431xx.o
       194         38          0         12          0       4918   stm32g4xx_hal.o
      3742        140          0          0          0      86488   stm32g4xx_hal_adc.o
       474         18          0          0          0      72502   stm32g4xx_hal_adc_ex.o
       310         22          0          0          0      34455   stm32g4xx_hal_cortex.o
      1090         22          0          0          0       6410   stm32g4xx_hal_dma.o
       498         36          0          0          0       2735   stm32g4xx_hal_gpio.o
        84          6          0          0          0        890   stm32g4xx_hal_msp.o
       300         18          0          0          0       1433   stm32g4xx_hal_pwr_ex.o
      2260        106          0          0          0       7344   stm32g4xx_hal_rcc.o
       880          8          0          0          0       1904   stm32g4xx_hal_rcc_ex.o
      2172         38          0          0          0      13607   stm32g4xx_hal_spi.o
      3442        288          0          0          0      20024   stm32g4xx_hal_tim.o
       664         60          0          0          0       8091   stm32g4xx_hal_tim_ex.o
      5428        152         24          0          0      40375   stm32g4xx_hal_uart.o
       360         10         16          0          0       5530   stm32g4xx_hal_uart_ex.o
       194         48          0          0          0       9441   stm32g4xx_it.o
      1136         20          0          0          0      17829   svpwm.o
        20          6         24          4          0       1163   system_stm32g4xx.o
        48         12          0          0          0       1054   test.o
       808         50          0          0        228       4074   tim.o
       272         24          0          0        148       1830   usart.o

    ----------------------------------------------------------------------
     28448       1546        570        248       2636    1049013   Object Totals
         0          0         32          0          0          0   (incl. Generated)
        46          0          2          0          0          0   (incl. Padding)

    ----------------------------------------------------------------------

      Code (inc. data)   RO Data    RW Data    ZI Data      Debug   Library Member Name

         0          0       2052          0          0       4961   arm_common_tables.o
       160         12          0          0          0       1103   arm_cos_f32.o
       152         12          0          0          0       1098   arm_sin_f32.o
         8          0          0          0          0         68   __main.o
       284          0          0          0          0        156   __printf_wp.o
         0          0          0          0          0          0   __rtentry.o
        12          0          0          0          0          0   __rtentry2.o
         6          0          0          0          0          0   __rtentry4.o
        52          8          0          0          0          0   __scatter.o
        26          0          0          0          0          0   __scatter_copy.o
        28          0          0          0          0          0   __scatter_zi.o
        48          6          0          0          0         96   _printf_char_common.o
         6          0          0          0          0          0   _printf_f.o
      1054          0          0          0          0        216   _printf_fp_dec.o
       128         16          0          0          0         84   _printf_fp_infnan.o
         0          0          0          0          0          0   _printf_percent.o
         4          0          0          0          0          0   _printf_percent_end.o
        10          0          0          0          0         68   _sputc.o
       228          4        148          0          0         96   bigflt0.o
      1936        128          0          0          0        672   btod.o
        18          0          0          0          0         80   exit.o
         6          0          0          0          0        152   heapauxi.o
         0          0          0          0          0          0   indicate_semi.o
        44         10         28          0          0         76   lc_numeric_c.o
         2          0          0          0          0          0   libinit.o
        22          0          0          0          0          0   libinit2.o
         2          0          0          0          0          0   libshutdown.o
         2          0          0          0          0          0   libshutdown2.o
         8          4          0          0         96         68   libspace.o
       138          0          0          0          0         80   lludiv10.o
       238          0          0          0          0        100   lludivv7m.o
        40          6          0          0          0         84   noretval__2sprintf.o
         8          4          0          0          0         68   rt_locale_intlibspace.o
        78          0          0          0          0         80   rt_memclr_w.o
         2          0          0          0          0          0   rtexit.o
        10          0          0          0          0          0   rtexit2.o
       128          0          0          0          0         68   strcmpv7m.o
        62          0          0          0          0         76   strlen.o
        12          4          0          0          0         68   sys_exit.o
        74          0          0          0          0         80   sys_stackheap_outer.o
         2          0          0          0          0         68   use_no_semi.o
        98          4          0          0          0        140   d2f.o
       804         16          0          0          0        368   daddsub_clz.o
        38          0          0          0          0        116   dflt_clz.o
       340         12          0          0          0        152   dmul.o
       156          4          0          0          0        140   dnaninf.o
        12          0          0          0          0        116   dretinf.o
        86          4          0          0          0        132   f2d.o
       140          4          0          0          0        132   fnaninf.o
        10          0          0          0          0        116   fpinit.o
        10          0          0          0          0        116   fretinf.o
         4          0          0          0          0        116   printf1.o
         0          0          0          0          0          0   usenofp.o
        48          0          0          0          0        124   fpclassify.o

    ----------------------------------------------------------------------
      6802        258       2228          0        100      11534   Library Totals
        18          0          0          0          4          0   (incl. Padding)

    ----------------------------------------------------------------------

      Code (inc. data)   RO Data    RW Data    ZI Data      Debug   Library Name

       312         24       2052          0          0       7162   arm_cortexM4lf_math.lib
      4726        190        176          0         96       2604   c_w.l
      1698         44          0          0          0       1644   fz_wm.l
        48          0          0          0          0        124   m_wm.l

    ----------------------------------------------------------------------
      6802        258       2228          0        100      11534   Library Totals

    ----------------------------------------------------------------------

==============================================================================


      Code (inc. data)   RO Data    RW Data    ZI Data      Debug   

     35250       1804       2798        248       2736    1038027   Grand Totals
     35250       1804       2798        248       2736    1038027   ELF Image Totals
     35250       1804       2798        248          0          0   ROM Totals

==============================================================================

    Total RO  Size (Code + RO Data)                38048 (  37.16kB)
    Total RW  Size (RW Data + ZI Data)              2984 (   2.91kB)
    Total ROM Size (Code + RO Data + RW Data)      38296 (  37.40kB)

==============================================================================

