Component: ARM Compiler 5.06 update 6 (build 750) Tool: armlink [4d35ed]

==============================================================================

Section Cross References

    adc.o(i.HAL_ADC_MspDeInit) refers to stm32g4xx_hal_gpio.o(i.HAL_GPIO_DeInit) for HAL_GPIO_DeInit
    adc.o(i.HAL_ADC_MspDeInit) refers to stm32g4xx_hal_dma.o(i.HAL_DMA_DeInit) for HAL_DMA_DeInit
    adc.o(i.HAL_ADC_MspDeInit) refers to stm32g4xx_hal_cortex.o(i.HAL_NVIC_DisableIRQ) for HAL_NVIC_DisableIRQ
    adc.o(i.HAL_ADC_MspInit) refers to rt_memclr_w.o(.text) for __aeabi_memclr4
    adc.o(i.HAL_ADC_MspInit) refers to stm32g4xx_hal_rcc_ex.o(i.HAL_RCCEx_PeriphCLKConfig) for HAL_RCCEx_PeriphCLKConfig
    adc.o(i.HAL_ADC_MspInit) refers to main.o(i.Error_Handler) for Error_Handler
    adc.o(i.HAL_ADC_MspInit) refers to stm32g4xx_hal_gpio.o(i.HAL_GPIO_Init) for HAL_GPIO_Init
    adc.o(i.HAL_ADC_MspInit) refers to stm32g4xx_hal_dma.o(i.HAL_DMA_Init) for HAL_DMA_Init
    adc.o(i.HAL_ADC_MspInit) refers to stm32g4xx_hal_cortex.o(i.HAL_NVIC_SetPriority) for HAL_NVIC_SetPriority
    adc.o(i.HAL_ADC_MspInit) refers to stm32g4xx_hal_cortex.o(i.HAL_NVIC_EnableIRQ) for HAL_NVIC_EnableIRQ
    adc.o(i.HAL_ADC_MspInit) refers to adc.o(.bss) for .bss
    adc.o(i.MX_ADC1_Init) refers to rt_memclr_w.o(.text) for __aeabi_memclr4
    adc.o(i.MX_ADC1_Init) refers to stm32g4xx_hal_adc.o(i.HAL_ADC_Init) for HAL_ADC_Init
    adc.o(i.MX_ADC1_Init) refers to main.o(i.Error_Handler) for Error_Handler
    adc.o(i.MX_ADC1_Init) refers to stm32g4xx_hal_adc_ex.o(i.HAL_ADCEx_MultiModeConfigChannel) for HAL_ADCEx_MultiModeConfigChannel
    adc.o(i.MX_ADC1_Init) refers to stm32g4xx_hal_adc.o(i.HAL_ADC_ConfigChannel) for HAL_ADC_ConfigChannel
    adc.o(i.MX_ADC1_Init) refers to adc.o(.bss) for .bss
    dma.o(i.MX_DMA_Init) refers to stm32g4xx_hal_cortex.o(i.HAL_NVIC_SetPriority) for HAL_NVIC_SetPriority
    dma.o(i.MX_DMA_Init) refers to stm32g4xx_hal_cortex.o(i.HAL_NVIC_EnableIRQ) for HAL_NVIC_EnableIRQ
    gpio.o(i.MX_GPIO_Init) refers to rt_memclr_w.o(.text) for __aeabi_memclr4
    gpio.o(i.MX_GPIO_Init) refers to stm32g4xx_hal_gpio.o(i.HAL_GPIO_WritePin) for HAL_GPIO_WritePin
    gpio.o(i.MX_GPIO_Init) refers to stm32g4xx_hal_gpio.o(i.HAL_GPIO_Init) for HAL_GPIO_Init
    gpio.o(i.MX_GPIO_Init) refers to stm32g4xx_hal_cortex.o(i.HAL_NVIC_SetPriority) for HAL_NVIC_SetPriority
    gpio.o(i.MX_GPIO_Init) refers to stm32g4xx_hal_cortex.o(i.HAL_NVIC_EnableIRQ) for HAL_NVIC_EnableIRQ
    main.o(i.HAL_GPIO_EXTI_Callback) refers to test.o(i.LEDA_set) for LEDA_set
    main.o(i.HAL_GPIO_EXTI_Callback) refers to test.o(i.LEDB_set) for LEDB_set
    main.o(i.HAL_GPIO_EXTI_Callback) refers to controller.o(i.CTRLA_VBUS) for CTRLA_VBUS
    main.o(i.HAL_GPIO_EXTI_Callback) refers to stm32g4xx_hal_tim.o(i.HAL_TIM_Base_Start_IT) for HAL_TIM_Base_Start_IT
    main.o(i.HAL_GPIO_EXTI_Callback) refers to stm32g4xx_hal_tim.o(i.HAL_TIM_Base_Stop_IT) for HAL_TIM_Base_Stop_IT
    main.o(i.HAL_GPIO_EXTI_Callback) refers to main.o(.data) for .data
    main.o(i.HAL_GPIO_EXTI_Callback) refers to tim.o(.bss) for htim2
    main.o(i.HAL_SPI_TxRxCpltCallback) refers to stm32g4xx_hal_gpio.o(i.HAL_GPIO_WritePin) for HAL_GPIO_WritePin
    main.o(i.HAL_SPI_TxRxCpltCallback) refers to Signalprocess.o(i.absolute_angle) for absolute_angle
    main.o(i.HAL_SPI_TxRxCpltCallback) refers to spi.o(.bss) for hspi1
    main.o(i.HAL_SPI_TxRxCpltCallback) refers to main.o(.bss) for .bss
    main.o(i.HAL_TIM_PeriodElapsedCallback) refers to Signalprocess.o(i.Current_transform) for Current_transform
    main.o(i.HAL_TIM_PeriodElapsedCallback) refers to Signalprocess.o(i.Iabc_to_Idq) for Iabc_to_Idq
    main.o(i.HAL_TIM_PeriodElapsedCallback) refers to controller.o(i.PI_Current_pos) for PI_Current_pos
    main.o(i.HAL_TIM_PeriodElapsedCallback) refers to svpwm.o(i.SVPWM_GENER) for SVPWM_GENER
    main.o(i.HAL_TIM_PeriodElapsedCallback) refers to Signalprocess.o(i.AS5048A_Init) for AS5048A_Init
    main.o(i.HAL_TIM_PeriodElapsedCallback) refers to Signalprocess.o(i.speed_get) for speed_get
    main.o(i.HAL_TIM_PeriodElapsedCallback) refers to controller.o(i.PI_Speed_pos) for PI_Speed_pos
    main.o(i.HAL_TIM_PeriodElapsedCallback) refers to tim.o(.bss) for htim2
    main.o(i.HAL_TIM_PeriodElapsedCallback) refers to main.o(.bss) for .bss
    main.o(i.HAL_TIM_PeriodElapsedCallback) refers to main.o(.data) for .data
    main.o(i.HAL_TIM_PeriodElapsedCallback) refers to spi.o(.bss) for hspi1
    main.o(i.HAL_UART_RxCpltCallback) refers to controller.o(i.Speed_RX_Analysis) for Speed_RX_Analysis
    main.o(i.HAL_UART_RxCpltCallback) refers to stm32g4xx_hal_uart.o(i.HAL_UART_Transmit_IT) for HAL_UART_Transmit_IT
    main.o(i.HAL_UART_RxCpltCallback) refers to stm32g4xx_hal_uart.o(i.HAL_UART_Receive_IT) for HAL_UART_Receive_IT
    main.o(i.HAL_UART_RxCpltCallback) refers to usart.o(.bss) for huart1
    main.o(i.HAL_UART_RxCpltCallback) refers to main.o(.bss) for .bss
[...]
    x$fpl$d2f                                0x080071e4   Section       98  d2f.o(x$fpl$d2f)
    $v0                                      0x080071e4   Number         0  d2f.o(x$fpl$d2f)
    x$fpl$dadd                               0x08007248   Section      336  daddsub_clz.o(x$fpl$dadd)
    $v0                                      0x08007248   Number         0  daddsub_clz.o(x$fpl$dadd)
    _dadd1                                   0x08007259   Thumb Code     0  daddsub_clz.o(x$fpl$dadd)
    x$fpl$dfltu                              0x08007398   Section       38  dflt_clz.o(x$fpl$dfltu)
    $v0                                      0x08007398   Number         0  dflt_clz.o(x$fpl$dfltu)
    x$fpl$dmul                               0x080073c0   Section      340  dmul.o(x$fpl$dmul)
    $v0                                      0x080073c0   Number         0  dmul.o(x$fpl$dmul)
    x$fpl$dnaninf                            0x08007514   Section      156  dnaninf.o(x$fpl$dnaninf)
    $v0                                      0x08007514   Number         0  dnaninf.o(x$fpl$dnaninf)
    x$fpl$dretinf                            0x080075b0   Section       12  dretinf.o(x$fpl$dretinf)
    $v0                                      0x080075b0   Number         0  dretinf.o(x$fpl$dretinf)
    x$fpl$dsub                               0x080075bc   Section      468  daddsub_clz.o(x$fpl$dsub)
    $v0                                      0x080075bc   Number         0  daddsub_clz.o(x$fpl$dsub)
    _dsub1                                   0x080075cd   Thumb Code     0  daddsub_clz.o(x$fpl$dsub)
    x$fpl$f2d                                0x08007790   Section       86  f2d.o(x$fpl$f2d)
    $v0                                      0x08007790   Number         0  f2d.o(x$fpl$f2d)
    x$fpl$fnaninf                            0x080077e6   Section      140  fnaninf.o(x$fpl$fnaninf)
    $v0                                      0x080077e6   Number         0  fnaninf.o(x$fpl$fnaninf)
    x$fpl$fpinit                             0x08007872   Section       10  fpinit.o(x$fpl$fpinit)
    $v0                                      0x08007872   Number         0  fpinit.o(x$fpl$fpinit)
    x$fpl$fretinf                            0x0800787c   Section       10  fretinf.o(x$fpl$fretinf)
    $v0                                      0x0800787c   Number         0  fretinf.o(x$fpl$fretinf)
    x$fpl$printf1                            0x08007886   Section        4  printf1.o(x$fpl$printf1)
    $v0                                      0x08007886   Number         0  printf1.o(x$fpl$printf1)
    .constdata                               0x0800788a   Section       16  system_stm32g4xx.o(.constdata)
    x$fpl$usenofp                            0x0800788a   Section        0  usenofp.o(x$fpl$usenofp)
    .constdata                               0x0800789a   Section        8  system_stm32g4xx.o(.constdata)
    .constdata                               0x080078a2   Section       24  stm32g4xx_hal_uart.o(.constdata)
    .constdata                               0x080078ba   Section       16  stm32g4xx_hal_uart_ex.o(.constdata)
    numerator                                0x080078ba   Data           8  stm32g4xx_hal_uart_ex.o(.constdata)
    denominator                              0x080078c2   Data           8  stm32g4xx_hal_uart_ex.o(.constdata)
    .constdata                               0x080078cc   Section      148  bigflt0.o(.constdata)
    tenpwrs_x                                0x080078cc   Data          60  bigflt0.o(.constdata)
    tenpwrs_i                                0x08007908   Data          64  bigflt0.o(.constdata)
    locale$$data                             0x08008184   Section       28  lc_numeric_c.o(locale$$data)
    __lcnum_c_name                           0x08008188   Data           2  lc_numeric_c.o(locale$$data)
    __lcnum_c_start                          0x08008190   Data           0  lc_numeric_c.o(locale$$data)
    __lcnum_c_point                          0x0800819c   Data           0  lc_numeric_c.o(locale$$data)
    __lcnum_c_thousands                      0x0800819e   Data           0  lc_numeric_c.o(locale$$data)
    __lcnum_c_grouping                       0x0800819f   Data           0  lc_numeric_c.o(locale$$data)
    __lcnum_c_end                            0x080081a0   Data           0  lc_numeric_c.o(locale$$data)
    .data                                    0x20000000   Section        8  main.o(.data)
    .data                                    0x20000008   Section        4  system_stm32g4xx.o(.data)
    .data                                    0x2000000c   Section       12  stm32g4xx_hal.o(.data)
    .data                                    0x20000018   Section       12  Signalprocess.o(.data)
    tx                                       0x20000018   Data           2  Signalprocess.o(.data)
    last_angle                               0x2000001c   Data           4  Signalprocess.o(.data)
    speed_filt                               0x20000020   Data           4  Signalprocess.o(.data)
    .data                                    0x20000024   Section      200  serial.o(.data)
    DataSerial                               0x20000024   Data          80  serial.o(.data)
    Note                                     0x20000074   Data         120  serial.o(.data)
    .bss                                     0x200000ec   Section      204  adc.o(.bss)
    .bss                                     0x200001b8   Section      168  main.o(.bss)
    .bss                                     0x20000260   Section      292  spi.o(.bss)
    .bss                                     0x20000384   Section      380  tim.o(.bss)
    .bss                                     0x20000500   Section      148  usart.o(.bss)
    .bss                                     0x20000594   Section       12  Signalprocess.o(.bss)
    filter_buff                              0x20000594   Data          12  Signalprocess.o(.bss)
    .bss                                     0x200005a0   Section       96  libspace.o(.bss)
    HEAP                                     0x20000600   Section      512  startup_stm32g431xx.o(HEAP)
    Heap_Mem                                 0x20000600   Data         512  startup_stm32g431xx.o(HEAP)
    STACK                                    0x20000800   Section     1024  startup_stm32g431xx.o(STACK)
    Stack_Mem                                0x20000800   Data        1024  startup_stm32g431xx.o(STACK)
    __initial_sp                             0x20000c00   Data           0  startup_stm32g431xx.o(STACK)

    Global Symbols

    Symbol Name                              Value     Ov Type        Size  Object(Section)

    BuildAttributes$$THM_ISAv4$E$P$D$K$B$S$7EM$VFPi3$EXTD16$VFPS$VFMA$PE$A:L22UL41UL21$X:L11$S22US41US21$IEEE1$IW$USESV6$~STKCKD$USESV7$~SHL$OTIME$ROPI$IEEEJ$EBA8$UX$STANDARDLIB$REQ8$PRES8$EABIv2 0x00000000   Number         0  anon$$obj.o ABSOLUTE
    __ARM_use_no_argv                        0x00000000   Number         0  main.o ABSOLUTE
    _printf_flags                            0x00000000   Number         0  printf_stubs.o ABSOLUTE
    _printf_return_value                     0x00000000   Number         0  printf_stubs.o ABSOLUTE
    _printf_sizespec                         0x00000000   Number         0  printf_stubs.o ABSOLUTE
    _printf_widthprec                        0x00000000   Number         0  printf_stubs.o ABSOLUTE
    __ARM_exceptions_init                     - Undefined Weak Reference
    __alloca_initialize                       - Undefined Weak Reference
    __arm_preinit_                            - Undefined Weak Reference
    __cpp_initialize__aeabi_                  - Undefined Weak Reference
    __cxa_finalize                            - Undefined Weak Reference
    __sigvec_lookup                           - Undefined Weak Reference
    _atexit_init                              - Undefined Weak Reference
    _call_atexit_fns                          - Undefined Weak Reference
    _clock_init                               - Undefined Weak Reference
    _fp_trap_init                             - Undefined Weak Reference
    _fp_trap_shutdown                         - Undefined Weak Reference
    _get_lc_collate                           - Undefined Weak Reference
    _get_lc_ctype                             - Undefined Weak Reference
    _get_lc_monetary                          - Undefined Weak Reference
    _get_lc_time                              - Undefined Weak Reference
    _getenv_init                              - Undefined Weak Reference
    _handle_redirection                       - Undefined Weak Reference
    _init_alloc                               - Undefined Weak Reference
    _init_user_alloc                          - Undefined Weak Reference
    _initio                                   - Undefined Weak Reference
    _printf_post_padding                      - Undefined Weak Reference
    _printf_pre_padding                       - Undefined Weak Reference
    _rand_init                                - Undefined Weak Reference
    _signal_finish                            - Undefined Weak Reference
    _signal_init                              - Undefined Weak Reference
    _terminate_alloc                          - Undefined Weak Reference
    _terminate_user_alloc                     - Undefined Weak Reference
    _terminateio                              - Undefined Weak Reference
    __Vectors_Size                           0x000001d8   Number         0  startup_stm32g431xx.o ABSOLUTE
    __Vectors                                0x08000000   Data           4  startup_stm32g431xx.o(RESET)
    __Vectors_End                            0x080001d8   Data           0  startup_stm32g431xx.o(RESET)
    __main                                   0x080001d9   Thumb Code     8  __main.o(!!!main)
    __scatterload                            0x080001e1   Thumb Code     0  __scatter.o(!!!scatter)
    __scatterload_rt2                        0x080001e1   Thumb Code    44  __scatter.o(!!!scatter)
    __scatterload_rt2_thumb_only             0x080001e1   Thumb Code     0  __scatter.o(!!!scatter)
    __scatterload_null                       0x080001ef   Thumb Code     0  __scatter.o(!!!scatter)
    __scatterload_copy                       0x08000215   Thumb Code    26  __scatter_copy.o(!!handler_copy)
    __scatterload_zeroinit                   0x08000231   Thumb Code    28  __scatter_zi.o(!!handler_zi)
    _printf_f                                0x0800024d   Thumb Code     0  _printf_f.o(.ARM.Collect$$_printf_percent$$00000003)
    _printf_percent                          0x0800024d   Thumb Code     0  _printf_percent.o(.ARM.Collect$$_printf_percent$$00000000)
    _printf_percent_end                      0x08000253   Thumb Code     0  _printf_percent_end.o(.ARM.Collect$$_printf_percent$$00000017)
    __rt_lib_init                            0x08000257   Thumb Code     0  libinit.o(.ARM.Collect$$libinit$$00000000)
    __rt_lib_init_fp_1                       0x08000259   Thumb Code     0  libinit2.o(.ARM.Collect$$libinit$$00000001)
    __rt_lib_init_heap_1                     0x0800025d   Thumb Code     0  libinit2.o(.ARM.Collect$$libinit$$0000000A)
    __rt_lib_init_lc_common                  0x0800025d   Thumb Code     0  libinit2.o(.ARM.Collect$$libinit$$0000000F)
    __rt_lib_init_preinit_1                  0x0800025d   Thumb Code     0  libinit2.o(.ARM.Collect$$libinit$$00000004)
    __rt_lib_init_rand_1                     0x0800025d   Thumb Code     0  libinit2.o(.ARM.Collect$$libinit$$0000000E)
    __rt_lib_init_user_alloc_1               0x0800025d   Thumb Code     0  libinit2.o(.ARM.Collect$$libinit$$0000000C)
    __rt_lib_init_lc_collate_1               0x08000263   Thumb Code     0  libinit2.o(.ARM.Collect$$libinit$$00000011)
    __rt_lib_init_lc_ctype_1                 0x08000263   Thumb Code     0  libinit2.o(.ARM.Collect$$libinit$$00000013)
    __rt_lib_init_lc_monetary_1              0x08000263   Thumb Code     0  libinit2.o(.ARM.Collect$$libinit$$00000015)
    __rt_lib_init_lc_numeric_2               0x08000263   Thumb Code     0  libinit2.o(.ARM.Collect$$libinit$$00000016)
    __rt_lib_init_alloca_1                   0x0800026d   Thumb Code     0  libinit2.o(.ARM.Collect$$libinit$$0000002E)
    __rt_lib_init_argv_1                     0x0800026d   Thumb Code     0  libinit2.o(.ARM.Collect$$libinit$$0000002C)
    __rt_lib_init_atexit_1                   0x0800026d   Thumb Code     0  libinit2.o(.ARM.Collect$$libinit$$0000001B)
    __rt_lib_init_clock_1                    0x0800026d   Thumb Code     0  libinit2.o(.ARM.Collect$$libinit$$00000021)
    __rt_lib_init_cpp_1                      0x0800026d   Thumb Code     0  libinit2.o(.ARM.Collect$$libinit$$00000032)
    __rt_lib_init_exceptions_1               0x0800026d   Thumb Code     0  libinit2.o(.ARM.Collect$$libinit$$00000030)
    __rt_lib_init_fp_trap_1                  0x0800026d   Thumb Code     0  libinit2.o(.ARM.Collect$$libinit$$0000001F)
    __rt_lib_init_getenv_1                   0x0800026d   Thumb Code     0  libinit2.o(.ARM.Collect$$libinit$$00000023)
    __rt_lib_init_lc_numeric_1               0x0800026d   Thumb Code     0  libinit2.o(.ARM.Collect$$libinit$$00000017)
    __rt_lib_init_lc_time_1                  0x0800026d   Thumb Code     0  libinit2.o(.ARM.Collect$$libinit$$00000019)
    __rt_lib_init_return                     0x0800026d   Thumb Code     0  libinit2.o(.ARM.Collect$$libinit$$00000033)
    __rt_lib_init_signal_1                   0x0800026d   Thumb Code     0  libinit2.o(.ARM.Collect$$libinit$$0000001D)
    __rt_lib_init_stdio_1                    0x0800026d   Thumb Code     0  libinit2.o(.ARM.Collect$$libinit$$00000025)
    __rt_lib_shutdown                        0x0800026f   Thumb Code     0  libshutdown.o(.ARM.Collect$$libshutdown$$00000000)
    __rt_lib_shutdown_cpp_1                  0x08000271   Thumb Code     0  libshutdown2.o(.ARM.Collect$$libshutdown$$00000002)
    __rt_lib_shutdown_fp_trap_1              0x08000271   Thumb Code     0  libshutdown2.o(.ARM.Collect$$libshutdown$$00000007)
    __rt_lib_shutdown_heap_1                 0x08000271   Thumb Code     0  libshutdown2.o(.ARM.Collect$$libshutdown$$0000000F)
    __rt_lib_shutdown_return                 0x08000271   Thumb Code     0  libshutdown2.o(.ARM.Collect$$libshutdown$$00000010)
    __rt_lib_shutdown_signal_1               0x08000271   Thumb Code     0  libshutdown2.o(.ARM.Collect$$libshutdown$$0000000A)
    __rt_lib_shutdown_stdio_1                0x08000271   Thumb Code     0  libshutdown2.o(.ARM.Collect$$libshutdown$$00000004)
    __rt_lib_shutdown_user_alloc_1           0x08000271   Thumb Code     0  libshutdown2.o(.ARM.Collect$$libshutdown$$0000000C)
    __rt_entry                               0x08000273   Thumb Code     0  __rtentry.o(.ARM.Collect$$rtentry$$00000000)
    __rt_entry_presh_1                       0x08000273   Thumb Code     0  __rtentry2.o(.ARM.Collect$$rtentry$$00000002)
    __rt_entry_sh                            0x08000273   Thumb Code     0  __rtentry4.o(.ARM.Collect$$rtentry$$00000004)
    __rt_entry_li                            0x08000279   Thumb Code     0  __rtentry2.o(.ARM.Collect$$rtentry$$0000000A)
    __rt_entry_postsh_1                      0x08000279   Thumb Code     0  __rtentry2.o(.ARM.Collect$$rtentry$$00000009)
    __rt_entry_main                          0x0800027d   Thumb Code     0  __rtentry2.o(.ARM.Collect$$rtentry$$0000000D)
    __rt_entry_postli_1                      0x0800027d   Thumb Code     0  __rtentry2.o(.ARM.Collect$$rtentry$$0000000C)
    __rt_exit                                0x08000285   Thumb Code     0  rtexit.o(.ARM.Collect$$rtexit$$00000000)
    __rt_exit_ls                             0x08000287   Thumb Code     0  rtexit2.o(.ARM.Collect$$rtexit$$00000003)
    __rt_exit_prels_1                        0x08000287   Thumb Code     0  rtexit2.o(.ARM.Collect$$rtexit$$00000002)
    __rt_exit_exit                           0x0800028b   Thumb Code     0  rtexit2.o(.ARM.Collect$$rtexit$$00000004)
    Reset_Handler                            0x08000291   Thumb Code     8  startup_stm32g431xx.o(.text)
    COMP1_2_3_IRQHandler                     0x080002ab   Thumb Code     0  startup_stm32g431xx.o(.text)
    COMP4_IRQHandler                         0x080002ab   Thumb Code     0  startup_stm32g431xx.o(.text)
    CORDIC_IRQHandler                        0x080002ab   Thumb Code     0  startup_stm32g431xx.o(.text)
    CRS_IRQHandler                           0x080002ab   Thumb Code     0  startup_stm32g431xx.o(.text)
    DMA1_Channel3_IRQHandler                 0x080002ab   Thumb Code     0  startup_stm32g431xx.o(.text)
    DMA1_Channel4_IRQHandler                 0x080002ab   Thumb Code     0  startup_stm32g431xx.o(.text)
    DMA1_Channel5_IRQHandler                 0x080002ab   Thumb Code     0  startup_stm32g431xx.o(.text)
    DMA1_Channel6_IRQHandler                 0x080002ab   Thumb Code     0  startup_stm32g431xx.o(.text)
    DMA2_Channel2_IRQHandler                 0x080002ab   Thumb Code     0  startup_stm32g431xx.o(.text)
    DMA2_Channel3_IRQHandler                 0x080002ab   Thumb Code     0  startup_stm32g431xx.o(.text)
    DMA2_Channel4_IRQHandler                 0x080002ab   Thumb Code     0  startup_stm32g431xx.o(.text)
    DMA2_Channel5_IRQHandler                 0x080002ab   Thumb Code     0  startup_stm32g431xx.o(.text)
    DMA2_Channel6_IRQHandler                 0x080002ab   Thumb Code     0  startup_stm32g431xx.o(.text)
    DMAMUX_OVR_IRQHandler                    0x080002ab   Thumb Code     0  startup_stm32g431xx.o(.text)
    EXTI0_IRQHandler                         0x080002ab   Thumb Code     0  startup_stm32g431xx.o(.text)
    EXTI1_IRQHandler                         0x080002ab   Thumb Code     0  startup_stm32g431xx.o(.text)
    EXTI2_IRQHandler                         0x080002ab   Thumb Code     0  startup_stm32g431xx.o(.text)
    EXTI3_IRQHandler                         0x080002ab   Thumb Code     0  startup_stm32g431xx.o(.text)
    EXTI4_IRQHandler                         0x080002ab   Thumb Code     0  startup_stm32g431xx.o(.text)
    FDCAN1_IT0_IRQHandler                    0x080002ab   Thumb Code     0  startup_stm32g431xx.o(.text)
    FDCAN1_IT1_IRQHandler                    0x080002ab   Thumb Code     0  startup_stm32g431xx.o(.text)
    FLASH_IRQHandler                         0x080002ab   Thumb Code     0  startup_stm32g431xx.o(.text)
    FMAC_IRQHandler                          0x080002ab   Thumb Code     0  startup_stm32g431xx.o(.text)
    FPU_IRQHandler                           0x080002ab   Thumb Code     0  startup_stm32g431xx.o(.text)
    I2C1_ER_IRQHandler                       0x080002ab   Thumb Code     0  startup_stm32g431xx.o(.text)
    I2C1_EV_IRQHandler                       0x080002ab   Thumb Code     0  startup_stm32g431xx.o(.text)
    I2C2_ER_IRQHandler                       0x080002ab   Thumb Code     0  startup_stm32g431xx.o(.text)
    I2C2_EV_IRQHandler                       0x080002ab   Thumb Code     0  startup_stm32g431xx.o(.text)
    I2C3_ER_IRQHandler                       0x080002ab   Thumb Code     0  startup_stm32g431xx.o(.text)
    I2C3_EV_IRQHandler                       0x080002ab   Thumb Code     0  startup_stm32g431xx.o(.text)
    LPTIM1_IRQHandler                        0x080002ab   Thumb Code     0  startup_stm32g431xx.o(.text)
    LPUART1_IRQHandler                       0x080002ab   Thumb Code     0  startup_stm32g431xx.o(.text)
    PVD_PVM_IRQHandler                       0x080002ab   Thumb Code     0  startup_stm32g431xx.o(.text)
    RCC_IRQHandler                           0x080002ab   Thumb Code     0  startup_stm32g431xx.o(.text)
    RNG_IRQHandler                           0x080002ab   Thumb Code     0  startup_stm32g431xx.o(.text)
    RTC_Alarm_IRQHandler                     0x080002ab   Thumb Code     0  startup_stm32g431xx.o(.text)
    RTC_TAMP_LSECSS_IRQHandler               0x080002ab   Thumb Code     0  startup_stm32g431xx.o(.text)
    RTC_WKUP_IRQHandler                      0x080002ab   Thumb Code     0  startup_stm32g431xx.o(.text)
    SAI1_IRQHandler                          0x080002ab   Thumb Code     0  startup_stm32g431xx.o(.text)
    SPI2_IRQHandler                          0x080002ab   Thumb Code     0  startup_stm32g431xx.o(.text)
    SPI3_IRQHandler                          0x080002ab   Thumb Code     0  startup_stm32g431xx.o(.text)
    TIM1_CC_IRQHandler                       0x080002ab   Thumb Code     0  startup_stm32g431xx.o(.text)
    TIM1_TRG_COM_TIM17_IRQHandler            0x080002ab   Thumb Code     0  startup_stm32g431xx.o(.text)
    TIM1_UP_TIM16_IRQHandler                 0x080002ab   Thumb Code     0  startup_stm32g431xx.o(.text)
    TIM6_DAC_IRQHandler                      0x080002ab   Thumb Code     0  startup_stm32g431xx.o(.text)
    TIM7_IRQHandler                          0x080002ab   Thumb Code     0  startup_stm32g431xx.o(.text)
    TIM8_BRK_IRQHandler                      0x080002ab   Thumb Code     0  startup_stm32g431xx.o(.text)
    TIM8_CC_IRQHandler                       0x080002ab   Thumb Code     0  startup_stm32g431xx.o(.text)
    TIM8_TRG_COM_IRQHandler                  0x080002ab   Thumb Code     0  startup_stm32g431xx.o(.text)
    TIM8_UP_IRQHandler                       0x080002ab   Thumb Code     0  startup_stm32g431xx.o(.text)
    UART4_IRQHandler                         0x080002ab   Thumb Code     0  startup_stm32g431xx.o(.text)
    UCPD1_IRQHandler                         0x080002ab   Thumb Code     0  startup_stm32g431xx.o(.text)
    USART2_IRQHandler                        0x080002ab   Thumb Code     0  startup_stm32g431xx.o(.text)
    USART3_IRQHandler                        0x080002ab   Thumb Code     0  startup_stm32g431xx.o(.text)
    USBWakeUp_IRQHandler                     0x080002ab   Thumb Code     0  startup_stm32g431xx.o(.text)
    USB_HP_IRQHandler                        0x080002ab   Thumb Code     0  startup_stm32g431xx.o(.text)
    USB_LP_IRQHandler                        0x080002ab   Thumb Code     0  startup_stm32g431xx.o(.text)
    WWDG_IRQHandler                          0x080002ab   Thumb Code     0  startup_stm32g431xx.o(.text)
    __user_initial_stackheap                 0x080002ad   Thumb Code     0  startup_stm32g431xx.o(.text)
    __aeabi_uldivmod                         0x080002d1   Thumb Code     0  lludivv7m.o(.text)
    _ll_udiv                                 0x080002d1   Thumb Code   238  lludivv7m.o(.text)
    __2sprintf                               0x080003c1   Thumb Code    34  noretval__2sprintf.o(.text)
    __printf                                 0x080003e9   Thumb Code   270  __printf_wp.o(.text)
    strlen                                   0x080004f7   Thumb Code    62  strlen.o(.text)
    __aeabi_memcpy4                          0x08000535   Thumb Code     0  rt_memcpy_w.o(.text)
    __aeabi_memcpy8                          0x08000535   Thumb Code     0  rt_memcpy_w.o(.text)
    __rt_memcpy_w                            0x08000535   Thumb Code   100  rt_memcpy_w.o(.text)
    _memcpy_lastbytes_aligned                0x0800057d   Thumb Code     0  rt_memcpy_w.o(.text)
    __aeabi_memclr4                          0x08000599   Thumb Code     0  rt_memclr_w.o(.text)
    __aeabi_memclr8                          0x08000599   Thumb Code     0  rt_memclr_w.o(.text)
    __rt_memclr_w                            0x08000599   Thumb Code    78  rt_memclr_w.o(.text)
    _memset_w                                0x0800059d   Thumb Code     0  rt_memclr_w.o(.text)
    __use_two_region_memory                  0x080005e7   Thumb Code     2  heapauxi.o(.text)
    __rt_heap_escrow$2region                 0x080005e9   Thumb Code     2  heapauxi.o(.text)
    __rt_heap_expand$2region                 0x080005eb   Thumb Code     2  heapauxi.o(.text)
    __lib_sel_fp_printf                      0x080005ed   Thumb Code     2  _printf_fp_dec.o(.text)
    _printf_fp_dec_real                      0x0800079f   Thumb Code   620  _printf_fp_dec.o(.text)
    _printf_char_common                      0x08000a17   Thumb Code    32  _printf_char_common.o(.text)
    _sputc                                   0x08000a3d   Thumb Code    10  _sputc.o(.text)
    __rt_locale                              0x08000a49   Thumb Code     8  rt_locale_intlibspace.o(.text)
    _ll_udiv10                               0x08000a51   Thumb Code   138  lludiv10.o(.text)
    _printf_fp_infnan                        0x08000add   Thumb Code   112  _printf_fp_infnan.o(.text)
    _btod_etento                             0x08000b5d   Thumb Code   224  bigflt0.o(.text)
    __user_libspace                          0x08000c41   Thumb Code     8  libspace.o(.text)
    __user_perproc_libspace                  0x08000c41   Thumb Code     0  libspace.o(.text)
    __user_perthread_libspace                0x08000c41   Thumb Code     0  libspace.o(.text)
    __user_setup_stackheap                   0x08000c49   Thumb Code    74  sys_stackheap_outer.o(.text)
    exit                                     0x08000c93   Thumb Code    18  exit.o(.text)
    strcmp                                   0x08000ca5   Thumb Code   128  strcmpv7m.o(.text)
    _sys_exit                                0x08000d25   Thumb Code     8  sys_exit.o(.text)
    __I$use$semihosting                      0x08000d31   Thumb Code     0  use_no_semi.o(.text)
    __use_no_semihosting_swi                 0x08000d31   Thumb Code     2  use_no_semi.o(.text)
    __semihosting_library_function           0x08000d33   Thumb Code     0  indicate_semi.o(.text)
    arm_cos_f32                              0x08000d35   Thumb Code   160  arm_cos_f32.o(.text.arm_cos_f32)
    arm_sin_f32                              0x08000dd5   Thumb Code   152  arm_sin_f32.o(.text.arm_sin_f32)
    _btod_d2e                                0x08000e6d   Thumb Code    62  btod.o(CL$$btod_d2e)
    _d2e_denorm_low                          0x08000eab   Thumb Code    70  btod.o(CL$$btod_d2e_denorm_low)
    _d2e_norm_op1                            0x08000ef1   Thumb Code    96  btod.o(CL$$btod_d2e_norm_op1)
    __btod_div_common                        0x08000f51   Thumb Code   696  btod.o(CL$$btod_div_common)
    _e2e                                     0x08001289   Thumb Code   220  btod.o(CL$$btod_e2e)
    _btod_ediv                               0x08001365   Thumb Code    42  btod.o(CL$$btod_ediv)
    _btod_emul                               0x0800138f   Thumb Code    42  btod.o(CL$$btod_emul)
    __btod_mult_common                       0x080013b9   Thumb Code   580  btod.o(CL$$btod_mult_common)
    ADC1_2_IRQHandler                        0x080015fd   Thumb Code     6  stm32g4xx_it.o(i.ADC1_2_IRQHandler)
    ADC_DMAConvCplt                          0x08001609   Thumb Code   104  stm32g4xx_hal_adc.o(i.ADC_DMAConvCplt)
    ADC_DMAError                             0x08001671   Thumb Code    26  stm32g4xx_hal_adc.o(i.ADC_DMAError)
    ADC_DMAHalfConvCplt                      0x0800168b   Thumb Code    10  stm32g4xx_hal_adc.o(i.ADC_DMAHalfConvCplt)
    ADC_Disable                              0x08001695   Thumb Code   106  stm32g4xx_hal_adc.o(i.ADC_Disable)
    ADC_Enable                               0x08001705   Thumb Code   154  stm32g4xx_hal_adc.o(i.ADC_Enable)
    ADC_Init                                 0x080017b1   Thumb Code    26  Signalprocess.o(i.ADC_Init)
    AS5048A_Init                             0x080017cd   Thumb Code    34  Signalprocess.o(i.AS5048A_Init)
    Analog_Init                              0x080017f9   Thumb Code    42  Signalprocess.o(i.Analog_Init)
    BusFault_Handler                         0x08001829   Thumb Code     2  stm32g4xx_it.o(i.BusFault_Handler)
    CTRLA_VBUS                               0x0800182b   Thumb Code    14  controller.o(i.CTRLA_VBUS)
    Current_PI_Init                          0x08001839   Thumb Code    70  controller.o(i.Current_PI_Init)
    Current_transform                        0x08001895   Thumb Code   222  Signalprocess.o(i.Current_transform)
    DMA1_Channel1_IRQHandler                 0x08001981   Thumb Code     6  stm32g4xx_it.o(i.DMA1_Channel1_IRQHandler)
    DMA1_Channel2_IRQHandler                 0x0800198d   Thumb Code     6  stm32g4xx_it.o(i.DMA1_Channel2_IRQHandler)
    DMA2_Channel1_IRQHandler                 0x08001999   Thumb Code     6  stm32g4xx_it.o(i.DMA2_Channel1_IRQHandler)
    Data_print                               0x08001a49   Thumb Code   338  serial.o(i.Data_print)
    DebugMon_Handler                         0x08001be9   Thumb Code     2  stm32g4xx_it.o(i.DebugMon_Handler)
    EXTI15_10_IRQHandler                     0x08001beb   Thumb Code    22  stm32g4xx_it.o(i.EXTI15_10_IRQHandler)
    EXTI9_5_IRQHandler                       0x08001c01   Thumb Code     8  stm32g4xx_it.o(i.EXTI9_5_IRQHandler)
    Error_Handler                            0x08001c09   Thumb Code     4  main.o(i.Error_Handler)
    HAL_ADCEx_Calibration_Start              0x08001c0d   Thumb Code   138  stm32g4xx_hal_adc_ex.o(i.HAL_ADCEx_Calibration_Start)
    HAL_ADCEx_EndOfSamplingCallback          0x08001ca1   Thumb Code     2  stm32g4xx_hal_adc_ex.o(i.HAL_ADCEx_EndOfSamplingCallback)
    HAL_ADCEx_InjectedConvCpltCallback       0x08001ca3   Thumb Code     2  stm32g4xx_hal_adc_ex.o(i.HAL_ADCEx_InjectedConvCpltCallback)
    HAL_ADCEx_InjectedQueueOverflowCallback  0x08001ca5   Thumb Code     2  stm32g4xx_hal_adc_ex.o(i.HAL_ADCEx_InjectedQueueOverflowCallback)
    HAL_ADCEx_LevelOutOfWindow2Callback      0x08001ca7   Thumb Code     2  stm32g4xx_hal_adc_ex.o(i.HAL_ADCEx_LevelOutOfWindow2Callback)
    HAL_ADCEx_LevelOutOfWindow3Callback      0x08001ca9   Thumb Code     2  stm32g4xx_hal_adc_ex.o(i.HAL_ADCEx_LevelOutOfWindow3Callback)
    HAL_ADCEx_MultiModeConfigChannel         0x08001cad   Thumb Code   208  stm32g4xx_hal_adc_ex.o(i.HAL_ADCEx_MultiModeConfigChannel)
    HAL_ADC_ConfigChannel                    0x08001d85   Thumb Code  1006  stm32g4xx_hal_adc.o(i.HAL_ADC_ConfigChannel)
    HAL_ADC_ConvCpltCallback                 0x080021a9   Thumb Code     2  main.o(i.HAL_ADC_ConvCpltCallback)
    HAL_ADC_ConvHalfCpltCallback             0x080021ab   Thumb Code     2  stm32g4xx_hal_adc.o(i.HAL_ADC_ConvHalfCpltCallback)
    HAL_ADC_ErrorCallback                    0x080021ad   Thumb Code     2  stm32g4xx_hal_adc.o(i.HAL_ADC_ErrorCallback)
    HAL_ADC_IRQHandler                       0x080021b1   Thumb Code   612  stm32g4xx_hal_adc.o(i.HAL_ADC_IRQHandler)
    HAL_ADC_Init                             0x0800241d   Thumb Code   466  stm32g4xx_hal_adc.o(i.HAL_ADC_Init)
    HAL_ADC_LevelOutOfWindowCallback         0x08002611   Thumb Code     2  stm32g4xx_hal_adc.o(i.HAL_ADC_LevelOutOfWindowCallback)
    HAL_ADC_MspInit                          0x08002615   Thumb Code   210  adc.o(i.HAL_ADC_MspInit)
    HAL_ADC_Start_DMA                        0x080026f9   Thumb Code   214  stm32g4xx_hal_adc.o(i.HAL_ADC_Start_DMA)
    HAL_DMA_Abort                            0x080027e9   Thumb Code   106  stm32g4xx_hal_dma.o(i.HAL_DMA_Abort)
    HAL_DMA_Abort_IT                         0x08002853   Thumb Code   120  stm32g4xx_hal_dma.o(i.HAL_DMA_Abort_IT)
    HAL_DMA_IRQHandler                       0x080028cb   Thumb Code   186  stm32g4xx_hal_dma.o(i.HAL_DMA_IRQHandler)
    HAL_DMA_Init                             0x08002985   Thumb Code   178  stm32g4xx_hal_dma.o(i.HAL_DMA_Init)
    HAL_DMA_Start_IT                         0x08002a45   Thumb Code   140  stm32g4xx_hal_dma.o(i.HAL_DMA_Start_IT)
    HAL_GPIO_EXTI_Callback                   0x08002ad1   Thumb Code   128  main.o(i.HAL_GPIO_EXTI_Callback)
    HAL_GPIO_EXTI_IRQHandler                 0x08002b65   Thumb Code    18  stm32g4xx_hal_gpio.o(i.HAL_GPIO_EXTI_IRQHandler)
    HAL_GPIO_Init                            0x08002b7d   Thumb Code   550  stm32g4xx_hal_gpio.o(i.HAL_GPIO_Init)
    HAL_GPIO_WritePin                        0x08002dc5   Thumb Code    10  stm32g4xx_hal_gpio.o(i.HAL_GPIO_WritePin)
    HAL_GetTick                              0x08002dd1   Thumb Code     6  stm32g4xx_hal.o(i.HAL_GetTick)
    HAL_IncTick                              0x08002ddd   Thumb Code    12  stm32g4xx_hal.o(i.HAL_IncTick)
    HAL_Init                                 0x08002ded   Thumb Code    30  stm32g4xx_hal.o(i.HAL_Init)
    HAL_InitTick                             0x08002e0d   Thumb Code    58  stm32g4xx_hal.o(i.HAL_InitTick)
    HAL_MspInit                              0x08002e51   Thumb Code    60  stm32g4xx_hal_msp.o(i.HAL_MspInit)
    HAL_NVIC_EnableIRQ                       0x08002e91   Thumb Code    26  stm32g4xx_hal_cortex.o(i.HAL_NVIC_EnableIRQ)
    HAL_NVIC_SetPriority                     0x08002ead   Thumb Code    60  stm32g4xx_hal_cortex.o(i.HAL_NVIC_SetPriority)
    HAL_NVIC_SetPriorityGrouping             0x08002eed   Thumb Code    26  stm32g4xx_hal_cortex.o(i.HAL_NVIC_SetPriorityGrouping)
    HAL_PWREx_ControlVoltageScaling          0x08002f11   Thumb Code   174  stm32g4xx_hal_pwr_ex.o(i.HAL_PWREx_ControlVoltageScaling)
    HAL_PWREx_DisableUCPDDeadBattery         0x08002fcd   Thumb Code    12  stm32g4xx_hal_pwr_ex.o(i.HAL_PWREx_DisableUCPDDeadBattery)
    HAL_RCCEx_PeriphCLKConfig                0x08002fdd   Thumb Code   638  stm32g4xx_hal_rcc_ex.o(i.HAL_RCCEx_PeriphCLKConfig)
    HAL_RCC_ClockConfig                      0x08003265   Thumb Code   444  stm32g4xx_hal_rcc.o(i.HAL_RCC_ClockConfig)
    HAL_RCC_GetPCLK1Freq                     0x08003441   Thumb Code    24  stm32g4xx_hal_rcc.o(i.HAL_RCC_GetPCLK1Freq)
    HAL_RCC_GetPCLK2Freq                     0x08003465   Thumb Code    24  stm32g4xx_hal_rcc.o(i.HAL_RCC_GetPCLK2Freq)
    HAL_RCC_GetSysClockFreq                  0x08003489   Thumb Code    98  stm32g4xx_hal_rcc.o(i.HAL_RCC_GetSysClockFreq)
    HAL_RCC_OscConfig                        0x080034f5   Thumb Code  1028  stm32g4xx_hal_rcc.o(i.HAL_RCC_OscConfig)
    HAL_SPI_ErrorCallback                    0x080038f9   Thumb Code     2  stm32g4xx_hal_spi.o(i.HAL_SPI_ErrorCallback)
    HAL_SPI_IRQHandler                       0x080038fd   Thumb Code   246  stm32g4xx_hal_spi.o(i.HAL_SPI_IRQHandler)
    HAL_SPI_Init                             0x080039f9   Thumb Code   234  stm32g4xx_hal_spi.o(i.HAL_SPI_Init)
    HAL_SPI_MspInit                          0x08003ae5   Thumb Code   214  spi.o(i.HAL_SPI_MspInit)
    HAL_SPI_RxCpltCallback                   0x08003bcd   Thumb Code     2  stm32g4xx_hal_spi.o(i.HAL_SPI_RxCpltCallback)
    HAL_SPI_RxHalfCpltCallback               0x08003bcf   Thumb Code     2  stm32g4xx_hal_spi.o(i.HAL_SPI_RxHalfCpltCallback)
    HAL_SPI_TransmitReceive_DMA              0x08003bd1   Thumb Code   414  stm32g4xx_hal_spi.o(i.HAL_SPI_TransmitReceive_DMA)
    HAL_SPI_TxRxCpltCallback                 0x08003d85   Thumb Code    52  main.o(i.HAL_SPI_TxRxCpltCallback)
    HAL_SPI_TxRxHalfCpltCallback             0x08003dc9   Thumb Code     2  stm32g4xx_hal_spi.o(i.HAL_SPI_TxRxHalfCpltCallback)
    HAL_SYSCFG_DisableVREFBUF                0x08003dcd   Thumb Code    12  stm32g4xx_hal.o(i.HAL_SYSCFG_DisableVREFBUF)
    HAL_SYSCFG_VREFBUF_HighImpedanceConfig   0x08003ddd   Thumb Code    14  stm32g4xx_hal.o(i.HAL_SYSCFG_VREFBUF_HighImpedanceConfig)
    HAL_SYSTICK_Config                       0x08003df1   Thumb Code    40  stm32g4xx_hal_cortex.o(i.HAL_SYSTICK_Config)
    HAL_TIMEx_Break2Callback                 0x08003e19   Thumb Code     2  stm32g4xx_hal_tim_ex.o(i.HAL_TIMEx_Break2Callback)
    HAL_TIMEx_BreakCallback                  0x08003e1b   Thumb Code     2  stm32g4xx_hal_tim_ex.o(i.HAL_TIMEx_BreakCallback)
    HAL_TIMEx_CommutCallback                 0x08003e1d   Thumb Code     2  stm32g4xx_hal_tim_ex.o(i.HAL_TIMEx_CommutCallback)
    HAL_TIMEx_ConfigBreakDeadTime            0x08003e21   Thumb Code   148  stm32g4xx_hal_tim_ex.o(i.HAL_TIMEx_ConfigBreakDeadTime)
    HAL_TIMEx_DirectionChangeCallback        0x08003ebd   Thumb Code     2  stm32g4xx_hal_tim_ex.o(i.HAL_TIMEx_DirectionChangeCallback)
    HAL_TIMEx_EncoderIndexCallback           0x08003ebf   Thumb Code     2  stm32g4xx_hal_tim_ex.o(i.HAL_TIMEx_EncoderIndexCallback)
    HAL_TIMEx_IndexErrorCallback             0x08003ec1   Thumb Code     2  stm32g4xx_hal_tim_ex.o(i.HAL_TIMEx_IndexErrorCallback)
    HAL_TIMEx_MasterConfigSynchronization    0x08003ec5   Thumb Code   132  stm32g4xx_hal_tim_ex.o(i.HAL_TIMEx_MasterConfigSynchronization)
    HAL_TIMEx_PWMN_Start                     0x08003f61   Thumb Code   158  stm32g4xx_hal_tim_ex.o(i.HAL_TIMEx_PWMN_Start)
    HAL_TIMEx_TransitionErrorCallback        0x08004019   Thumb Code     2  stm32g4xx_hal_tim_ex.o(i.HAL_TIMEx_TransitionErrorCallback)
    HAL_TIM_Base_Init                        0x0800401b   Thumb Code    98  stm32g4xx_hal_tim.o(i.HAL_TIM_Base_Init)
    HAL_TIM_Base_MspInit                     0x0800407d   Thumb Code   180  tim.o(i.HAL_TIM_Base_MspInit)
    HAL_TIM_Base_Start                       0x08004145   Thumb Code    84  stm32g4xx_hal_tim.o(i.HAL_TIM_Base_Start)
    HAL_TIM_Base_Start_IT                    0x080041b1   Thumb Code    94  stm32g4xx_hal_tim.o(i.HAL_TIM_Base_Start_IT)
    HAL_TIM_Base_Stop_IT                     0x08004229   Thumb Code    48  stm32g4xx_hal_tim.o(i.HAL_TIM_Base_Stop_IT)
    HAL_TIM_ConfigClockSource                0x08004259   Thumb Code   246  stm32g4xx_hal_tim.o(i.HAL_TIM_ConfigClockSource)
    HAL_TIM_IC_CaptureCallback               0x08004359   Thumb Code     2  stm32g4xx_hal_tim.o(i.HAL_TIM_IC_CaptureCallback)
    HAL_TIM_IRQHandler                       0x0800435b   Thumb Code   418  stm32g4xx_hal_tim.o(i.HAL_TIM_IRQHandler)
    HAL_TIM_MspPostInit                      0x080044fd   Thumb Code   112  tim.o(i.HAL_TIM_MspPostInit)
    HAL_TIM_OC_DelayElapsedCallback          0x08004579   Thumb Code     2  stm32g4xx_hal_tim.o(i.HAL_TIM_OC_DelayElapsedCallback)
    HAL_TIM_PWM_ConfigChannel                0x0800457b   Thumb Code   292  stm32g4xx_hal_tim.o(i.HAL_TIM_PWM_ConfigChannel)
    HAL_TIM_PWM_Init                         0x0800469f   Thumb Code    98  stm32g4xx_hal_tim.o(i.HAL_TIM_PWM_Init)
    HAL_TIM_PWM_MspInit                      0x08004701   Thumb Code     2  stm32g4xx_hal_tim.o(i.HAL_TIM_PWM_MspInit)
    HAL_TIM_PWM_PulseFinishedCallback        0x08004703   Thumb Code     2  stm32g4xx_hal_tim.o(i.HAL_TIM_PWM_PulseFinishedCallback)
    HAL_TIM_PWM_Start                        0x08004705   Thumb Code   218  stm32g4xx_hal_tim.o(i.HAL_TIM_PWM_Start)
    HAL_TIM_PeriodElapsedCallback            0x08004801   Thumb Code   142  main.o(i.HAL_TIM_PeriodElapsedCallback)
    HAL_TIM_TriggerCallback                  0x080048c1   Thumb Code     2  stm32g4xx_hal_tim.o(i.HAL_TIM_TriggerCallback)
    HAL_UARTEx_DisableFifoMode               0x080048c3   Thumb Code    62  stm32g4xx_hal_uart_ex.o(i.HAL_UARTEx_DisableFifoMode)
    HAL_UARTEx_RxEventCallback               0x08004901   Thumb Code     2  stm32g4xx_hal_uart.o(i.HAL_UARTEx_RxEventCallback)
    HAL_UARTEx_RxFifoFullCallback            0x08004903   Thumb Code     2  stm32g4xx_hal_uart_ex.o(i.HAL_UARTEx_RxFifoFullCallback)
    HAL_UARTEx_SetRxFifoThreshold            0x08004905   Thumb Code    76  stm32g4xx_hal_uart_ex.o(i.HAL_UARTEx_SetRxFifoThreshold)
    HAL_UARTEx_SetTxFifoThreshold            0x08004951   Thumb Code    76  stm32g4xx_hal_uart_ex.o(i.HAL_UARTEx_SetTxFifoThreshold)
    HAL_UARTEx_TxFifoEmptyCallback           0x0800499d   Thumb Code     2  stm32g4xx_hal_uart_ex.o(i.HAL_UARTEx_TxFifoEmptyCallback)
    HAL_UARTEx_WakeupCallback                0x0800499f   Thumb Code     2  stm32g4xx_hal_uart_ex.o(i.HAL_UARTEx_WakeupCallback)
    HAL_UART_ErrorCallback                   0x080049a1   Thumb Code     2  stm32g4xx_hal_uart.o(i.HAL_UART_ErrorCallback)
    HAL_UART_IRQHandler                      0x080049a5   Thumb Code   782  stm32g4xx_hal_uart.o(i.HAL_UART_IRQHandler)
    HAL_UART_Init                            0x08004cc1   Thumb Code   106  stm32g4xx_hal_uart.o(i.HAL_UART_Init)
    HAL_UART_MspInit                         0x08004d2d   Thumb Code   128  usart.o(i.HAL_UART_MspInit)
    HAL_UART_Receive_IT                      0x08004db9   Thumb Code    66  stm32g4xx_hal_uart.o(i.HAL_UART_Receive_IT)
    HAL_UART_RxCpltCallback                  0x08004e01   Thumb Code    42  main.o(i.HAL_UART_RxCpltCallback)
    HAL_UART_Transmit_IT                     0x08004e39   Thumb Code   134  stm32g4xx_hal_uart.o(i.HAL_UART_Transmit_IT)
    HAL_UART_TxCpltCallback                  0x08004ed1   Thumb Code     2  main.o(i.HAL_UART_TxCpltCallback)
    HardFault_Handler                        0x08004ed3   Thumb Code     2  stm32g4xx_it.o(i.HardFault_Handler)
    Iabc_to_Idq                              0x08004ed5   Thumb Code   150  Signalprocess.o(i.Iabc_to_Idq)
    LEDA_set                                 0x08004f75   Thumb Code    12  test.o(i.LEDA_set)
    LEDB_set                                 0x08004f85   Thumb Code    12  test.o(i.LEDB_set)
    MX_ADC1_Init                             0x08004ff9   Thumb Code   228  adc.o(i.MX_ADC1_Init)
    MX_DMA_Init                              0x080050f5   Thumb Code   104  dma.o(i.MX_DMA_Init)
    MX_GPIO_Init                             0x08005161   Thumb Code   270  gpio.o(i.MX_GPIO_Init)
    MX_SPI1_Init                             0x0800527d   Thumb Code    70  spi.o(i.MX_SPI1_Init)
    MX_TIM15_Init                            0x080052cd   Thumb Code   102  tim.o(i.MX_TIM15_Init)
    MX_TIM1_Init                             0x0800533d   Thumb Code   246  tim.o(i.MX_TIM1_Init)
    MX_TIM2_Init                             0x0800543d   Thumb Code   100  tim.o(i.MX_TIM2_Init)
    MX_TIM3_Init                             0x080054a5   Thumb Code    98  tim.o(i.MX_TIM3_Init)
    MX_TIM4_Init                             0x08005511   Thumb Code    96  tim.o(i.MX_TIM4_Init)
    MX_USART1_UART_Init                      0x08005579   Thumb Code    94  usart.o(i.MX_USART1_UART_Init)
    MemManage_Handler                        0x080055e1   Thumb Code     2  stm32g4xx_it.o(i.MemManage_Handler)
    NMI_Handler                              0x080055e3   Thumb Code     2  stm32g4xx_it.o(i.NMI_Handler)
    PI_Current_pos                           0x080055e5   Thumb Code   146  controller.o(i.PI_Current_pos)
    PI_Speed_pos                             0x0800567d   Thumb Code    42  controller.o(i.PI_Speed_pos)
    PWM_Enable                               0x080056a7   Thumb Code    60  svpwm.o(i.PWM_Enable)
    PendSV_Handler                           0x080056e3   Thumb Code     2  stm32g4xx_it.o(i.PendSV_Handler)
    SPI1_IRQHandler                          0x080056e5   Thumb Code     6  stm32g4xx_it.o(i.SPI1_IRQHandler)
    SVC_Handler                              0x08005a55   Thumb Code     2  stm32g4xx_it.o(i.SVC_Handler)
    SVPWM_GENER                              0x08005a59   Thumb Code   586  svpwm.o(i.SVPWM_GENER)
    SVPWM_Init                               0x08005cbd   Thumb Code    28  svpwm.o(i.SVPWM_Init)
    Sector                                   0x08005ce1   Thumb Code    64  svpwm.o(i.Sector)
    Speed_PI_Init                            0x08005d21   Thumb Code    38  controller.o(i.Speed_PI_Init)
    Speed_RX_Analysis                        0x08005d55   Thumb Code   146  controller.o(i.Speed_RX_Analysis)
    SysTick_Handler                          0x08005ded   Thumb Code     4  stm32g4xx_it.o(i.SysTick_Handler)
    SystemClock_Config                       0x08005df1   Thumb Code   104  main.o(i.SystemClock_Config)
    SystemInit                               0x08005e59   Thumb Code    12  system_stm32g4xx.o(i.SystemInit)
    TIM1_BRK_TIM15_IRQHandler                0x08005e69   Thumb Code    18  stm32g4xx_it.o(i.TIM1_BRK_TIM15_IRQHandler)
    TIM2_IRQHandler                          0x08005e85   Thumb Code     6  stm32g4xx_it.o(i.TIM2_IRQHandler)
    TIM3_IRQHandler                          0x08005e91   Thumb Code     6  stm32g4xx_it.o(i.TIM3_IRQHandler)
    TIM4_IRQHandler                          0x08005e9d   Thumb Code     6  stm32g4xx_it.o(i.TIM4_IRQHandler)
    TIM_Base_SetConfig                       0x08005ea9   Thumb Code   160  stm32g4xx_hal_tim.o(i.TIM_Base_SetConfig)
    TIM_CCxChannelCmd                        0x08005f65   Thumb Code    26  stm32g4xx_hal_tim.o(i.TIM_CCxChannelCmd)
    TIM_ETR_SetConfig                        0x08005f99   Thumb Code    20  stm32g4xx_hal_tim.o(i.TIM_ETR_SetConfig)
    TIM_OC2_SetConfig                        0x0800605d   Thumb Code   120  stm32g4xx_hal_tim.o(i.TIM_OC2_SetConfig)
    UART_AdvFeatureConfig                    0x08006379   Thumb Code   200  stm32g4xx_hal_uart.o(i.UART_AdvFeatureConfig)
    UART_CheckIdleState                      0x08006441   Thumb Code   172  stm32g4xx_hal_uart.o(i.UART_CheckIdleState)
    UART_SetConfig                           0x08006a21   Thumb Code   582  stm32g4xx_hal_uart.o(i.UART_SetConfig)
    UART_Start_Receive_IT                    0x08006c95   Thumb Code   256  stm32g4xx_hal_uart.o(i.UART_Start_Receive_IT)
    UART_WaitOnFlagUntilTimeout              0x08006f17   Thumb Code   148  stm32g4xx_hal_uart.o(i.UART_WaitOnFlagUntilTimeout)
    USART1_IRQHandler                        0x08006fad   Thumb Code     6  stm32g4xx_it.o(i.USART1_IRQHandler)
    UsageFault_Handler                       0x08006fb9   Thumb Code     2  stm32g4xx_it.o(i.UsageFault_Handler)
    __ARM_fpclassify                         0x08006fbb   Thumb Code    48  fpclassify.o(i.__ARM_fpclassify)
    _is_digit                                0x0800700b   Thumb Code    14  __printf_wp.o(i._is_digit)
    absolute_angle                           0x08007019   Thumb Code    38  Signalprocess.o(i.absolute_angle)
    main                                     0x08007049   Thumb Code   184  main.o(i.main)
    pow_loop                                 0x08007119   Thumb Code    24  controller.o(i.pow_loop)
    speed_get                                0x08007131   Thumb Code    82  Signalprocess.o(i.speed_get)
    sum_limit                                0x0800718d   Thumb Code    42  controller.o(i.sum_limit)
    _get_lc_numeric                          0x080071b9   Thumb Code    44  lc_numeric_c.o(locale$$code)
    __aeabi_d2f                              0x080071e5   Thumb Code     0  d2f.o(x$fpl$d2f)
    _d2f                                     0x080071e5   Thumb Code    98  d2f.o(x$fpl$d2f)
    __aeabi_dadd                             0x08007249   Thumb Code     0  daddsub_clz.o(x$fpl$dadd)
    _dadd                                    0x08007249   Thumb Code   332  daddsub_clz.o(x$fpl$dadd)
    __aeabi_ui2d                             0x08007399   Thumb Code     0  dflt_clz.o(x$fpl$dfltu)
    _dfltu                                   0x08007399   Thumb Code    38  dflt_clz.o(x$fpl$dfltu)
    __aeabi_dmul                             0x080073c1   Thumb Code     0  dmul.o(x$fpl$dmul)
    _dmul                                    0x080073c1   Thumb Code   332  dmul.o(x$fpl$dmul)
    __fpl_dnaninf                            0x08007515   Thumb Code   156  dnaninf.o(x$fpl$dnaninf)
    __fpl_dretinf                            0x080075b1   Thumb Code    12  dretinf.o(x$fpl$dretinf)
    __aeabi_dsub                             0x080075bd   Thumb Code     0  daddsub_clz.o(x$fpl$dsub)
    _dsub                                    0x080075bd   Thumb Code   464  daddsub_clz.o(x$fpl$dsub)
    __aeabi_f2d                              0x08007791   Thumb Code     0  f2d.o(x$fpl$f2d)
    _f2d                                     0x08007791   Thumb Code    86  f2d.o(x$fpl$f2d)
    __fpl_fnaninf                            0x080077e7   Thumb Code   140  fnaninf.o(x$fpl$fnaninf)
    _fp_init                                 0x08007873   Thumb Code    10  fpinit.o(x$fpl$fpinit)
    __fplib_config_fpu_vfp                   0x0800787b   Thumb Code     0  fpinit.o(x$fpl$fpinit)
    __fplib_config_pureend_doubles           0x0800787b   Thumb Code     0  fpinit.o(x$fpl$fpinit)
    __fpl_fretinf                            0x0800787d   Thumb Code    10  fretinf.o(x$fpl$fretinf)
    _printf_fp_dec                           0x08007887   Thumb Code     4  printf1.o(x$fpl$printf1)
    AHBPrescTable                            0x0800788a   Data          16  system_stm32g4xx.o(.constdata)
    __I$use$fp                               0x0800788a   Number         0  usenofp.o(x$fpl$usenofp)
    APBPrescTable                            0x0800789a   Data           8  system_stm32g4xx.o(.constdata)
    UARTPrescTable                           0x080078a2   Data          24  stm32g4xx_hal_uart.o(.constdata)
    sinTable_f32                             0x08007960   Data        2052  arm_common_tables.o(.rodata.sinTable_f32)
    Region$$Table$$Base                      0x08008164   Number         0  anon$$obj.o(Region$$Table)
    Region$$Table$$Limit                     0x08008184   Number         0  anon$$obj.o(Region$$Table)
    d1                                       0x20000000   Data           1  main.o(.data)
    d0                                       0x20000002   Data           2  main.o(.data)
    rx_Data                                  0x20000004   Data           4  main.o(.data)
    SystemCoreClock                          0x20000008   Data           4  system_stm32g4xx.o(.data)
    uwTickPrio                               0x2000000c   Data           4  stm32g4xx_hal.o(.data)
    uwTickFreq                               0x20000010   Data           4  stm32g4xx_hal.o(.data)
    uwTick                                   0x20000014   Data           4  stm32g4xx_hal.o(.data)
    hadc1                                    0x200000ec   Data         108  adc.o(.bss)
    hdma_adc1                                0x20000158   Data          96  adc.o(.bss)
    prob                                     0x200001b8   Data          12  main.o(.bss)
    Analog_InitStructure                     0x200001c4   Data          56  main.o(.bss)
    SVPWM_InitStructure                      0x200001fc   Data          32  main.o(.bss)
    hpi_current                              0x2000021c   Data          48  main.o(.bss)
    hpi_speed                                0x2000024c   Data          20  main.o(.bss)
    hspi1                                    0x20000260   Data         100  spi.o(.bss)
    hdma_spi1_rx                             0x200002c4   Data          96  spi.o(.bss)
    hdma_spi1_tx                             0x20000324   Data          96  spi.o(.bss)
    htim1                                    0x20000384   Data          76  tim.o(.bss)
    htim2                                    0x200003d0   Data          76  tim.o(.bss)
    htim3                                    0x2000041c   Data          76  tim.o(.bss)
    htim4                                    0x20000468   Data          76  tim.o(.bss)
    htim15                                   0x200004b4   Data          76  tim.o(.bss)
    huart1                                   0x20000500   Data         148  usart.o(.bss)
    __libspace_start                         0x200005a0   Data          96  libspace.o(.bss)
    __temporary_stack_top$libspace           0x20000600   Data           0  libspace.o(.bss)



==============================================================================

Memory Map of the image

  Image Entry point : 0x080001d9

  Load Region LR_IROM1 (Base: 0x08000000, Size: 0x0000828c, Max: 0x00020000, ABSOLUTE)

    Execution Region ER_IROM1 (Base: 0x08000000, Size: 0x000081a0, Max: 0x00020000, ABSOLUTE)

    Base Addr    Size         Type   Attr      Idx    E Section Name        Object

    0x08000000   0x000001d8   Data   RO         5070    RESET               startup_stm32g431xx.o
    0x080001d8   0x00000008   Code   RO         5230  * !!!main             c_w.l(__main.o)
    0x080001e0   0x00000034   Code   RO         5478    !!!scatter          c_w.l(__scatter.o)
    0x08000214   0x0000001a   Code   RO         5480    !!handler_copy      c_w.l(__scatter_copy.o)
    0x0800022e   0x00000002   PAD
    0x08000230   0x0000001c   Code   RO         5482    !!handler_zi        c_w.l(__scatter_zi.o)
    0x0800024c   0x00000000   Code   RO         5221    .ARM.Collect$$_printf_percent$$00000000  c_w.l(_printf_percent.o)
    0x0800024c   0x00000006   Code   RO         5220    .ARM.Collect$$_printf_percent$$00000003  c_w.l(_printf_f.o)
    0x08000252   0x00000004   Code   RO         5263    .ARM.Collect$$_printf_percent$$00000017  c_w.l(_printf_percent_end.o)
    0x08000256   0x00000002   Code   RO         5351    .ARM.Collect$$libinit$$00000000  c_w.l(libinit.o)
    0x08000258   0x00000004   Code   RO         5352    .ARM.Collect$$libinit$$00000001  c_w.l(libinit2.o)
    0x0800025c   0x00000000   Code   RO         5355    .ARM.Collect$$libinit$$00000004  c_w.l(libinit2.o)
    0x0800025c   0x00000000   Code   RO         5358    .ARM.Collect$$libinit$$0000000A  c_w.l(libinit2.o)
    0x0800025c   0x00000000   Code   RO         5360    .ARM.Collect$$libinit$$0000000C  c_w.l(libinit2.o)
    0x0800025c   0x00000000   Code   RO         5362    .ARM.Collect$$libinit$$0000000E  c_w.l(libinit2.o)
    0x0800025c   0x00000006   Code   RO         5363    .ARM.Collect$$libinit$$0000000F  c_w.l(libinit2.o)
    0x08000262   0x00000000   Code   RO         5365    .ARM.Collect$$libinit$$00000011  c_w.l(libinit2.o)
    0x08000262   0x00000000   Code   RO         5367    .ARM.Collect$$libinit$$00000013  c_w.l(libinit2.o)
    0x08000262   0x00000000   Code   RO         5369    .ARM.Collect$$libinit$$00000015  c_w.l(libinit2.o)
    0x08000262   0x0000000a   Code   RO         5370    .ARM.Collect$$libinit$$00000016  c_w.l(libinit2.o)
    0x0800026c   0x00000000   Code   RO         5371    .ARM.Collect$$libinit$$00000017  c_w.l(libinit2.o)
    0x0800026c   0x00000000   Code   RO         5373    .ARM.Collect$$libinit$$00000019  c_w.l(libinit2.o)
    0x0800026c   0x00000000   Code   RO         5375    .ARM.Collect$$libinit$$0000001B  c_w.l(libinit2.o)
    0x0800026c   0x00000000   Code   RO         5377    .ARM.Collect$$libinit$$0000001D  c_w.l(libinit2.o)
    0x0800026c   0x00000000   Code   RO         5379    .ARM.Collect$$libinit$$0000001F  c_w.l(libinit2.o)
    0x0800026c   0x00000000   Code   RO         5381    .ARM.Collect$$libinit$$00000021  c_w.l(libinit2.o)
    0x0800026c   0x00000000   Code   RO         5383    .ARM.Collect$$libinit$$00000023  c_w.l(libinit2.o)
    0x0800026c   0x00000000   Code   RO         5385    .ARM.Collect$$libinit$$00000025  c_w.l(libinit2.o)
    0x0800026c   0x00000000   Code   RO         5389    .ARM.Collect$$libinit$$0000002C  c_w.l(libinit2.o)
    0x0800026c   0x00000000   Code   RO         5391    .ARM.Collect$$libinit$$0000002E  c_w.l(libinit2.o)
    0x0800026c   0x00000000   Code   RO         5393    .ARM.Collect$$libinit$$00000030  c_w.l(libinit2.o)
    0x0800026c   0x00000000   Code   RO         5395    .ARM.Collect$$libinit$$00000032  c_w.l(libinit2.o)
    0x0800026c   0x00000002   Code   RO         5396    .ARM.Collect$$libinit$$00000033  c_w.l(libinit2.o)
    0x0800026e   0x00000002   Code   RO         5443    .ARM.Collect$$libshutdown$$00000000  c_w.l(libshutdown.o)
    0x08000270   0x00000000   Code   RO         5461    .ARM.Collect$$libshutdown$$00000002  c_w.l(libshutdown2.o)
    0x08000270   0x00000000   Code   RO         5463    .ARM.Collect$$libshutdown$$00000004  c_w.l(libshutdown2.o)
    0x08000270   0x00000000   Code   RO         5466    .ARM.Collect$$libshutdown$$00000007  c_w.l(libshutdown2.o)
    0x08000270   0x00000000   Code   RO         5469    .ARM.Collect$$libshutdown$$0000000A  c_w.l(libshutdown2.o)
    0x08000270   0x00000000   Code   RO         5471    .ARM.Collect$$libshutdown$$0000000C  c_w.l(libshutdown2.o)
    0x08000270   0x00000000   Code   RO         5474    .ARM.Collect$$libshutdown$$0000000F  c_w.l(libshutdown2.o)
    0x08000270   0x00000002   Code   RO         5475    .ARM.Collect$$libshutdown$$00000010  c_w.l(libshutdown2.o)
    0x08000272   0x00000000   Code   RO         5252    .ARM.Collect$$rtentry$$00000000  c_w.l(__rtentry.o)
    0x08000272   0x00000000   Code   RO         5274    .ARM.Collect$$rtentry$$00000002  c_w.l(__rtentry2.o)
    0x08000272   0x00000006   Code   RO         5286    .ARM.Collect$$rtentry$$00000004  c_w.l(__rtentry4.o)
    0x08000278   0x00000000   Code   RO         5276    .ARM.Collect$$rtentry$$00000009  c_w.l(__rtentry2.o)
    0x08000278   0x00000004   Code   RO         5277    .ARM.Collect$$rtentry$$0000000A  c_w.l(__rtentry2.o)
    0x0800027c   0x00000000   Code   RO         5279    .ARM.Collect$$rtentry$$0000000C  c_w.l(__rtentry2.o)
    0x0800027c   0x00000008   Code   RO         5280    .ARM.Collect$$rtentry$$0000000D  c_w.l(__rtentry2.o)
    0x08000284   0x00000002   Code   RO         5397    .ARM.Collect$$rtexit$$00000000  c_w.l(rtexit.o)
    0x08000286   0x00000000   Code   RO         5412    .ARM.Collect$$rtexit$$00000002  c_w.l(rtexit2.o)
    0x08000286   0x00000004   Code   RO         5413    .ARM.Collect$$rtexit$$00000003  c_w.l(rtexit2.o)
    0x0800028a   0x00000006   Code   RO         5414    .ARM.Collect$$rtexit$$00000004  c_w.l(rtexit2.o)
    0x08000290   0x00000040   Code   RO         5071    .text               startup_stm32g431xx.o
    0x080002d0   0x000000ee   Code   RO         5192    .text               c_w.l(lludivv7m.o)
    0x080003be   0x00000002   PAD
    0x080003c0   0x00000028   Code   RO         5196    .text               c_w.l(noretval__2sprintf.o)
    0x080003e8   0x0000010e   Code   RO         5208    .text               c_w.l(__printf_wp.o)
    0x080004f6   0x0000003e   Code   RO         5222    .text               c_w.l(strlen.o)
    0x08000534   0x00000064   Code   RO         5224    .text               c_w.l(rt_memcpy_w.o)
    0x08000598   0x0000004e   Code   RO         5226    .text               c_w.l(rt_memclr_w.o)
    0x080005e6   0x00000006   Code   RO         5228    .text               c_w.l(heapauxi.o)
    0x080005ec   0x0000041e   Code   RO         5257    .text               c_w.l(_printf_fp_dec.o)
    0x08000a0a   0x00000002   PAD
    0x08000a0c   0x00000030   Code   RO         5259    .text               c_w.l(_printf_char_common.o)
    0x08000a3c   0x0000000a   Code   RO         5261    .text               c_w.l(_sputc.o)
    0x08000a46   0x00000002   PAD
    0x08000a48   0x00000008   Code   RO         5293    .text               c_w.l(rt_locale_intlibspace.o)
    0x08000a50   0x0000008a   Code   RO         5295    .text               c_w.l(lludiv10.o)
    0x08000ada   0x00000002   PAD
    0x08000adc   0x00000080   Code   RO         5297    .text               c_w.l(_printf_fp_infnan.o)
    0x08000b5c   0x000000e4   Code   RO         5301    .text               c_w.l(bigflt0.o)
    0x08000c40   0x00000008   Code   RO         5333    .text               c_w.l(libspace.o)
    0x08000c48   0x0000004a   Code   RO         5336    .text               c_w.l(sys_stackheap_outer.o)
    0x08000c92   0x00000012   Code   RO         5338    .text               c_w.l(exit.o)
    0x08000ca4   0x00000080   Code   RO         5344    .text               c_w.l(strcmpv7m.o)
    0x08000d24   0x0000000c   Code   RO         5409    .text               c_w.l(sys_exit.o)
    0x08000d30   0x00000002   Code   RO         5430    .text               c_w.l(use_no_semi.o)
    0x08000d32   0x00000000   Code   RO         5432    .text               c_w.l(indicate_semi.o)
    0x08000d32   0x00000002   PAD
    0x08000d34   0x000000a0   Code   RO         5076    .text.arm_cos_f32   arm_cortexM4lf_math.lib(arm_cos_f32.o)
    0x08000dd4   0x00000098   Code   RO         5086    .text.arm_sin_f32   arm_cortexM4lf_math.lib(arm_sin_f32.o)
    0x08000e6c   0x0000003e   Code   RO         5304    CL$$btod_d2e        c_w.l(btod.o)
    0x08000eaa   0x00000046   Code   RO         5306    CL$$btod_d2e_denorm_low  c_w.l(btod.o)
    0x08000ef0   0x00000060   Code   RO         5305    CL$$btod_d2e_norm_op1  c_w.l(btod.o)
    0x08000f50   0x00000338   Code   RO         5314    CL$$btod_div_common  c_w.l(btod.o)
    0x08001288   0x000000dc   Code   RO         5311    CL$$btod_e2e        c_w.l(btod.o)
    0x08001364   0x0000002a   Code   RO         5308    CL$$btod_ediv       c_w.l(btod.o)
    0x0800138e   0x0000002a   Code   RO         5307    CL$$btod_emul       c_w.l(btod.o)
    0x080013b8   0x00000244   Code   RO         5313    CL$$btod_mult_common  c_w.l(btod.o)
    0x080015fc   0x0000000c   Code   RO          410    i.ADC1_2_IRQHandler  stm32g4xx_it.o
    0x08001608   0x00000068   Code   RO          963    i.ADC_DMAConvCplt   stm32g4xx_hal_adc.o
    0x08001670   0x0000001a   Code   RO          964    i.ADC_DMAError      stm32g4xx_hal_adc.o
    0x0800168a   0x0000000a   Code   RO          965    i.ADC_DMAHalfConvCplt  stm32g4xx_hal_adc.o
    0x08001694   0x00000070   Code   RO          966    i.ADC_Disable       stm32g4xx_hal_adc.o
    0x08001704   0x000000ac   Code   RO          967    i.ADC_Enable        stm32g4xx_hal_adc.o
    0x080017b0   0x0000001a   Code   RO         4714    i.ADC_Init          Signalprocess.o
    0x080017ca   0x00000002   PAD
    0x080017cc   0x0000002c   Code   RO         4715    i.AS5048A_Init      Signalprocess.o
    0x080017f8   0x00000030   Code   RO         4716    i.Analog_Init       Signalprocess.o
    0x08001828   0x00000002   Code   RO          411    i.BusFault_Handler  stm32g4xx_it.o
    0x0800182a   0x0000000e   Code   RO         4798    i.CTRLA_VBUS        controller.o
    0x08001838   0x0000005c   Code   RO         4800    i.Current_PI_Init   controller.o
    0x08001894   0x000000ec   Code   RO         4718    i.Current_transform  Signalprocess.o
    0x08001980   0x0000000c   Code   RO          412    i.DMA1_Channel1_IRQHandler  stm32g4xx_it.o
    0x0800198c   0x0000000c   Code   RO          413    i.DMA1_Channel2_IRQHandler  stm32g4xx_it.o
    0x08001998   0x0000000c   Code   RO          414    i.DMA2_Channel1_IRQHandler  stm32g4xx_it.o
    0x080019a4   0x00000040   Code   RO         1553    i.DMA_CalcDMAMUXChannelBaseAndMask  stm32g4xx_hal_dma.o
    0x080019e4   0x00000024   Code   RO         1554    i.DMA_CalcDMAMUXRequestGenBaseAndMask  stm32g4xx_hal_dma.o
    0x08001a08   0x0000003e   Code   RO         1555    i.DMA_SetConfig     stm32g4xx_hal_dma.o
    0x08001a46   0x00000002   PAD
    0x08001a48   0x000001a0   Code   RO         4896    i.Data_print        serial.o
    0x08001be8   0x00000002   Code   RO          415    i.DebugMon_Handler  stm32g4xx_it.o
    0x08001bea   0x00000016   Code   RO          416    i.EXTI15_10_IRQHandler  stm32g4xx_it.o
    0x08001c00   0x00000008   Code   RO          417    i.EXTI9_5_IRQHandler  stm32g4xx_it.o
    0x08001c08   0x00000004   Code   RO          219    i.Error_Handler     main.o
    0x08001c0c   0x00000094   Code   RO         1200    i.HAL_ADCEx_Calibration_Start  stm32g4xx_hal_adc_ex.o
    0x08001ca0   0x00000002   Code   RO         1204    i.HAL_ADCEx_EndOfSamplingCallback  stm32g4xx_hal_adc_ex.o
    0x08001ca2   0x00000002   Code   RO         1207    i.HAL_ADCEx_InjectedConvCpltCallback  stm32g4xx_hal_adc_ex.o
    0x08001ca4   0x00000002   Code   RO         1210    i.HAL_ADCEx_InjectedQueueOverflowCallback  stm32g4xx_hal_adc_ex.o
    0x08001ca6   0x00000002   Code   RO         1215    i.HAL_ADCEx_LevelOutOfWindow2Callback  stm32g4xx_hal_adc_ex.o
    0x08001ca8   0x00000002   Code   RO         1216    i.HAL_ADCEx_LevelOutOfWindow3Callback  stm32g4xx_hal_adc_ex.o
    0x08001caa   0x00000002   PAD
    0x08001cac   0x000000d8   Code   RO         1217    i.HAL_ADCEx_MultiModeConfigChannel  stm32g4xx_hal_adc_ex.o
    0x08001d84   0x00000424   Code   RO          969    i.HAL_ADC_ConfigChannel  stm32g4xx_hal_adc.o
    0x080021a8   0x00000002   Code   RO          220    i.HAL_ADC_ConvCpltCallback  main.o
    0x080021aa   0x00000002   Code   RO          971    i.HAL_ADC_ConvHalfCpltCallback  stm32g4xx_hal_adc.o
    0x080021ac   0x00000002   Code   RO          973    i.HAL_ADC_ErrorCallback  stm32g4xx_hal_adc.o
    0x080021ae   0x00000002   PAD
    0x080021b0   0x0000026c   Code   RO          977    i.HAL_ADC_IRQHandler  stm32g4xx_hal_adc.o
    0x0800241c   0x000001f4   Code   RO          978    i.HAL_ADC_Init      stm32g4xx_hal_adc.o
    0x08002610   0x00000002   Code   RO          979    i.HAL_ADC_LevelOutOfWindowCallback  stm32g4xx_hal_adc.o
    0x08002612   0x00000002   PAD
    0x08002614   0x000000e4   Code   RO            5    i.HAL_ADC_MspInit   adc.o
    0x080026f8   0x000000f0   Code   RO          986    i.HAL_ADC_Start_DMA  stm32g4xx_hal_adc.o
    0x080027e8   0x0000006a   Code   RO         1556    i.HAL_DMA_Abort     stm32g4xx_hal_dma.o
    0x08002852   0x00000078   Code   RO         1557    i.HAL_DMA_Abort_IT  stm32g4xx_hal_dma.o
    0x080028ca   0x000000ba   Code   RO         1561    i.HAL_DMA_IRQHandler  stm32g4xx_hal_dma.o
    0x08002984   0x000000c0   Code   RO         1562    i.HAL_DMA_Init      stm32g4xx_hal_dma.o
    0x08002a44   0x0000008c   Code   RO         1566    i.HAL_DMA_Start_IT  stm32g4xx_hal_dma.o
    0x08002ad0   0x00000094   Code   RO          221    i.HAL_GPIO_EXTI_Callback  main.o
    0x08002b64   0x00000018   Code   RO         2019    i.HAL_GPIO_EXTI_IRQHandler  stm32g4xx_hal_gpio.o
    0x08002b7c   0x00000248   Code   RO         2020    i.HAL_GPIO_Init     stm32g4xx_hal_gpio.o
    0x08002dc4   0x0000000a   Code   RO         2024    i.HAL_GPIO_WritePin  stm32g4xx_hal_gpio.o
    0x08002dce   0x00000002   PAD
    0x08002dd0   0x0000000c   Code   RO          721    i.HAL_GetTick       stm32g4xx_hal.o
    0x08002ddc   0x00000010   Code   RO          727    i.HAL_IncTick       stm32g4xx_hal.o
    0x08002dec   0x0000001e   Code   RO          728    i.HAL_Init          stm32g4xx_hal.o
    0x08002e0a   0x00000002   PAD
    0x08002e0c   0x00000044   Code   RO          729    i.HAL_InitTick      stm32g4xx_hal.o
    0x08002e50   0x00000040   Code   RO          386    i.HAL_MspInit       stm32g4xx_hal_msp.o
    0x08002e90   0x0000001a   Code   RO         1413    i.HAL_NVIC_EnableIRQ  stm32g4xx_hal_cortex.o
    0x08002eaa   0x00000002   PAD
    0x08002eac   0x00000040   Code   RO         1419    i.HAL_NVIC_SetPriority  stm32g4xx_hal_cortex.o
    0x08002eec   0x00000024   Code   RO         1420    i.HAL_NVIC_SetPriorityGrouping  stm32g4xx_hal_cortex.o
    0x08002f10   0x000000bc   Code   RO         2198    i.HAL_PWREx_ControlVoltageScaling  stm32g4xx_hal_pwr_ex.o
    0x08002fcc   0x00000010   Code   RO         2210    i.HAL_PWREx_DisableUCPDDeadBattery  stm32g4xx_hal_pwr_ex.o
    0x08002fdc   0x00000288   Code   RO         2563    i.HAL_RCCEx_PeriphCLKConfig  stm32g4xx_hal_rcc_ex.o
    0x08003264   0x000001dc   Code   RO         2438    i.HAL_RCC_ClockConfig  stm32g4xx_hal_rcc.o
    0x08003440   0x00000024   Code   RO         2446    i.HAL_RCC_GetPCLK1Freq  stm32g4xx_hal_rcc.o
    0x08003464   0x00000024   Code   RO         2447    i.HAL_RCC_GetPCLK2Freq  stm32g4xx_hal_rcc.o
    0x08003488   0x0000006c   Code   RO         2448    i.HAL_RCC_GetSysClockFreq  stm32g4xx_hal_rcc.o
    0x080034f4   0x00000404   Code   RO         2451    i.HAL_RCC_OscConfig  stm32g4xx_hal_rcc.o
    0x080038f8   0x00000002   Code   RO         2684    i.HAL_SPI_ErrorCallback  stm32g4xx_hal_spi.o
    0x080038fa   0x00000002   PAD
    0x080038fc   0x000000fc   Code   RO         2687    i.HAL_SPI_IRQHandler  stm32g4xx_hal_spi.o
    0x080039f8   0x000000ea   Code   RO         2688    i.HAL_SPI_Init      stm32g4xx_hal_spi.o
    0x08003ae2   0x00000002   PAD
    0x08003ae4   0x000000e8   Code   RO          345    i.HAL_SPI_MspInit   spi.o
    0x08003bcc   0x00000002   Code   RO         2694    i.HAL_SPI_RxCpltCallback  stm32g4xx_hal_spi.o
    0x08003bce   0x00000002   Code   RO         2695    i.HAL_SPI_RxHalfCpltCallback  stm32g4xx_hal_spi.o
    0x08003bd0   0x000001b4   Code   RO         2698    i.HAL_SPI_TransmitReceive_DMA  stm32g4xx_hal_spi.o
    0x08003d84   0x00000044   Code   RO          222    i.HAL_SPI_TxRxCpltCallback  main.o
    0x08003dc8   0x00000002   Code   RO         2705    i.HAL_SPI_TxRxHalfCpltCallback  stm32g4xx_hal_spi.o
    0x08003dca   0x00000002   PAD
    0x08003dcc   0x00000010   Code   RO          738    i.HAL_SYSCFG_DisableVREFBUF  stm32g4xx_hal.o
    0x08003ddc   0x00000014   Code   RO          743    i.HAL_SYSCFG_VREFBUF_HighImpedanceConfig  stm32g4xx_hal.o
    0x08003df0   0x00000028   Code   RO         1424    i.HAL_SYSTICK_Config  stm32g4xx_hal_cortex.o
    0x08003e18   0x00000002   Code   RO         3744    i.HAL_TIMEx_Break2Callback  stm32g4xx_hal_tim_ex.o
    0x08003e1a   0x00000002   Code   RO         3745    i.HAL_TIMEx_BreakCallback  stm32g4xx_hal_tim_ex.o
    0x08003e1c   0x00000002   Code   RO         3746    i.HAL_TIMEx_CommutCallback  stm32g4xx_hal_tim_ex.o
    0x08003e1e   0x00000002   PAD
    0x08003e20   0x0000009c   Code   RO         3749    i.HAL_TIMEx_ConfigBreakDeadTime  stm32g4xx_hal_tim_ex.o
    0x08003ebc   0x00000002   Code   RO         3757    i.HAL_TIMEx_DirectionChangeCallback  stm32g4xx_hal_tim_ex.o
    0x08003ebe   0x00000002   Code   RO         3771    i.HAL_TIMEx_EncoderIndexCallback  stm32g4xx_hal_tim_ex.o
    0x08003ec0   0x00000002   Code   RO         3785    i.HAL_TIMEx_IndexErrorCallback  stm32g4xx_hal_tim_ex.o
    0x08003ec2   0x00000002   PAD
    0x08003ec4   0x0000009c   Code   RO         3786    i.HAL_TIMEx_MasterConfigSynchronization  stm32g4xx_hal_tim_ex.o
    0x08003f60   0x000000b8   Code   RO         3798    i.HAL_TIMEx_PWMN_Start  stm32g4xx_hal_tim_ex.o
    0x08004018   0x00000002   Code   RO         3807    i.HAL_TIMEx_TransitionErrorCallback  stm32g4xx_hal_tim_ex.o
    0x0800401a   0x00000062   Code   RO         3030    i.HAL_TIM_Base_Init  stm32g4xx_hal_tim.o
    0x0800407c   0x000000c8   Code   RO          597    i.HAL_TIM_Base_MspInit  tim.o
    0x08004144   0x0000006c   Code   RO         3033    i.HAL_TIM_Base_Start  stm32g4xx_hal_tim.o
    0x080041b0   0x00000078   Code   RO         3035    i.HAL_TIM_Base_Start_IT  stm32g4xx_hal_tim.o
    0x08004228   0x00000030   Code   RO         3038    i.HAL_TIM_Base_Stop_IT  stm32g4xx_hal_tim.o
    0x08004258   0x00000100   Code   RO         3039    i.HAL_TIM_ConfigClockSource  stm32g4xx_hal_tim.o
    0x08004358   0x00000002   Code   RO         3064    i.HAL_TIM_IC_CaptureCallback  stm32g4xx_hal_tim.o
    0x0800435a   0x000001a2   Code   RO         3078    i.HAL_TIM_IRQHandler  stm32g4xx_hal_tim.o
    0x080044fc   0x0000007c   Code   RO          598    i.HAL_TIM_MspPostInit  tim.o
    0x08004578   0x00000002   Code   RO         3081    i.HAL_TIM_OC_DelayElapsedCallback  stm32g4xx_hal_tim.o
    0x0800457a   0x00000124   Code   RO         3102    i.HAL_TIM_PWM_ConfigChannel  stm32g4xx_hal_tim.o
    0x0800469e   0x00000062   Code   RO         3105    i.HAL_TIM_PWM_Init  stm32g4xx_hal_tim.o
    0x08004700   0x00000002   Code   RO         3107    i.HAL_TIM_PWM_MspInit  stm32g4xx_hal_tim.o
    0x08004702   0x00000002   Code   RO         3108    i.HAL_TIM_PWM_PulseFinishedCallback  stm32g4xx_hal_tim.o
    0x08004704   0x000000fc   Code   RO         3110    i.HAL_TIM_PWM_Start  stm32g4xx_hal_tim.o
    0x08004800   0x000000c0   Code   RO          223    i.HAL_TIM_PeriodElapsedCallback  main.o
    0x080048c0   0x00000002   Code   RO         3121    i.HAL_TIM_TriggerCallback  stm32g4xx_hal_tim.o
    0x080048c2   0x0000003e   Code   RO         4593    i.HAL_UARTEx_DisableFifoMode  stm32g4xx_hal_uart_ex.o
    0x08004900   0x00000002   Code   RO         4182    i.HAL_UARTEx_RxEventCallback  stm32g4xx_hal_uart.o
    0x08004902   0x00000002   Code   RO         4601    i.HAL_UARTEx_RxFifoFullCallback  stm32g4xx_hal_uart_ex.o
    0x08004904   0x0000004c   Code   RO         4602    i.HAL_UARTEx_SetRxFifoThreshold  stm32g4xx_hal_uart_ex.o
    0x08004950   0x0000004c   Code   RO         4603    i.HAL_UARTEx_SetTxFifoThreshold  stm32g4xx_hal_uart_ex.o
    0x0800499c   0x00000002   Code   RO         4605    i.HAL_UARTEx_TxFifoEmptyCallback  stm32g4xx_hal_uart_ex.o
    0x0800499e   0x00000002   Code   RO         4606    i.HAL_UARTEx_WakeupCallback  stm32g4xx_hal_uart_ex.o
    0x080049a0   0x00000002   Code   RO         4198    i.HAL_UART_ErrorCallback  stm32g4xx_hal_uart.o
    0x080049a2   0x00000002   PAD
    0x080049a4   0x0000031c   Code   RO         4201    i.HAL_UART_IRQHandler  stm32g4xx_hal_uart.o
    0x08004cc0   0x0000006a   Code   RO         4202    i.HAL_UART_Init     stm32g4xx_hal_uart.o
    0x08004d2a   0x00000002   PAD
    0x08004d2c   0x0000008c   Code   RO          669    i.HAL_UART_MspInit  usart.o
    0x08004db8   0x00000048   Code   RO         4207    i.HAL_UART_Receive_IT  stm32g4xx_hal_uart.o
    0x08004e00   0x00000038   Code   RO          224    i.HAL_UART_RxCpltCallback  main.o
    0x08004e38   0x00000098   Code   RO         4213    i.HAL_UART_Transmit_IT  stm32g4xx_hal_uart.o
    0x08004ed0   0x00000002   Code   RO          225    i.HAL_UART_TxCpltCallback  main.o
    0x08004ed2   0x00000002   Code   RO          418    i.HardFault_Handler  stm32g4xx_it.o
    0x08004ed4   0x000000a0   Code   RO         4719    i.Iabc_to_Idq       Signalprocess.o
    0x08004f74   0x00000010   Code   RO         4971    i.LEDA_set          test.o
    0x08004f84   0x00000010   Code   RO         4972    i.LEDB_set          test.o
    0x08004f94   0x0000000c   Code   RO          992    i.LL_ADC_GetOffsetChannel  stm32g4xx_hal_adc.o
    0x08004fa0   0x00000008   Code   RO          993    i.LL_ADC_INJ_IsConversionOngoing  stm32g4xx_hal_adc.o
    0x08004fa8   0x00000008   Code   RO          994    i.LL_ADC_REG_IsConversionOngoing  stm32g4xx_hal_adc.o
    0x08004fb0   0x00000008   Code   RO         1227    i.LL_ADC_REG_IsConversionOngoing  stm32g4xx_hal_adc_ex.o
    0x08004fb8   0x00000010   Code   RO          995    i.LL_ADC_REG_IsTriggerSourceSWStart  stm32g4xx_hal_adc.o
    0x08004fc8   0x0000001e   Code   RO          997    i.LL_ADC_SetChannelSamplingTime  stm32g4xx_hal_adc.o
    0x08004fe6   0x00000010   Code   RO          998    i.LL_ADC_SetOffsetState  stm32g4xx_hal_adc.o
    0x08004ff6   0x00000002   PAD
    0x08004ff8   0x000000fc   Code   RO            6    i.MX_ADC1_Init      adc.o
    0x080050f4   0x0000006c   Code   RO          165    i.MX_DMA_Init       dma.o
    0x08005160   0x0000011c   Code   RO          192    i.MX_GPIO_Init      gpio.o
    0x0800527c   0x00000050   Code   RO          346    i.MX_SPI1_Init      spi.o
    0x080052cc   0x00000070   Code   RO          599    i.MX_TIM15_Init     tim.o
    0x0800533c   0x00000100   Code   RO          600    i.MX_TIM1_Init      tim.o
    0x0800543c   0x00000068   Code   RO          601    i.MX_TIM2_Init      tim.o
    0x080054a4   0x0000006c   Code   RO          602    i.MX_TIM3_Init      tim.o
    0x08005510   0x00000068   Code   RO          603    i.MX_TIM4_Init      tim.o
    0x08005578   0x00000068   Code   RO          670    i.MX_USART1_UART_Init  usart.o
    0x080055e0   0x00000002   Code   RO          419    i.MemManage_Handler  stm32g4xx_it.o
    0x080055e2   0x00000002   Code   RO          420    i.NMI_Handler       stm32g4xx_it.o
    0x080055e4   0x00000098   Code   RO         4804    i.PI_Current_pos    controller.o
    0x0800567c   0x0000002a   Code   RO         4805    i.PI_Speed_pos      controller.o
    0x080056a6   0x0000003c   Code   RO         4924    i.PWM_Enable        svpwm.o
    0x080056e2   0x00000002   Code   RO          421    i.PendSV_Handler    stm32g4xx_it.o
    0x080056e4   0x0000000c   Code   RO          422    i.SPI1_IRQHandler   stm32g4xx_it.o
    0x080056f0   0x00000012   Code   RO         2715    i.SPI_DMAAbortOnError  stm32g4xx_hal_spi.o
    0x08005702   0x00000022   Code   RO         2716    i.SPI_DMAError      stm32g4xx_hal_spi.o
    0x08005724   0x0000000a   Code   RO         2717    i.SPI_DMAHalfReceiveCplt  stm32g4xx_hal_spi.o
    0x0800572e   0x0000000a   Code   RO         2719    i.SPI_DMAHalfTransmitReceiveCplt  stm32g4xx_hal_spi.o
    0x08005738   0x0000006c   Code   RO         2720    i.SPI_DMAReceiveCplt  stm32g4xx_hal_spi.o
    0x080057a4   0x0000005c   Code   RO         2723    i.SPI_DMATransmitReceiveCplt  stm32g4xx_hal_spi.o
    0x08005800   0x00000074   Code   RO         2725    i.SPI_EndRxTransaction  stm32g4xx_hal_spi.o
    0x08005874   0x00000048   Code   RO         2726    i.SPI_EndRxTxTransaction  stm32g4xx_hal_spi.o
    0x080058bc   0x000000e0   Code   RO         2731    i.SPI_WaitFifoStateUntilTimeout  stm32g4xx_hal_spi.o
    0x0800599c   0x000000b8   Code   RO         2732    i.SPI_WaitFlagStateUntilTimeout  stm32g4xx_hal_spi.o
    0x08005a54   0x00000002   Code   RO          423    i.SVC_Handler       stm32g4xx_it.o
    0x08005a56   0x00000002   PAD
    0x08005a58   0x00000264   Code   RO         4925    i.SVPWM_GENER       svpwm.o
    0x08005cbc   0x00000024   Code   RO         4926    i.SVPWM_Init        svpwm.o
    0x08005ce0   0x00000040   Code   RO         4927    i.Sector            svpwm.o
    0x08005d20   0x00000034   Code   RO         4806    i.Speed_PI_Init     controller.o
    0x08005d54   0x00000098   Code   RO         4807    i.Speed_RX_Analysis  controller.o
    0x08005dec   0x00000004   Code   RO          424    i.SysTick_Handler   stm32g4xx_it.o
    0x08005df0   0x00000068   Code   RO          226    i.SystemClock_Config  main.o
    0x08005e58   0x00000010   Code   RO          559    i.SystemInit        system_stm32g4xx.o
    0x08005e68   0x0000001c   Code   RO          425    i.TIM1_BRK_TIM15_IRQHandler  stm32g4xx_it.o
    0x08005e84   0x0000000c   Code   RO          426    i.TIM2_IRQHandler   stm32g4xx_it.o
    0x08005e90   0x0000000c   Code   RO          427    i.TIM3_IRQHandler   stm32g4xx_it.o
    0x08005e9c   0x0000000c   Code   RO          428    i.TIM4_IRQHandler   stm32g4xx_it.o
    0x08005ea8   0x000000bc   Code   RO         3123    i.TIM_Base_SetConfig  stm32g4xx_hal_tim.o
    0x08005f64   0x0000001a   Code   RO         3124    i.TIM_CCxChannelCmd  stm32g4xx_hal_tim.o
    0x08005f7e   0x0000001a   Code   RO         3810    i.TIM_CCxNChannelCmd  stm32g4xx_hal_tim_ex.o
    0x08005f98   0x00000014   Code   RO         3134    i.TIM_ETR_SetConfig  stm32g4xx_hal_tim.o
    0x08005fac   0x00000014   Code   RO         3135    i.TIM_ITRx_SetConfig  stm32g4xx_hal_tim.o
    0x08005fc0   0x0000009c   Code   RO         3136    i.TIM_OC1_SetConfig  stm32g4xx_hal_tim.o
    0x0800605c   0x00000090   Code   RO         3137    i.TIM_OC2_SetConfig  stm32g4xx_hal_tim.o
    0x080060ec   0x00000090   Code   RO         3138    i.TIM_OC3_SetConfig  stm32g4xx_hal_tim.o
    0x0800617c   0x00000090   Code   RO         3139    i.TIM_OC4_SetConfig  stm32g4xx_hal_tim.o
    0x0800620c   0x00000070   Code   RO         3140    i.TIM_OC5_SetConfig  stm32g4xx_hal_tim.o
    0x0800627c   0x00000070   Code   RO         3141    i.TIM_OC6_SetConfig  stm32g4xx_hal_tim.o
    0x080062ec   0x00000022   Code   RO         3143    i.TIM_TI1_ConfigInputStage  stm32g4xx_hal_tim.o
    0x0800630e   0x00000024   Code   RO         3145    i.TIM_TI2_ConfigInputStage  stm32g4xx_hal_tim.o
    0x08006332   0x00000002   PAD
    0x08006334   0x00000044   Code   RO         4607    i.UARTEx_SetNbDataToProcess  stm32g4xx_hal_uart_ex.o
    0x08006378   0x000000c8   Code   RO         4216    i.UART_AdvFeatureConfig  stm32g4xx_hal_uart.o
    0x08006440   0x000000ac   Code   RO         4217    i.UART_CheckIdleState  stm32g4xx_hal_uart.o
    0x080064ec   0x00000010   Code   RO         4218    i.UART_DMAAbortOnError  stm32g4xx_hal_uart.o
    0x080064fc   0x00000054   Code   RO         4228    i.UART_EndRxTransfer  stm32g4xx_hal_uart.o
    0x08006550   0x000000c8   Code   RO         4230    i.UART_RxISR_16BIT  stm32g4xx_hal_uart.o
    0x08006618   0x000001a0   Code   RO         4231    i.UART_RxISR_16BIT_FIFOEN  stm32g4xx_hal_uart.o
    0x080067b8   0x000000c8   Code   RO         4232    i.UART_RxISR_8BIT   stm32g4xx_hal_uart.o
    0x08006880   0x000001a0   Code   RO         4233    i.UART_RxISR_8BIT_FIFOEN  stm32g4xx_hal_uart.o
    0x08006a20   0x00000274   Code   RO         4234    i.UART_SetConfig    stm32g4xx_hal_uart.o
    0x08006c94   0x00000110   Code   RO         4236    i.UART_Start_Receive_IT  stm32g4xx_hal_uart.o
    0x08006da4   0x00000052   Code   RO         4237    i.UART_TxISR_16BIT  stm32g4xx_hal_uart.o
    0x08006df6   0x00000002   PAD
    0x08006df8   0x0000006a   Code   RO         4238    i.UART_TxISR_16BIT_FIFOEN  stm32g4xx_hal_uart.o
    0x08006e62   0x0000004e   Code   RO         4239    i.UART_TxISR_8BIT   stm32g4xx_hal_uart.o
    0x08006eb0   0x00000066   Code   RO         4240    i.UART_TxISR_8BIT_FIFOEN  stm32g4xx_hal_uart.o
    0x08006f16   0x00000094   Code   RO         4241    i.UART_WaitOnFlagUntilTimeout  stm32g4xx_hal_uart.o
    0x08006faa   0x00000002   PAD
    0x08006fac   0x0000000c   Code   RO          429    i.USART1_IRQHandler  stm32g4xx_it.o
    0x08006fb8   0x00000002   Code   RO          430    i.UsageFault_Handler  stm32g4xx_it.o
    0x08006fba   0x00000030   Code   RO         5331    i.__ARM_fpclassify  m_wm.l(fpclassify.o)
    0x08006fea   0x00000020   Code   RO         1426    i.__NVIC_SetPriority  stm32g4xx_hal_cortex.o
    0x0800700a   0x0000000e   Code   RO         5210    i._is_digit         c_w.l(__printf_wp.o)
    0x08007018   0x00000030   Code   RO         4721    i.absolute_angle    Signalprocess.o
    0x08007048   0x000000d0   Code   RO          227    i.main              main.o
    0x08007118   0x00000018   Code   RO         4808    i.pow_loop          controller.o
    0x08007130   0x0000005c   Code   RO         4722    i.speed_get         Signalprocess.o
    0x0800718c   0x0000002a   Code   RO         4809    i.sum_limit         controller.o
    0x080071b6   0x00000002   PAD
    0x080071b8   0x0000002c   Code   RO         5327    locale$$code        c_w.l(lc_numeric_c.o)
    0x080071e4   0x00000062   Code   RO         5232    x$fpl$d2f           fz_wm.l(d2f.o)
    0x08007246   0x00000002   PAD
    0x08007248   0x00000150   Code   RO         5234    x$fpl$dadd          fz_wm.l(daddsub_clz.o)
    0x08007398   0x00000026   Code   RO         5240    x$fpl$dfltu         fz_wm.l(dflt_clz.o)
    0x080073be   0x00000002   PAD
    0x080073c0   0x00000154   Code   RO         5246    x$fpl$dmul          fz_wm.l(dmul.o)
    0x08007514   0x0000009c   Code   RO         5264    x$fpl$dnaninf       fz_wm.l(dnaninf.o)
    0x080075b0   0x0000000c   Code   RO         5266    x$fpl$dretinf       fz_wm.l(dretinf.o)
    0x080075bc   0x000001d4   Code   RO         5236    x$fpl$dsub          fz_wm.l(daddsub_clz.o)
    0x08007790   0x00000056   Code   RO         5248    x$fpl$f2d           fz_wm.l(f2d.o)
    0x080077e6   0x0000008c   Code   RO         5268    x$fpl$fnaninf       fz_wm.l(fnaninf.o)
    0x08007872   0x0000000a   Code   RO         5407    x$fpl$fpinit        fz_wm.l(fpinit.o)
    0x0800787c   0x0000000a   Code   RO         5270    x$fpl$fretinf       fz_wm.l(fretinf.o)
    0x08007886   0x00000004   Code   RO         5250    x$fpl$printf1       fz_wm.l(printf1.o)
    0x0800788a   0x00000000   Code   RO         5272    x$fpl$usenofp       fz_wm.l(usenofp.o)
    0x0800788a   0x00000010   Data   RO          560    .constdata          system_stm32g4xx.o
    0x0800789a   0x00000008   Data   RO          561    .constdata          system_stm32g4xx.o
    0x080078a2   0x00000018   Data   RO         4242    .constdata          stm32g4xx_hal_uart.o
    0x080078ba   0x00000010   Data   RO         4608    .constdata          stm32g4xx_hal_uart_ex.o
    0x080078ca   0x00000002   PAD
    0x080078cc   0x00000094   Data   RO         5302    .constdata          c_w.l(bigflt0.o)
    0x08007960   0x00000804   Data   RO         5182    .rodata.sinTable_f32  arm_cortexM4lf_math.lib(arm_common_tables.o)
    0x08008164   0x00000020   Data   RO         5476    Region$$Table       anon$$obj.o
    0x08008184   0x0000001c   Data   RO         5326    locale$$data        c_w.l(lc_numeric_c.o)


    Execution Region RW_IRAM1 (Base: 0x20000000, Size: 0x00000c00, Max: 0x00008000, ABSOLUTE)

    Base Addr    Size         Type   Attr      Idx    E Section Name        Object

    0x20000000   0x00000008   Data   RW          230    .data               main.o
    0x20000008   0x00000004   Data   RW          562    .data               system_stm32g4xx.o
    0x2000000c   0x0000000c   Data   RW          748    .data               stm32g4xx_hal.o
    0x20000018   0x0000000c   Data   RW         4724    .data               Signalprocess.o
    0x20000024   0x000000c8   Data   RW         4897    .data               serial.o
    0x200000ec   0x000000cc   Zero   RW            7    .bss                adc.o
    0x200001b8   0x000000a8   Zero   RW          228    .bss                main.o
    0x20000260   0x00000124   Zero   RW          347    .bss                spi.o
    0x20000384   0x0000017c   Zero   RW          604    .bss                tim.o
    0x20000500   0x00000094   Zero   RW          671    .bss                usart.o
    0x20000594   0x0000000c   Zero   RW         4723    .bss                Signalprocess.o
    0x200005a0   0x00000060   Zero   RW         5334    .bss                c_w.l(libspace.o)
    0x20000600   0x00000200   Zero   RW         5069    HEAP                startup_stm32g431xx.o
    0x20000800   0x00000400   Zero   RW         5068    STACK               startup_stm32g431xx.o


==============================================================================

Image component sizes


      Code (inc. data)   RO Data    RW Data    ZI Data      Debug   Object Name

       654         60          0         12         12       6475   Signalprocess.o
       480         42          0          0        204     689372   adc.o
       570         48          0          0          0       6424   controller.o
       108          4          0          0          0        890   dma.o
       284         14          0          0          0       1059   gpio.o
       784        124          0          8        168       8809   main.o
       416         86          0        200          0       1317   serial.o
       312         28          0          0        292       1943   spi.o
        64         26        472          0       1536        824   startup_stm32g431xx.o
       162         30          0         12          0       4938   stm32g4xx_hal.o
      2940        146          0          0          0      83104   stm32g4xx_hal_adc.o
       382         18          0          0          0      72234   stm32g4xx_hal_adc_ex.o
       198         14          0          0          0      33947   stm32g4xx_hal_cortex.o
       906         30          0          0          0       6690   stm32g4xx_hal_dma.o
       618         40          0          0          0       3023   stm32g4xx_hal_gpio.o
        64          4          0          0          0        910   stm32g4xx_hal_msp.o
       204         18          0          0          0       1433   stm32g4xx_hal_pwr_ex.o
      1684         88          0          0          0       6360   stm32g4xx_hal_rcc.o
       648         10          0          0          0       1912   stm32g4xx_hal_rcc_ex.o
      1798         38          0          0          0      13759   stm32g4xx_hal_spi.o
      2836        282          0          0          0      20638   stm32g4xx_hal_tim.o
       536         58          0          0          0       7975   stm32g4xx_hal_tim_ex.o
      4250        162         24          0          0      39059   stm32g4xx_hal_uart.o
       288          6         16          0          0       5486   stm32g4xx_hal_uart_ex.o
       186         64          0          0          0      10211   stm32g4xx_it.o
       772         42          0          0          0      17233   svpwm.o
        16          4         24          4          0       1171   system_stm32g4xx.o
        32          8          0          0          0        982   test.o
      1008         74          0          0        380       5574   tim.o
       244         22          0          0        148       1858   usart.o

    ----------------------------------------------------------------------
     23486       1590        570        236       2740    1055610   Object Totals
         0          0         32          0          0          0   (incl. Generated)
        42          0          2          0          0          0   (incl. Padding)

    ----------------------------------------------------------------------

      Code (inc. data)   RO Data    RW Data    ZI Data      Debug   Library Member Name

         0          0       2052          0          0       4961   arm_common_tables.o
       160         12          0          0          0       1103   arm_cos_f32.o
       152         12          0          0          0       1098   arm_sin_f32.o
         8          0          0          0          0         68   __main.o
       284          0          0          0          0        156   __printf_wp.o
         0          0          0          0          0          0   __rtentry.o
        12          0          0          0          0          0   __rtentry2.o
         6          0          0          0          0          0   __rtentry4.o
        52          8          0          0          0          0   __scatter.o
        26          0          0          0          0          0   __scatter_copy.o
        28          0          0          0          0          0   __scatter_zi.o
        48          6          0          0          0         96   _printf_char_common.o
         6          0          0          0          0          0   _printf_f.o
      1054          0          0          0          0        216   _printf_fp_dec.o
       128         16          0          0          0         84   _printf_fp_infnan.o
         0          0          0          0          0          0   _printf_percent.o
         4          0          0          0          0          0   _printf_percent_end.o
        10          0          0          0          0         68   _sputc.o
       228          4        148          0          0         96   bigflt0.o
      1936        128          0          0          0        672   btod.o
        18          0          0          0          0         80   exit.o
         6          0          0          0          0        152   heapauxi.o
         0          0          0          0          0          0   indicate_semi.o
        44         10         28          0          0         76   lc_numeric_c.o
         2          0          0          0          0          0   libinit.o
        22          0          0          0          0          0   libinit2.o
         2          0          0          0          0          0   libshutdown.o
         2          0          0          0          0          0   libshutdown2.o
         8          4          0          0         96         68   libspace.o
       138          0          0          0          0         80   lludiv10.o
       238          0          0          0          0        100   lludivv7m.o
        40          6          0          0          0         84   noretval__2sprintf.o
         8          4          0          0          0         68   rt_locale_intlibspace.o
        78          0          0          0          0         80   rt_memclr_w.o
       100          0          0          0          0         80   rt_memcpy_w.o
         2          0          0          0          0          0   rtexit.o
        10          0          0          0          0          0   rtexit2.o
       128          0          0          0          0         68   strcmpv7m.o
        62          0          0          0          0         76   strlen.o
        12          4          0          0          0         68   sys_exit.o
        74          0          0          0          0         80   sys_stackheap_outer.o
         2          0          0          0          0         68   use_no_semi.o
        98          4          0          0          0        140   d2f.o
       804         16          0          0          0        368   daddsub_clz.o
        38          0          0          0          0        116   dflt_clz.o
       340         12          0          0          0        152   dmul.o
       156          4          0          0          0        140   dnaninf.o
        12          0          0          0          0        116   dretinf.o
        86          4          0          0          0        132   f2d.o
       140          4          0          0          0        132   fnaninf.o
        10          0          0          0          0        116   fpinit.o
        10          0          0          0          0        116   fretinf.o
         4          0          0          0          0        116   printf1.o
         0          0          0          0          0          0   usenofp.o
        48          0          0          0          0        124   fpclassify.o

    ----------------------------------------------------------------------
      6900        258       2228          0         96      11614   Library Totals
        16          0          0          0          0          0   (incl. Padding)

    ----------------------------------------------------------------------

      Code (inc. data)   RO Data    RW Data    ZI Data      Debug   Library Name

       312         24       2052          0          0       7162   arm_cortexM4lf_math.lib
      4826        190        176          0         96       2684   c_w.l
      1698         44          0          0          0       1644   fz_wm.l
        48          0          0          0          0        124   m_wm.l

    ----------------------------------------------------------------------
      6900        258       2228          0         96      11614   Library Totals

    ----------------------------------------------------------------------

==============================================================================


      Code (inc. data)   RO Data    RW Data    ZI Data      Debug   

     30386       1848       2798        236       2836    1045252   Grand Totals
     30386       1848       2798        236       2836    1045252   ELF Image Totals
     30386       1848       2798        236          0          0   ROM Totals

==============================================================================

    Total RO  Size (Code + RO Data)                33184 (  32.41kB)
    Total RW  Size (RW Data + ZI Data)              3072 (   3.00kB)
    Total ROM Size (Code + RO Data + RW Data)      33420 (  32.64kB)

==============================================================================

